{
  _type: 'element',
  tags: null,
  links: null,
  viewOf: 'feature2Building.faces',
  _stage: 'layouted',
  sourcePath: 'views/simulation-data-flow.c4',
  description: null,
  title: 'Faces',
  id: 'facesDetails',
  autoLayout: {
    direction: 'LR',
    nodeSep: 55,
    rankSep: 80,
  },
  hash: '-co-B7osfpRzIkctaKmqwG8D38DGce4DCneRYT4J7rY',
  bounds: {
    x: 0,
    y: 0,
    width: 921,
    height: 527,
  },
  nodes: [
    {
      id: 'feature2Building.constructionArchetype',
      parent: null,
      level: 0,
      children: [],
      inEdges: [],
      outEdges: [
        'y97kb',
      ],
      title: 'Construction Archetype',
      modelRef: 'feature2Building.constructionArchetype',
      shape: 'rectangle',
      color: 'domain',
      style: {
        opacity: 15,
        size: 'xs',
      },
      description: {
        txt: 'Construction properties assigned to ZoneConstruction and Faces',
      },
      tags: [],
      kind: 'domainObject',
      x: 0,
      y: 69,
      width: 180,
      height: 100,
      labelBBox: {
        x: 15,
        y: 40,
        width: 150,
        height: 18,
      },
    },
    {
      id: 'feature2Building.faces',
      parent: null,
      level: 0,
      children: [
        'feature2Building.faces.materialInfo',
        'feature2Building.faces.contextInfo',
        'feature2Building.faces.geometryInfo',
        'feature2Building.faces.windowInfo',
      ],
      inEdges: [
        'y97kb',
      ],
      outEdges: [],
      title: 'Faces',
      modelRef: 'feature2Building.faces',
      shape: 'rectangle',
      color: 'domain',
      style: {
        opacity: 15,
        size: 'xs',
        multiple: true,
      },
      description: {
        txt: 'Multiple geometric faces owned by Zones',
      },
      tags: [],
      kind: 'domainObject',
      depth: 1,
      x: 392,
      y: 8,
      width: 521,
      height: 511,
      labelBBox: {
        x: 6,
        y: 0,
        width: 41,
        height: 15,
      },
    },
    {
      id: 'feature2Building.faces.materialInfo',
      parent: 'feature2Building.faces',
      level: 1,
      children: [],
      inEdges: [
        'y97kb',
      ],
      outEdges: [],
      title: 'Material Info',
      modelRef: 'feature2Building.faces.materialInfo',
      shape: 'rectangle',
      color: 'muted',
      style: {
        opacity: 15,
        size: 'xs',
      },
      description: {
        txt: 'Material properties associated with a Face',
      },
      tags: [],
      kind: 'data',
      x: 432,
      y: 69,
      width: 180,
      height: 100,
      labelBBox: {
        x: 49,
        y: 40,
        width: 81,
        height: 18,
      },
    },
    {
      id: 'feature2Building.faces.contextInfo',
      parent: 'feature2Building.faces',
      level: 1,
      children: [],
      inEdges: [],
      outEdges: [],
      title: 'Context Info',
      modelRef: 'feature2Building.faces.contextInfo',
      shape: 'rectangle',
      color: 'muted',
      style: {
        opacity: 15,
        size: 'xs',
      },
      description: {
        txt: 'Contextual information associated with a Face',
      },
      tags: [],
      kind: 'data',
      x: 432,
      y: 379,
      width: 180,
      height: 100,
      labelBBox: {
        x: 50,
        y: 40,
        width: 79,
        height: 18,
      },
    },
    {
      id: 'feature2Building.faces.geometryInfo',
      parent: 'feature2Building.faces',
      level: 1,
      children: [],
      inEdges: [],
      outEdges: [],
      title: 'Geometry Info',
      modelRef: 'feature2Building.faces.geometryInfo',
      shape: 'rectangle',
      color: 'muted',
      style: {
        opacity: 15,
        size: 'xs',
      },
      description: {
        txt: 'Geometric information associated with a Face',
      },
      tags: [],
      kind: 'data',
      x: 432,
      y: 224,
      width: 180,
      height: 100,
      labelBBox: {
        x: 43,
        y: 40,
        width: 93,
        height: 18,
      },
    },
    {
      id: 'feature2Building.faces.windowInfo',
      parent: 'feature2Building.faces',
      level: 1,
      children: [],
      inEdges: [],
      outEdges: [],
      title: 'Window Info',
      modelRef: 'feature2Building.faces.windowInfo',
      shape: 'rectangle',
      color: 'muted',
      style: {
        opacity: 15,
        size: 'xs',
      },
      description: {
        txt: 'Window information associated with a Face',
      },
      tags: [],
      kind: 'data',
      x: 693,
      y: 379,
      width: 180,
      height: 100,
      labelBBox: {
        x: 49,
        y: 40,
        width: 81,
        height: 18,
      },
    },
  ],
  edges: [
    {
      id: 'y97kb',
      source: 'feature2Building.constructionArchetype',
      target: 'feature2Building.faces.materialInfo',
      label: 'supplies U Value + WWR',
      points: [
        [
          180,
          119,
        ],
        [
          260,
          119,
        ],
        [
          341,
          119,
        ],
        [
          421,
          119,
        ],
      ],
      labelBBox: {
        x: 220,
        y: 97,
        width: 162,
        height: 18,
      },
      parent: null,
      relations: [
        '1r218kh',
      ],
      color: 'gray',
      line: 'dashed',
      head: 'normal',
    },
  ],
}
