{
  _type: 'element',
  tags: null,
  links: null,
  viewOf: 'feature2Building',
  _stage: 'layouted',
  sourcePath: 'views/simulation-data-flow.c4',
  description: null,
  title: 'Feature2Building (F2B)',
  id: 'feature2BuildingDetails',
  autoLayout: {
    direction: 'LR',
    nodeSep: 55,
    rankSep: 80,
  },
  hash: 'X0p3eui1XP59EluU8virHUEz8ZV77j-vejNRqKyu7eY',
  bounds: {
    x: 0,
    y: 0,
    width: 2048,
    height: 1017,
  },
  nodes: [
    {
      id: 'preprocessing',
      parent: null,
      level: 0,
      children: [],
      inEdges: [],
      outEdges: [
        '1p461sc',
      ],
      title: 'Preprocessing',
      modelRef: 'preprocessing',
      shape: 'rectangle',
      color: 'processing',
      icon: 'gcp:dataflow',
      style: {
        opacity: 15,
        size: 'sm',
      },
      description: {
        txt: 'Schema matching, geometric preprocessing, and archetype assignment',
      },
      tags: [],
      technology: 'Dataflow',
      kind: 'stage',
      x: 0,
      y: 452,
      width: 258,
      height: 135,
      labelBBox: {
        x: 34,
        y: 24,
        width: 208,
        height: 85,
      },
    },
    {
      id: 'feature2Building',
      parent: null,
      level: 0,
      children: [
        'feature2Building.feature',
        'feature2Building.constructionArchetype',
        'feature2Building.systemsArchetype',
        'feature2Building.energyLoadsArchetype',
        'feature2Building.building',
        'feature2Building.zones',
        'feature2Building.faces',
      ],
      inEdges: [
        '1p461sc',
      ],
      outEdges: [
        '14yp105',
        'nhnyoq',
        '1qc1mjl',
        '3sc04q',
      ],
      title: 'Feature2Building (F2B)',
      modelRef: 'feature2Building',
      shape: 'rectangle',
      color: 'processing',
      icon: 'gcp:cloud-functions',
      style: {
        border: 'solid',
        opacity: 12,
        size: 'sm',
      },
      description: {
        txt: 'Builds domain objects and archetype assignments from a preprocessed Feature',
      },
      tags: [],
      technology: 'Cloud Functions',
      kind: 'stage',
      depth: 1,
      x: 346,
      y: 176,
      width: 1694,
      height: 666,
      labelBBox: {
        x: 6,
        y: -1,
        width: 146,
        height: 15,
      },
    },
    {
      id: 'feature2Building.feature',
      parent: 'feature2Building',
      level: 1,
      children: [],
      inEdges: [
        '1p461sc',
      ],
      outEdges: [
        '1jkmmbq',
        '17x8l65',
        'kdogq4',
        '184evqg',
      ],
      title: 'Feature',
      modelRef: 'feature2Building.feature',
      shape: 'rectangle',
      color: 'domain',
      style: {
        opacity: 15,
        size: 'xs',
      },
      description: {
        txt: 'Preprocessed geospatial feature used to construct and characterize a Building',
      },
      tags: [],
      kind: 'domainObject',
      x: 386,
      y: 470,
      width: 180,
      height: 100,
      labelBBox: {
        x: 64,
        y: 39,
        width: 52,
        height: 18,
      },
    },
    {
      id: 'feature2Building.constructionArchetype',
      parent: 'feature2Building',
      level: 1,
      children: [],
      inEdges: [
        '1jkmmbq',
      ],
      outEdges: [
        'kqkupr',
        'kz0fz4',
      ],
      title: 'Construction Archetype',
      modelRef: 'feature2Building.constructionArchetype',
      shape: 'rectangle',
      color: 'domain',
      style: {
        opacity: 15,
        size: 'xs',
      },
      description: {
        txt: 'Construction properties assigned to ZoneConstruction and Faces',
      },
      tags: [],
      kind: 'domainObject',
      x: 842,
      y: 547,
      width: 180,
      height: 100,
      labelBBox: {
        x: 15,
        y: 39,
        width: 150,
        height: 18,
      },
    },
    {
      id: 'feature2Building.systemsArchetype',
      parent: 'feature2Building',
      level: 1,
      children: [],
      inEdges: [
        '17x8l65',
      ],
      outEdges: [
        '14wk31w',
      ],
      title: 'Systems Archetype',
      modelRef: 'feature2Building.systemsArchetype',
      shape: 'rectangle',
      color: 'domain',
      style: {
        opacity: 15,
        size: 'xs',
      },
      description: {
        txt: 'Conditioning-system properties assigned to per-Zone Systems',
      },
      tags: [],
      kind: 'domainObject',
      x: 842,
      y: 392,
      width: 180,
      height: 100,
      labelBBox: {
        x: 27,
        y: 39,
        width: 125,
        height: 18,
      },
    },
    {
      id: 'feature2Building.energyLoadsArchetype',
      parent: 'feature2Building',
      level: 1,
      children: [],
      inEdges: [
        'kdogq4',
      ],
      outEdges: [
        '1vaxmtx',
        '14yp105',
      ],
      title: 'Energy Loads Archetype',
      modelRef: 'feature2Building.energyLoadsArchetype',
      shape: 'rectangle',
      color: 'domain',
      style: {
        opacity: 15,
        size: 'xs',
      },
      description: {
        txt: 'Energy-load schedules assigned to per-Zone Energy Loads',
      },
      tags: [],
      kind: 'domainObject',
      x: 842,
      y: 237,
      width: 180,
      height: 100,
      labelBBox: {
        x: 11,
        y: 39,
        width: 157,
        height: 18,
      },
    },
    {
      id: 'feature2Building.building',
      parent: 'feature2Building',
      level: 1,
      children: [],
      inEdges: [
        '184evqg',
      ],
      outEdges: [
        'ce9j9t',
        'nhnyoq',
      ],
      title: 'Building',
      modelRef: 'feature2Building.building',
      shape: 'rectangle',
      color: 'domain',
      style: {
        opacity: 15,
        size: 'xs',
      },
      description: {
        txt: 'Simulation-domain building constructed from Feature geometry',
      },
      tags: [],
      kind: 'domainObject',
      x: 842,
      y: 702,
      width: 180,
      height: 100,
      labelBBox: {
        x: 63,
        y: 39,
        width: 54,
        height: 18,
      },
    },
    {
      id: 'feature2Building.zones',
      parent: 'feature2Building',
      level: 1,
      children: [],
      inEdges: [
        'kqkupr',
        '14wk31w',
        '1vaxmtx',
        'ce9j9t',
      ],
      outEdges: [
        'wg229h',
        '1qc1mjl',
        '3sc04q',
      ],
      title: 'Zones',
      modelRef: 'feature2Building.zones',
      shape: 'rectangle',
      color: 'domain',
      style: {
        opacity: 15,
        size: 'xs',
        multiple: true,
      },
      description: {
        txt: 'Multiple simulation zones owned by a Building, each with construction, systems, and energy-load components',
      },
      tags: [],
      kind: 'domainObject',
      navigateTo: 'zonesDetails',
      isCustomized: true,
      x: 1328,
      y: 492,
      width: 180,
      height: 100,
      labelBBox: {
        x: 69,
        y: 39,
        width: 43,
        height: 18,
      },
    },
    {
      id: 'feature2Building.faces',
      parent: 'feature2Building',
      level: 1,
      children: [],
      inEdges: [
        'kz0fz4',
        'wg229h',
      ],
      outEdges: [],
      title: 'Faces',
      modelRef: 'feature2Building.faces',
      shape: 'rectangle',
      color: 'domain',
      style: {
        opacity: 15,
        size: 'xs',
        multiple: true,
      },
      description: {
        txt: 'Multiple geometric faces owned by Zones',
      },
      tags: [],
      kind: 'domainObject',
      navigateTo: 'facesDetails',
      isCustomized: true,
      x: 1820,
      y: 492,
      width: 180,
      height: 100,
      labelBBox: {
        x: 69,
        y: 39,
        width: 42,
        height: 18,
      },
    },
    {
      id: 'definitionTables',
      parent: null,
      level: 0,
      children: [],
      inEdges: [
        'nhnyoq',
        '1qc1mjl',
      ],
      outEdges: [],
      title: 'Definition Tables',
      modelRef: 'definitionTables',
      shape: 'storage',
      color: 'gray',
      icon: 'gcp:bigtable',
      style: {
        opacity: 15,
        size: 'sm',
      },
      description: {
        txt: 'Building and Zone definitions',
      },
      tags: [],
      technology: 'Bigtable',
      kind: 'system',
      navigateTo: 'definitionTablesDetails',
      x: 1783,
      y: 882,
      width: 254,
      height: 135,
      labelBBox: {
        x: 34,
        y: 38,
        width: 205,
        height: 57,
      },
    },
    {
      id: 'simulation',
      parent: null,
      level: 0,
      children: [],
      inEdges: [
        '14yp105',
        '3sc04q',
      ],
      outEdges: [],
      title: 'Simulation',
      modelRef: 'simulation',
      shape: 'rectangle',
      color: 'processing',
      icon: 'gcp:compute-engine',
      style: {
        opacity: 15,
        size: 'sm',
      },
      description: {
        txt: 'Boundary-condition preparation, Zone5R1C execution, and result aggregation',
      },
      tags: [],
      technology: 'Compute Engine',
      kind: 'stage',
      navigateTo: 'simulationDetails',
      x: 1774,
      y: 0,
      width: 272,
      height: 135,
      labelBBox: {
        x: 34,
        y: 24,
        width: 223,
        height: 85,
      },
    },
  ],
  edges: [
    {
      id: '1p461sc',
      source: 'preprocessing',
      target: 'feature2Building.feature',
      label: 'emits',
      points: [
        [
          258,
          520,
        ],
        [
          297,
          520,
        ],
        [
          336,
          520,
        ],
        [
          375,
          520,
        ],
      ],
      labelBBox: {
        x: 298,
        y: 498,
        width: 37,
        height: 18,
      },
      parent: null,
      relations: [
        '35ntxn',
      ],
      color: 'gray',
      line: 'dashed',
      head: 'normal',
    },
    {
      id: '1jkmmbq',
      source: 'feature2Building.feature',
      target: 'feature2Building.constructionArchetype',
      label: 'emits',
      points: [
        [
          476,
          570,
        ],
        [
          476,
          575,
        ],
        [
          476,
          579,
        ],
        [
          476,
          584,
        ],
        [
          476,
          591,
        ],
        [
          482,
          597,
        ],
        [
          490,
          597,
        ],
        [
          603,
          597,
        ],
        [
          717,
          597,
        ],
        [
          831,
          597,
        ],
      ],
      labelBBox: {
        x: 635,
        y: 575,
        width: 37,
        height: 18,
      },
      parent: 'feature2Building',
      relations: [
        '3bfsbi',
      ],
      color: 'gray',
      line: 'dashed',
      head: 'normal',
    },
    {
      id: '17x8l65',
      source: 'feature2Building.feature',
      target: 'feature2Building.systemsArchetype',
      label: 'emits',
      points: [
        [
          476,
          470,
        ],
        [
          476,
          465,
        ],
        [
          476,
          461,
        ],
        [
          476,
          456,
        ],
        [
          476,
          448,
        ],
        [
          482,
          442,
        ],
        [
          490,
          442,
        ],
        [
          604,
          442,
        ],
        [
          717,
          442,
        ],
        [
          831,
          442,
        ],
      ],
      labelBBox: {
        x: 635,
        y: 420,
        width: 37,
        height: 18,
      },
      parent: 'feature2Building',
      relations: [
        'gakemy',
      ],
      color: 'gray',
      line: 'dashed',
      head: 'normal',
    },
    {
      id: 'kdogq4',
      source: 'feature2Building.feature',
      target: 'feature2Building.energyLoadsArchetype',
      label: 'emits',
      points: [
        [
          460,
          470,
        ],
        [
          460,
          414,
        ],
        [
          460,
          357,
        ],
        [
          460,
          301,
        ],
        [
          460,
          293,
        ],
        [
          466,
          287,
        ],
        [
          474,
          287,
        ],
        [
          593,
          287,
        ],
        [
          712,
          287,
        ],
        [
          831,
          287,
        ],
      ],
      labelBBox: {
        x: 627,
        y: 265,
        width: 37,
        height: 18,
      },
      parent: 'feature2Building',
      relations: [
        '1enqlx6',
      ],
      color: 'gray',
      line: 'dashed',
      head: 'normal',
    },
    {
      id: '184evqg',
      source: 'feature2Building.feature',
      target: 'feature2Building.building',
      label: 'supplies geometric information',
      points: [
        [
          460,
          570,
        ],
        [
          460,
          626,
        ],
        [
          460,
          682,
        ],
        [
          460,
          738,
        ],
        [
          460,
          746,
        ],
        [
          466,
          752,
        ],
        [
          474,
          752,
        ],
        [
          593,
          752,
        ],
        [
          712,
          752,
        ],
        [
          831,
          752,
        ],
      ],
      labelBBox: {
        x: 549,
        y: 730,
        width: 194,
        height: 18,
      },
      parent: 'feature2Building',
      relations: [
        '14clmfa',
      ],
      color: 'gray',
      line: 'dashed',
      head: 'normal',
    },
    {
      id: 'kqkupr',
      source: 'feature2Building.constructionArchetype',
      target: 'feature2Building.zones',
      label: 'supplies Thermal Mass + Infiltration \nRate',
      points: [
        [
          1022,
          570,
        ],
        [
          1120,
          570,
        ],
        [
          1219,
          570,
        ],
        [
          1317,
          570,
        ],
      ],
      labelBBox: {
        x: 1057,
        y: 548,
        width: 225,
        height: 34,
      },
      parent: 'feature2Building',
      relations: [
        '1gm2kzj',
      ],
      color: 'gray',
      line: 'dashed',
      head: 'normal',
    },
    {
      id: 'kz0fz4',
      source: 'feature2Building.constructionArchetype',
      target: 'feature2Building.faces',
      label: 'supplies U Value + WWR',
      points: [
        [
          1022,
          629,
        ],
        [
          1314,
          629,
        ],
        [
          1605,
          629,
        ],
        [
          1897,
          629,
        ],
        [
          1904,
          629,
        ],
        [
          1910,
          623,
        ],
        [
          1910,
          616,
        ],
        [
          1910,
          612,
        ],
        [
          1910,
          607,
        ],
        [
          1910,
          603,
        ],
      ],
      labelBBox: {
        x: 1385,
        y: 607,
        width: 162,
        height: 18,
      },
      parent: 'feature2Building',
      relations: [
        '1r218kh',
      ],
      color: 'gray',
      line: 'dashed',
      head: 'normal',
    },
    {
      id: '14wk31w',
      source: 'feature2Building.systemsArchetype',
      target: 'feature2Building.zones',
      label: 'supplies conditioning systems',
      points: [
        [
          1022,
          442,
        ],
        [
          1149,
          442,
        ],
        [
          1277,
          442,
        ],
        [
          1404,
          442,
        ],
        [
          1412,
          442,
        ],
        [
          1418,
          448,
        ],
        [
          1418,
          456,
        ],
        [
          1418,
          464,
        ],
        [
          1418,
          473,
        ],
        [
          1418,
          481,
        ],
      ],
      labelBBox: {
        x: 1126,
        y: 420,
        width: 189,
        height: 18,
      },
      parent: 'feature2Building',
      relations: [
        'f0hrhj',
      ],
      color: 'gray',
      line: 'dashed',
      head: 'normal',
    },
    {
      id: '1vaxmtx',
      source: 'feature2Building.energyLoadsArchetype',
      target: 'feature2Building.zones',
      label: 'supplies schedules',
      points: [
        [
          1022,
          287,
        ],
        [
          1155,
          287,
        ],
        [
          1287,
          287,
        ],
        [
          1420,
          287,
        ],
        [
          1428,
          287,
        ],
        [
          1434,
          293,
        ],
        [
          1434,
          301,
        ],
        [
          1434,
          361,
        ],
        [
          1434,
          421,
        ],
        [
          1434,
          481,
        ],
      ],
      labelBBox: {
        x: 1167,
        y: 265,
        width: 122,
        height: 18,
      },
      parent: 'feature2Building',
      relations: [
        'e9o5ms',
      ],
      color: 'gray',
      line: 'dashed',
      head: 'normal',
    },
    {
      id: 'ce9j9t',
      source: 'feature2Building.building',
      target: 'feature2Building.zones',
      label: 'owns',
      points: [
        [
          1022,
          752,
        ],
        [
          1149,
          752,
        ],
        [
          1277,
          752,
        ],
        [
          1404,
          752,
        ],
        [
          1412,
          752,
        ],
        [
          1418,
          746,
        ],
        [
          1418,
          738,
        ],
        [
          1418,
          693,
        ],
        [
          1418,
          648,
        ],
        [
          1418,
          603,
        ],
      ],
      labelBBox: {
        x: 1202,
        y: 730,
        width: 37,
        height: 18,
      },
      parent: 'feature2Building',
      relations: [
        'wrp50e',
      ],
      color: 'gray',
      line: 'dashed',
      head: 'normal',
    },
    {
      id: 'wg229h',
      source: 'feature2Building.zones',
      target: 'feature2Building.faces',
      label: 'owns',
      points: [
        [
          1508,
          542,
        ],
        [
          1608,
          542,
        ],
        [
          1709,
          542,
        ],
        [
          1809,
          542,
        ],
      ],
      labelBBox: {
        x: 1640,
        y: 520,
        width: 37,
        height: 18,
      },
      parent: 'feature2Building',
      relations: [
        '1j98crd',
      ],
      color: 'gray',
      line: 'dashed',
      head: 'normal',
    },
    {
      id: '14yp105',
      source: 'feature2Building.energyLoadsArchetype',
      target: 'simulation',
      label: 'supplies External loads',
      points: [
        [
          932,
          237,
        ],
        [
          932,
          185,
        ],
        [
          932,
          134,
        ],
        [
          932,
          82,
        ],
        [
          932,
          74,
        ],
        [
          938,
          68,
        ],
        [
          946,
          68,
        ],
        [
          1218,
          68,
        ],
        [
          1491,
          68,
        ],
        [
          1763,
          68,
        ],
      ],
      labelBBox: {
        x: 1274,
        y: 46,
        width: 148,
        height: 18,
      },
      parent: null,
      relations: [
        '1soz0iq',
      ],
      color: 'gray',
      line: 'dashed',
      head: 'normal',
    },
    {
      id: 'nhnyoq',
      source: 'feature2Building.building',
      target: 'definitionTables',
      label: 'writes definition',
      points: [
        [
          932,
          802,
        ],
        [
          932,
          847,
        ],
        [
          932,
          891,
        ],
        [
          932,
          936,
        ],
        [
          932,
          944,
        ],
        [
          938,
          950,
        ],
        [
          946,
          950,
        ],
        [
          1221,
          950,
        ],
        [
          1497,
          950,
        ],
        [
          1772,
          950,
        ],
      ],
      labelBBox: {
        x: 1302,
        y: 928,
        width: 100,
        height: 18,
      },
      parent: null,
      relations: [
        '14byc3k',
      ],
      color: 'gray',
      line: 'dashed',
      head: 'normal',
    },
    {
      id: '1qc1mjl',
      source: 'feature2Building.zones',
      target: 'definitionTables',
      label: 'writes definition + load series',
      points: [
        [
          1434,
          592,
        ],
        [
          1434,
          701,
        ],
        [
          1434,
          811,
        ],
        [
          1434,
          920,
        ],
        [
          1434,
          928,
        ],
        [
          1440,
          934,
        ],
        [
          1448,
          934,
        ],
        [
          1556,
          934,
        ],
        [
          1664,
          934,
        ],
        [
          1772,
          934,
        ],
      ],
      labelBBox: {
        x: 1248,
        y: 754,
        width: 184,
        height: 18,
      },
      parent: null,
      relations: [
        '1wtn2eq',
      ],
      color: 'gray',
      line: 'dashed',
      head: 'normal',
    },
    {
      id: '3sc04q',
      source: 'feature2Building.zones',
      target: 'simulation',
      label: 'zone geometry + location',
      points: [
        [
          1450,
          492,
        ],
        [
          1450,
          366,
        ],
        [
          1450,
          240,
        ],
        [
          1450,
          114,
        ],
        [
          1450,
          106,
        ],
        [
          1456,
          100,
        ],
        [
          1464,
          100,
        ],
        [
          1564,
          100,
        ],
        [
          1663,
          100,
        ],
        [
          1763,
          100,
        ],
      ],
      labelBBox: {
        x: 1287,
        y: 346,
        width: 161,
        height: 18,
      },
      parent: null,
      relations: [
        'ssl67r',
      ],
      color: 'gray',
      line: 'dashed',
      head: 'normal',
    },
  ],
}
