{
  _type: 'element',
  tags: null,
  links: null,
  viewOf: 'gisTables',
  _stage: 'layouted',
  sourcePath: 'views/simulation-data-flow.c4',
  description: null,
  title: 'GIS Tables',
  id: 'gisTablesDetails',
  autoLayout: {
    direction: 'LR',
    nodeSep: 55,
    rankSep: 80,
  },
  hash: 'x8Lrf_1xRX9vMyRUCWmSchbcTEXv15_N3E-B5TXj_cE',
  bounds: {
    x: 0,
    y: 0,
    width: 1113,
    height: 372,
  },
  nodes: [
    {
      id: 'preprocessing',
      parent: null,
      level: 0,
      children: [],
      inEdges: [],
      outEdges: [
        'bcnymy',
      ],
      title: 'Preprocessing',
      modelRef: 'preprocessing',
      shape: 'rectangle',
      color: 'processing',
      icon: 'gcp:dataflow',
      style: {
        opacity: 15,
        size: 'sm',
      },
      description: {
        txt: 'Schema matching, geometric preprocessing, and archetype assignment',
      },
      tags: [],
      technology: 'Dataflow',
      kind: 'stage',
      x: 7,
      y: 33,
      width: 258,
      height: 135,
      labelBBox: {
        x: 34,
        y: 24,
        width: 208,
        height: 85,
      },
    },
    {
      id: 'simulation',
      parent: null,
      level: 0,
      children: [],
      inEdges: [],
      outEdges: [
        'q4dhql',
      ],
      title: 'Simulation',
      modelRef: 'simulation',
      shape: 'rectangle',
      color: 'processing',
      icon: 'gcp:compute-engine',
      style: {
        opacity: 15,
        size: 'sm',
      },
      description: {
        txt: 'Boundary-condition preparation, Zone5R1C execution, and result aggregation',
      },
      tags: [],
      technology: 'Compute Engine',
      kind: 'stage',
      navigateTo: 'simulationDetails',
      x: 0,
      y: 223,
      width: 272,
      height: 135,
      labelBBox: {
        x: 34,
        y: 24,
        width: 222,
        height: 85,
      },
    },
    {
      id: 'gisTables',
      parent: null,
      level: 0,
      children: [
        'gisTables.gisPropertiesTable',
        'gisTables.gisResultTable',
      ],
      inEdges: [
        'bcnymy',
        'q4dhql',
      ],
      outEdges: [
        'twbpmh',
        '1dly3zl',
      ],
      title: 'GIS Tables',
      modelRef: 'gisTables',
      shape: 'storage',
      color: 'gray',
      icon: 'gcp:google-maps-platform',
      style: {
        opacity: 15,
        size: 'sm',
      },
      description: {
        txt: 'GIS properties and selected result projections',
      },
      tags: [],
      technology: 'Google Maps Platform',
      kind: 'system',
      depth: 1,
      x: 484,
      y: 8,
      width: 260,
      height: 356,
      labelBBox: {
        x: 6,
        y: 0,
        width: 70,
        height: 15,
      },
    },
    {
      id: 'gisTables.gisPropertiesTable',
      parent: 'gisTables',
      level: 1,
      children: [],
      inEdges: [
        'bcnymy',
      ],
      outEdges: [
        'twbpmh',
      ],
      title: 'GIS Properties Table',
      modelRef: 'gisTables.gisPropertiesTable',
      shape: 'storage',
      color: 'datastore',
      style: {
        opacity: 15,
        size: 'xs',
      },
      description: {
        txt: 'Stores processed feature properties for GIS export',
      },
      tags: [],
      kind: 'table',
      x: 524,
      y: 69,
      width: 180,
      height: 100,
      labelBBox: {
        x: 23,
        y: 40,
        width: 135,
        height: 18,
      },
    },
    {
      id: 'gisTables.gisResultTable',
      parent: 'gisTables',
      level: 1,
      children: [],
      inEdges: [
        'q4dhql',
      ],
      outEdges: [
        '1dly3zl',
      ],
      title: 'GIS Result Table',
      modelRef: 'gisTables.gisResultTable',
      shape: 'storage',
      color: 'datastore',
      style: {
        opacity: 15,
        size: 'xs',
      },
      description: {
        txt: 'Stores a selective GIS projection of site energy results',
      },
      tags: [],
      kind: 'table',
      x: 524,
      y: 224,
      width: 180,
      height: 100,
      labelBBox: {
        x: 35,
        y: 40,
        width: 111,
        height: 18,
      },
    },
    {
      id: 'resultsGeojson',
      parent: null,
      level: 0,
      children: [],
      inEdges: [
        'twbpmh',
        '1dly3zl',
      ],
      outEdges: [],
      title: 'Results GeoJSON',
      modelRef: 'resultsGeojson',
      shape: 'document',
      color: 'green',
      icon: 'gcp:cloud-storage',
      style: {
        opacity: 15,
        size: 'xs',
      },
      description: {
        txt: 'GeoJSON exported from GIS properties and GIS results',
      },
      tags: [],
      technology: 'Cloud Storage',
      kind: 'output',
      x: 911,
      y: 138,
      width: 202,
      height: 100,
      labelBBox: {
        x: 27,
        y: 40,
        width: 159,
        height: 18,
      },
    },
  ],
  edges: [
    {
      id: 'bcnymy',
      source: 'preprocessing',
      target: 'gisTables.gisPropertiesTable',
      label: 'processed collection data',
      points: [
        [
          265,
          119,
        ],
        [
          348,
          119,
        ],
        [
          430,
          119,
        ],
        [
          513,
          119,
        ],
      ],
      labelBBox: {
        x: 308,
        y: 97,
        width: 162,
        height: 18,
      },
      parent: null,
      relations: [
        '13gggfy',
      ],
      color: 'gray',
      line: 'dashed',
      head: 'normal',
    },
    {
      id: 'q4dhql',
      source: 'simulation',
      target: 'gisTables.gisResultTable',
      label: 'selective GIS projection',
      points: [
        [
          272,
          291,
        ],
        [
          352,
          291,
        ],
        [
          433,
          291,
        ],
        [
          513,
          291,
        ],
      ],
      labelBBox: {
        x: 317,
        y: 269,
        width: 151,
        height: 18,
      },
      parent: null,
      relations: [
        '111xg8r',
      ],
      color: 'gray',
      line: 'dashed',
      head: 'normal',
    },
    {
      id: 'twbpmh',
      source: 'gisTables.gisPropertiesTable',
      target: 'resultsGeojson',
      label: 'exports properties',
      points: [
        [
          614,
          169,
        ],
        [
          614,
          176,
        ],
        [
          614,
          183,
        ],
        [
          614,
          190,
        ],
        [
          614,
          198,
        ],
        [
          620,
          204,
        ],
        [
          628,
          204,
        ],
        [
          719,
          204,
        ],
        [
          809,
          204,
        ],
        [
          900,
          204,
        ],
      ],
      labelBBox: {
        x: 699,
        y: 182,
        width: 116,
        height: 18,
      },
      parent: null,
      relations: [
        '1b6ke9k',
      ],
      color: 'gray',
      line: 'dashed',
      head: 'normal',
    },
    {
      id: '1dly3zl',
      source: 'gisTables.gisResultTable',
      target: 'resultsGeojson',
      label: 'exports results',
      points: [
        [
          704,
          290,
        ],
        [
          802,
          290,
        ],
        [
          900,
          290,
        ],
        [
          998,
          290,
        ],
        [
          1006,
          290,
        ],
        [
          1012,
          284,
        ],
        [
          1012,
          276,
        ],
        [
          1012,
          267,
        ],
        [
          1012,
          258,
        ],
        [
          1012,
          249,
        ],
      ],
      labelBBox: {
        x: 811,
        y: 268,
        width: 95,
        height: 18,
      },
      parent: null,
      relations: [
        '1g6b4s3',
      ],
      color: 'gray',
      line: 'dashed',
      head: 'normal',
    },
  ],
}
