{
  _stage: 'layouted',
  _type: 'element',
  id: 'index',
  title: 'Landscape view',
  description: null,
  autoLayout: {
    direction: 'TB',
  },
  hash: 'NlfCvDE9xqHIXuggAjNbGFiW1_xYcHuTwZj3R4rvJb0',
  bounds: {
    x: 0,
    y: 0,
    width: 1357,
    height: 2045,
  },
  nodes: [
    {
      id: 'inputs',
      parent: null,
      level: 0,
      children: [],
      inEdges: [],
      outEdges: [
        'tre3xf',
        'e42mit',
        '1xbu6pw',
      ],
      title: 'Inputs',
      modelRef: 'inputs',
      shape: 'person',
      color: 'amber',
      style: {
        opacity: 15,
        size: 'sm',
      },
      description: {
        txt: 'External file and weather inputs',
      },
      tags: [],
      kind: 'system',
      navigateTo: 'inputsDetails',
      x: 731,
      y: 0,
      width: 240,
      height: 135,
      labelBBox: {
        x: 34,
        y: 47,
        width: 171,
        height: 39,
      },
    },
    {
      id: 'preprocessing',
      parent: null,
      level: 0,
      children: [],
      inEdges: [
        'tre3xf',
      ],
      outEdges: [
        '1f12mie',
        '89w0pi',
      ],
      title: 'Preprocessing',
      modelRef: 'preprocessing',
      shape: 'rectangle',
      color: 'processing',
      icon: 'gcp:dataflow',
      style: {
        opacity: 15,
        size: 'sm',
      },
      description: {
        txt: 'Schema matching, geometric preprocessing, and archetype assignment',
      },
      tags: [],
      technology: 'Dataflow',
      kind: 'stage',
      x: 354,
      y: 277,
      width: 258,
      height: 135,
      labelBBox: {
        x: 34,
        y: 25,
        width: 208,
        height: 85,
      },
    },
    {
      id: 'feature2Building',
      parent: null,
      level: 0,
      children: [],
      inEdges: [
        '1f12mie',
      ],
      outEdges: [
        '19p0ooy',
        '1mttvcg',
        '1l5rgmk',
      ],
      title: 'Feature2Building (F2B)',
      modelRef: 'feature2Building',
      shape: 'rectangle',
      color: 'processing',
      icon: 'gcp:cloud-functions',
      style: {
        border: 'solid',
        opacity: 12,
        size: 'sm',
      },
      description: {
        txt: 'Builds domain objects and archetype assignments from a preprocessed Feature',
      },
      tags: [],
      technology: 'Cloud Functions',
      kind: 'stage',
      navigateTo: 'feature2BuildingDetails',
      x: 335,
      y: 555,
      width: 296,
      height: 135,
      labelBBox: {
        x: 34,
        y: 24,
        width: 246,
        height: 86,
      },
    },
    {
      id: 'definitionTables',
      parent: null,
      level: 0,
      children: [],
      inEdges: [
        '19p0ooy',
      ],
      outEdges: [],
      title: 'Definition Tables',
      modelRef: 'definitionTables',
      shape: 'storage',
      color: 'gray',
      style: {
        opacity: 15,
        size: 'sm',
      },
      description: {
        txt: 'Building and Zone definitions',
      },
      tags: [],
      kind: 'system',
      navigateTo: 'definitionTablesDetails',
      x: 445,
      y: 833,
      width: 240,
      height: 135,
      labelBBox: {
        x: 41,
        y: 47,
        width: 158,
        height: 39,
      },
    },
    {
      id: 'precomputeBoundary',
      parent: null,
      level: 0,
      children: [],
      inEdges: [
        'e42mit',
        '1mttvcg',
      ],
      outEdges: [
        '24evrf',
        'wuc2n8',
      ],
      title: 'Precompute Boundary Conditions',
      modelRef: 'precomputeBoundary',
      shape: 'rectangle',
      color: 'processing',
      icon: 'gcp:dataflow',
      style: {
        opacity: 15,
        size: 'sm',
      },
      description: {
        txt: 'Derives local weather, face radiation, and boundary conditions required by Zone5R1C',
      },
      tags: [],
      technology: 'Dataflow',
      kind: 'stage',
      navigateTo: 'precomputeBoundaryDetails',
      x: 1017,
      y: 833,
      width: 339,
      height: 135,
      labelBBox: {
        x: 34,
        y: 24,
        width: 290,
        height: 85,
      },
    },
    {
      id: 'zone5R1C',
      parent: null,
      level: 0,
      children: [],
      inEdges: [
        '1xbu6pw',
        '24evrf',
      ],
      outEdges: [
        '1kjtth3',
      ],
      title: 'Zone5R1C Simulation',
      modelRef: 'zone5R1C',
      shape: 'rectangle',
      color: 'processing',
      icon: 'gcp:compute-engine',
      style: {
        opacity: 15,
        size: 'sm',
      },
      description: {
        txt: 'Simulates prepared Zone5R1C objects with weather input',
      },
      tags: [],
      technology: 'Compute Engine',
      kind: 'stage',
      x: 698,
      y: 1111,
      width: 306,
      height: 135,
      labelBBox: {
        x: 34,
        y: 31,
        width: 256,
        height: 71,
      },
    },
    {
      id: 'resultsAggregation',
      parent: null,
      level: 0,
      children: [],
      inEdges: [
        '1l5rgmk',
        '1kjtth3',
      ],
      outEdges: [
        '11a0xko',
        '1a44f7w',
      ],
      title: 'Results Aggregation',
      modelRef: 'resultsAggregation',
      shape: 'rectangle',
      color: 'processing',
      icon: 'gcp:big-query',
      style: {
        opacity: 15,
        size: 'sm',
      },
      description: {
        txt: 'Zone, Building, and Site result aggregation',
      },
      tags: [],
      technology: 'Big Query',
      kind: 'stage',
      navigateTo: 'resultsAggregationDetails',
      x: 413,
      y: 1389,
      width: 260,
      height: 135,
      labelBBox: {
        x: 34,
        y: 31,
        width: 210,
        height: 71,
      },
    },
    {
      id: 'resultTables',
      parent: null,
      level: 0,
      children: [],
      inEdges: [
        'wuc2n8',
        '11a0xko',
      ],
      outEdges: [],
      title: 'Result Tables',
      modelRef: 'resultTables',
      shape: 'storage',
      color: 'gray',
      style: {
        opacity: 15,
        size: 'sm',
      },
      description: {
        txt: 'Persistent simulation-result tables',
      },
      tags: [],
      kind: 'system',
      navigateTo: 'resultTablesDetails',
      x: 619,
      y: 1666,
      width: 240,
      height: 135,
      labelBBox: {
        x: 28,
        y: 48,
        width: 183,
        height: 39,
      },
    },
    {
      id: 'gisTables',
      parent: null,
      level: 0,
      children: [],
      inEdges: [
        '89w0pi',
        '1a44f7w',
      ],
      outEdges: [
        '108xi45',
      ],
      title: 'GIS Tables',
      modelRef: 'gisTables',
      shape: 'storage',
      color: 'gray',
      style: {
        opacity: 15,
        size: 'sm',
      },
      description: {
        txt: 'GIS properties and selected result projections',
      },
      tags: [],
      kind: 'system',
      navigateTo: 'gisTablesDetails',
      x: 225,
      y: 1666,
      width: 240,
      height: 135,
      labelBBox: {
        x: 27,
        y: 40,
        width: 185,
        height: 54,
      },
    },
    {
      id: 'resultsGeojson',
      parent: null,
      level: 0,
      children: [],
      inEdges: [
        '108xi45',
      ],
      outEdges: [],
      title: 'Results GeoJSON',
      modelRef: 'resultsGeojson',
      shape: 'document',
      color: 'green',
      icon: 'gcp:cloud-storage',
      style: {
        opacity: 15,
        size: 'xs',
      },
      description: {
        txt: 'GeoJSON exported from GIS properties and GIS results',
      },
      tags: [],
      technology: 'Cloud Storage',
      kind: 'output',
      x: 244,
      y: 1945,
      width: 202,
      height: 100,
      labelBBox: {
        x: 28,
        y: 39,
        width: 158,
        height: 18,
      },
    },
  ],
  edges: [
    {
      id: 'tre3xf',
      source: 'inputs',
      target: 'preprocessing',
      label: 'feature data',
      points: [
        [
          851,
          135,
        ],
        [
          851,
          200,
        ],
        [
          851,
          266,
        ],
        [
          851,
          331,
        ],
        [
          851,
          339,
        ],
        [
          845,
          345,
        ],
        [
          837,
          345,
        ],
        [
          766,
          345,
        ],
        [
          694,
          345,
        ],
        [
          623,
          345,
        ],
      ],
      labelBBox: {
        x: 698,
        y: 323,
        width: 79,
        height: 18,
      },
      parent: null,
      relations: [
        'jbtf9r',
      ],
      color: 'gray',
      line: 'dashed',
      head: 'normal',
    },
    {
      id: 'e42mit',
      source: 'inputs',
      target: 'precomputeBoundary',
      label: 'weather input',
      points: [
        [
          867,
          135,
        ],
        [
          867,
          386,
        ],
        [
          867,
          636,
        ],
        [
          867,
          887,
        ],
        [
          867,
          895,
        ],
        [
          873,
          901,
        ],
        [
          881,
          901,
        ],
        [
          923,
          901,
        ],
        [
          964,
          901,
        ],
        [
          1006,
          901,
        ],
      ],
      labelBBox: {
        x: 777,
        y: 509,
        width: 88,
        height: 18,
      },
      parent: null,
      relations: [
        '6yeylq',
        '1bk85x2',
      ],
      color: 'gray',
      line: 'dashed',
      head: 'normal',
    },
    {
      id: '1xbu6pw',
      source: 'inputs',
      target: 'zone5R1C',
      label: 'weather input',
      points: [
        [
          835,
          135,
        ],
        [
          835,
          457,
        ],
        [
          835,
          778,
        ],
        [
          835,
          1100,
        ],
      ],
      labelBBox: {
        x: 745,
        y: 609,
        width: 88,
        height: 18,
      },
      parent: null,
      relations: [
        'n000ca',
      ],
      color: 'gray',
      line: 'dashed',
      head: 'normal',
    },
    {
      id: '1f12mie',
      source: 'preprocessing',
      target: 'feature2Building',
      label: 'emits',
      points: [
        [
          483,
          412,
        ],
        [
          483,
          456,
        ],
        [
          483,
          500,
        ],
        [
          483,
          544,
        ],
      ],
      labelBBox: {
        x: 444,
        y: 469,
        width: 37,
        height: 18,
      },
      parent: null,
      relations: [
        '1k6p1an',
      ],
      color: 'gray',
      line: 'dashed',
      head: 'normal',
    },
    {
      id: '89w0pi',
      source: 'preprocessing',
      target: 'gisTables',
      label: 'processed collection data',
      points: [
        [
          354,
          345,
        ],
        [
          345,
          345,
        ],
        [
          336,
          345,
        ],
        [
          327,
          345,
        ],
        [
          319,
          345,
        ],
        [
          313,
          351,
        ],
        [
          313,
          359,
        ],
        [
          313,
          791,
        ],
        [
          313,
          1223,
        ],
        [
          313,
          1655,
        ],
      ],
      labelBBox: {
        x: 149,
        y: 991,
        width: 162,
        height: 18,
      },
      parent: null,
      relations: [
        '1idjkxm',
      ],
      color: 'gray',
      line: 'dashed',
      head: 'normal',
    },
    {
      id: '19p0ooy',
      source: 'feature2Building',
      target: 'definitionTables',
      label: '[...]',
      points: [
        [
          538,
          690,
        ],
        [
          538,
          734,
        ],
        [
          538,
          778,
        ],
        [
          538,
          822,
        ],
      ],
      labelBBox: {
        x: 511,
        y: 747,
        width: 25,
        height: 18,
      },
      parent: null,
      relations: [
        'ahfobv',
        '1imblxb',
      ],
      color: 'gray',
      line: 'dashed',
      head: 'normal',
    },
    {
      id: '1mttvcg',
      source: 'feature2Building',
      target: 'precomputeBoundary',
      label: 'zone geometry + location',
      points: [
        [
          631,
          623,
        ],
        [
          812,
          623,
        ],
        [
          992,
          623,
        ],
        [
          1173,
          623,
        ],
        [
          1181,
          623,
        ],
        [
          1187,
          629,
        ],
        [
          1187,
          637,
        ],
        [
          1187,
          699,
        ],
        [
          1187,
          760,
        ],
        [
          1187,
          822,
        ],
      ],
      labelBBox: {
        x: 912,
        y: 601,
        width: 161,
        height: 18,
      },
      parent: null,
      relations: [
        'of4gto',
      ],
      color: 'gray',
      line: 'dashed',
      head: 'normal',
    },
    {
      id: '1l5rgmk',
      source: 'feature2Building',
      target: 'resultsAggregation',
      label: 'supplies External loads',
      points: [
        [
          335,
          623,
        ],
        [
          332,
          623,
        ],
        [
          328,
          623,
        ],
        [
          325,
          623,
        ],
        [
          319,
          623,
        ],
        [
          315,
          627,
        ],
        [
          315,
          633,
        ],
        [
          315,
          903,
        ],
        [
          315,
          1173,
        ],
        [
          315,
          1443,
        ],
        [
          315,
          1451,
        ],
        [
          321,
          1457,
        ],
        [
          329,
          1457,
        ],
        [
          353,
          1457,
        ],
        [
          378,
          1457,
        ],
        [
          402,
          1457,
        ],
      ],
      labelBBox: {
        x: 165,
        y: 1031,
        width: 148,
        height: 18,
      },
      parent: null,
      relations: [
        'wmuzct',
      ],
      color: 'gray',
      line: 'dashed',
      head: 'normal',
    },
    {
      id: '24evrf',
      source: 'precomputeBoundary',
      target: 'zone5R1C',
      label: 'boundary conditions',
      points: [
        [
          1187,
          968,
        ],
        [
          1187,
          1034,
        ],
        [
          1187,
          1099,
        ],
        [
          1187,
          1165,
        ],
        [
          1187,
          1173,
        ],
        [
          1181,
          1179,
        ],
        [
          1173,
          1179,
        ],
        [
          1120,
          1179,
        ],
        [
          1068,
          1179,
        ],
        [
          1015,
          1179,
        ],
      ],
      labelBBox: {
        x: 1056,
        y: 1065,
        width: 129,
        height: 18,
      },
      parent: null,
      relations: [
        'ssw3bu',
      ],
      color: 'gray',
      line: 'dashed',
      head: 'normal',
    },
    {
      id: 'wuc2n8',
      source: 'precomputeBoundary',
      target: 'resultTables',
      label: 'writes boundary results',
      points: [
        [
          1219,
          968,
        ],
        [
          1219,
          1219,
        ],
        [
          1219,
          1469,
        ],
        [
          1219,
          1720,
        ],
        [
          1219,
          1728,
        ],
        [
          1213,
          1734,
        ],
        [
          1205,
          1734,
        ],
        [
          1093,
          1734,
        ],
        [
          982,
          1734,
        ],
        [
          870,
          1734,
        ],
      ],
      labelBBox: {
        x: 1069,
        y: 1342,
        width: 148,
        height: 18,
      },
      parent: null,
      relations: [
        '3zwnpf',
      ],
      color: 'gray',
      line: 'dashed',
      head: 'normal',
    },
    {
      id: '1kjtth3',
      source: 'zone5R1C',
      target: 'resultsAggregation',
      label: 'emits',
      points: [
        [
          698,
          1179,
        ],
        [
          651,
          1179,
        ],
        [
          604,
          1179,
        ],
        [
          557,
          1179,
        ],
        [
          549,
          1179,
        ],
        [
          543,
          1185,
        ],
        [
          543,
          1193,
        ],
        [
          543,
          1255,
        ],
        [
          543,
          1316,
        ],
        [
          543,
          1378,
        ],
      ],
      labelBBox: {
        x: 504,
        y: 1270,
        width: 37,
        height: 18,
      },
      parent: null,
      relations: [
        '1yq2hbg',
      ],
      color: 'gray',
      line: 'dashed',
      head: 'normal',
    },
    {
      id: '11a0xko',
      source: 'resultsAggregation',
      target: 'resultTables',
      label: 'persists',
      points: [
        [
          646,
          1524,
        ],
        [
          646,
          1568,
        ],
        [
          646,
          1611,
        ],
        [
          646,
          1655,
        ],
      ],
      labelBBox: {
        x: 592,
        y: 1581,
        width: 52,
        height: 18,
      },
      parent: null,
      relations: [
        'j9yp3',
        'i4fr5s',
        'vyvdy9',
      ],
      color: 'gray',
      line: 'dashed',
      head: 'normal',
    },
    {
      id: '1a44f7w',
      source: 'resultsAggregation',
      target: 'gisTables',
      label: 'selective GIS projection',
      points: [
        [
          439,
          1524,
        ],
        [
          439,
          1568,
        ],
        [
          439,
          1611,
        ],
        [
          439,
          1655,
        ],
      ],
      labelBBox: {
        x: 286,
        y: 1581,
        width: 151,
        height: 18,
      },
      parent: null,
      relations: [
        '1bw5yte',
      ],
      color: 'gray',
      line: 'dashed',
      head: 'normal',
    },
    {
      id: '108xi45',
      source: 'gisTables',
      target: 'resultsGeojson',
      label: '[...]',
      points: [
        [
          345,
          1801,
        ],
        [
          345,
          1845,
        ],
        [
          345,
          1890,
        ],
        [
          345,
          1934,
        ],
      ],
      labelBBox: {
        x: 318,
        y: 1859,
        width: 25,
        height: 18,
      },
      parent: null,
      relations: [
        'r240l8',
        '1wc5t4r',
      ],
      color: 'gray',
      line: 'dashed',
      head: 'normal',
    },
  ],
}
