{
  _stage: 'layouted',
  _type: 'element',
  id: 'index',
  title: 'Landscape view',
  description: null,
  autoLayout: {
    direction: 'TB',
  },
  hash: 'Fs3srnwaAhx-B5NIRfzsGGRsjCY_k5GM4UO0--6BGNA',
  bounds: {
    x: 0,
    y: 0,
    width: 2096,
    height: 2080,
  },
  nodes: [
    {
      id: 'inputs',
      parent: null,
      level: 0,
      children: [],
      inEdges: [],
      outEdges: [
        'tre3xf',
        '1pzc58',
      ],
      title: 'Inputs',
      modelRef: 'inputs',
      shape: 'person',
      color: 'amber',
      icon: 'gcp:user-preferences',
      style: {
        opacity: 15,
        size: 'sm',
      },
      description: {
        txt: 'External file and weather inputs',
      },
      tags: [],
      technology: 'User Preferences',
      kind: 'system',
      navigateTo: 'inputsDetails',
      x: 1328,
      y: 0,
      width: 267,
      height: 135,
      labelBBox: {
        x: 34,
        y: 38,
        width: 218,
        height: 57,
      },
    },
    {
      id: 'mixerInput',
      parent: null,
      level: 0,
      children: [],
      inEdges: [],
      outEdges: [
        '1cddte',
      ],
      title: 'Input',
      modelRef: 'mixerInput',
      shape: 'person',
      color: 'amber',
      icon: 'gcp:user-preferences',
      style: {
        opacity: 15,
        size: 'sm',
      },
      description: {
        txt: 'Modeling parameters supplied to the post-hoc scenario mixer',
      },
      tags: [],
      technology: 'User Preferences',
      kind: 'system',
      x: 1719,
      y: 0,
      width: 294,
      height: 135,
      labelBBox: {
        x: 34,
        y: 31,
        width: 244,
        height: 71,
      },
    },
    {
      id: 'webUI',
      parent: null,
      level: 0,
      children: [],
      inEdges: [
        '190t4kj',
      ],
      outEdges: [
        '9iqnqb',
      ],
      title: 'WebUI',
      modelRef: 'webUI',
      shape: 'browser',
      color: 'processing',
      icon: 'gcp:app-engine',
      style: {
        opacity: 15,
        size: 'sm',
      },
      description: {
        txt: 'Interactive interface for mixer requests and scenario-result styling',
      },
      tags: [],
      technology: 'App Engine',
      kind: 'ui',
      x: 1700,
      y: 1944,
      width: 254,
      height: 135,
      labelBBox: {
        x: 34,
        y: 24,
        width: 204,
        height: 86,
      },
    },
    {
      id: 'preprocessing',
      parent: null,
      level: 0,
      children: [],
      inEdges: [
        'tre3xf',
      ],
      outEdges: [
        '1f12mie',
        '1heb2mv',
        '89w0pi',
      ],
      title: 'Preprocessing',
      modelRef: 'preprocessing',
      shape: 'rectangle',
      color: 'processing',
      icon: 'gcp:dataflow',
      style: {
        opacity: 15,
        size: 'sm',
      },
      description: {
        txt: 'Schema matching, geometric preprocessing, and archetype assignment',
      },
      tags: [],
      technology: 'Dataflow',
      kind: 'stage',
      x: 321,
      y: 277,
      width: 258,
      height: 135,
      labelBBox: {
        x: 34,
        y: 25,
        width: 208,
        height: 85,
      },
    },
    {
      id: 'feature2Building',
      parent: null,
      level: 0,
      children: [],
      inEdges: [
        '1f12mie',
      ],
      outEdges: [
        '19p0ooy',
        '1fuvy89',
        '31jqj6',
        'e3d3wh',
      ],
      title: 'Feature2Building (F2B)',
      modelRef: 'feature2Building',
      shape: 'rectangle',
      color: 'processing',
      icon: 'gcp:cloud-functions',
      style: {
        border: 'solid',
        opacity: 12,
        size: 'sm',
      },
      description: {
        txt: 'Builds domain objects and archetype assignments from a preprocessed Feature',
      },
      tags: [],
      technology: 'Cloud Functions',
      kind: 'stage',
      navigateTo: 'feature2BuildingDetails',
      x: 564,
      y: 555,
      width: 296,
      height: 135,
      labelBBox: {
        x: 34,
        y: 24,
        width: 246,
        height: 86,
      },
    },
    {
      id: 'scenarioMappings',
      parent: null,
      level: 0,
      children: [],
      inEdges: [
        '1heb2mv',
      ],
      outEdges: [
        '10jf3uo',
      ],
      title: 'Scenario Mappings',
      modelRef: 'scenarioMappings',
      shape: 'rectangle',
      color: 'processing',
      icon: 'gcp:workflows',
      style: {
        opacity: 15,
        size: 'sm',
        multiple: true,
      },
      description: {
        txt: 'Apply measure packages based on selection criteria for each scenario',
      },
      tags: [],
      technology: 'Workflows',
      kind: 'stage',
      x: 166,
      y: 555,
      width: 287,
      height: 135,
      labelBBox: {
        x: 34,
        y: 24,
        width: 238,
        height: 86,
      },
    },
    {
      id: 'baselineSimulation',
      parent: null,
      level: 0,
      children: [],
      inEdges: [
        '31jqj6',
      ],
      outEdges: [
        '3ia47l',
      ],
      title: 'Baseline',
      modelRef: 'baselineSimulation',
      shape: 'rectangle',
      color: 'processing',
      icon: 'gcp:compute-engine',
      style: {
        opacity: 15,
        size: 'sm',
      },
      description: {
        txt: 'Reference simulation without scenario upgrades',
      },
      tags: [],
      technology: 'Compute Engine',
      kind: 'stage',
      x: 923,
      y: 833,
      width: 254,
      height: 135,
      labelBBox: {
        x: 34,
        y: 31,
        width: 204,
        height: 71,
      },
    },
    {
      id: 'buildingUpgradeScenarios',
      parent: null,
      level: 0,
      children: [],
      inEdges: [
        'e3d3wh',
        '10jf3uo',
      ],
      outEdges: [
        '1i7e5l',
        'zc9jtu',
      ],
      title: 'Building Upgrade Scenarios',
      modelRef: 'buildingUpgradeScenarios',
      shape: 'rectangle',
      color: 'domain',
      icon: 'gcp:catalog',
      style: {
        opacity: 15,
        size: 'xs',
        multiple: true,
      },
      description: {
        txt: 'Building copies with scenario selections and measures applied',
      },
      tags: [],
      technology: 'Catalog',
      kind: 'domainObject',
      x: 551,
      y: 851,
      width: 261,
      height: 100,
      labelBBox: {
        x: 28,
        y: 40,
        width: 218,
        height: 18,
      },
    },
    {
      id: 'definitionTables',
      parent: null,
      level: 0,
      children: [],
      inEdges: [
        '19p0ooy',
        '1i7e5l',
      ],
      outEdges: [],
      title: 'Definition Tables',
      modelRef: 'definitionTables',
      shape: 'storage',
      color: 'gray',
      icon: 'gcp:bigtable',
      style: {
        opacity: 15,
        size: 'sm',
      },
      description: {
        txt: 'Building and Zone definitions',
      },
      tags: [],
      technology: 'Bigtable',
      kind: 'system',
      navigateTo: 'definitionTablesDetails',
      x: 491,
      y: 1111,
      width: 254,
      height: 135,
      labelBBox: {
        x: 34,
        y: 38,
        width: 204,
        height: 57,
      },
    },
    {
      id: 'simulation',
      parent: null,
      level: 0,
      children: [],
      inEdges: [
        '1pzc58',
        '1fuvy89',
        '3ia47l',
        'zc9jtu',
      ],
      outEdges: [
        '1lbqm7x',
        '11lkaax',
      ],
      title: 'Simulation',
      modelRef: 'simulation',
      shape: 'rectangle',
      color: 'processing',
      icon: 'gcp:compute-engine',
      style: {
        opacity: 15,
        size: 'sm',
      },
      description: {
        txt: 'Boundary-condition preparation, Zone5R1C execution, and result aggregation',
      },
      tags: [],
      technology: 'Compute Engine',
      kind: 'stage',
      navigateTo: 'simulationDetails',
      x: 929,
      y: 1111,
      width: 272,
      height: 135,
      labelBBox: {
        x: 34,
        y: 24,
        width: 222,
        height: 85,
      },
    },
    {
      id: 'resultTables',
      parent: null,
      level: 0,
      children: [],
      inEdges: [
        '1lbqm7x',
      ],
      outEdges: [
        '8z1xbf',
      ],
      title: 'Result Tables',
      modelRef: 'resultTables',
      shape: 'storage',
      color: 'gray',
      icon: 'gcp:big-query',
      style: {
        opacity: 15,
        size: 'sm',
      },
      description: {
        txt: 'Persistent simulation-result tables',
      },
      tags: [],
      technology: 'Big Query',
      kind: 'system',
      navigateTo: 'resultTablesDetails',
      x: 1230,
      y: 1389,
      width: 279,
      height: 135,
      labelBBox: {
        x: 34,
        y: 38,
        width: 230,
        height: 57,
      },
    },
    {
      id: 'gisTables',
      parent: null,
      level: 0,
      children: [],
      inEdges: [
        '89w0pi',
        '11lkaax',
      ],
      outEdges: [
        '108xi45',
      ],
      title: 'GIS Tables',
      modelRef: 'gisTables',
      shape: 'storage',
      color: 'gray',
      icon: 'gcp:google-maps-platform',
      style: {
        opacity: 15,
        size: 'sm',
      },
      description: {
        txt: 'GIS properties and selected result projections',
      },
      tags: [],
      technology: 'Google Maps Platform',
      kind: 'system',
      navigateTo: 'gisTablesDetails',
      x: 523,
      y: 1389,
      width: 281,
      height: 135,
      labelBBox: {
        x: 34,
        y: 31,
        width: 232,
        height: 71,
      },
    },
    {
      id: 'scenarioMixer',
      parent: null,
      level: 0,
      children: [],
      inEdges: [
        '8z1xbf',
        '1cddte',
        '9iqnqb',
      ],
      outEdges: [
        '190t4kj',
      ],
      title: 'Scenario Mixer',
      modelRef: 'scenarioMixer',
      shape: 'rectangle',
      color: 'gray',
      icon: 'gcp:advanced-agent-modeling',
      style: {
        opacity: 15,
        size: 'sm',
      },
      description: {
        txt: 'Applies choice-model parameters to annual results and returns a styled scenario mixture',
      },
      tags: [],
      technology: 'Advanced Agent Modeling',
      kind: 'system',
      x: 1682,
      y: 1666,
      width: 291,
      height: 135,
      labelBBox: {
        x: 34,
        y: 25,
        width: 242,
        height: 85,
      },
    },
    {
      id: 'resultsGeojson',
      parent: null,
      level: 0,
      children: [],
      inEdges: [
        '108xi45',
      ],
      outEdges: [],
      title: 'Results GeoJSON',
      modelRef: 'resultsGeojson',
      shape: 'document',
      color: 'green',
      icon: 'gcp:cloud-storage',
      style: {
        opacity: 15,
        size: 'xs',
      },
      description: {
        txt: 'GeoJSON exported from GIS properties and GIS results',
      },
      tags: [],
      technology: 'Cloud Storage',
      kind: 'output',
      x: 563,
      y: 1684,
      width: 202,
      height: 100,
      labelBBox: {
        x: 28,
        y: 40,
        width: 158,
        height: 18,
      },
    },
  ],
  edges: [
    {
      id: 'tre3xf',
      source: 'inputs',
      target: 'preprocessing',
      label: 'feature data',
      points: [
        [
          1328,
          68,
        ],
        [
          1040,
          68,
        ],
        [
          752,
          68,
        ],
        [
          464,
          68,
        ],
        [
          456,
          68,
        ],
        [
          450,
          74,
        ],
        [
          450,
          82,
        ],
        [
          450,
          143,
        ],
        [
          450,
          205,
        ],
        [
          450,
          266,
        ],
      ],
      labelBBox: {
        x: 850,
        y: 46,
        width: 79,
        height: 18,
      },
      parent: null,
      relations: [
        '1lc8uiz',
      ],
      color: 'gray',
      line: 'dashed',
      head: 'normal',
    },
    {
      id: '1pzc58',
      source: 'inputs',
      target: 'simulation',
      label: 'weather input',
      points: [
        [
          1462,
          135,
        ],
        [
          1462,
          478,
        ],
        [
          1462,
          822,
        ],
        [
          1462,
          1165,
        ],
        [
          1462,
          1173,
        ],
        [
          1456,
          1179,
        ],
        [
          1448,
          1179,
        ],
        [
          1369,
          1179,
        ],
        [
          1291,
          1179,
        ],
        [
          1212,
          1179,
        ],
      ],
      labelBBox: {
        x: 1372,
        y: 648,
        width: 88,
        height: 18,
      },
      parent: null,
      relations: [
        '6jpqgv',
        'anicq1',
        'argb2k',
      ],
      color: 'gray',
      line: 'dashed',
      head: 'normal',
    },
    {
      id: '1f12mie',
      source: 'preprocessing',
      target: 'feature2Building',
      label: 'emits',
      points: [
        [
          579,
          345,
        ],
        [
          619,
          345,
        ],
        [
          658,
          345,
        ],
        [
          698,
          345,
        ],
        [
          706,
          345,
        ],
        [
          712,
          351,
        ],
        [
          712,
          359,
        ],
        [
          712,
          421,
        ],
        [
          712,
          482,
        ],
        [
          712,
          544,
        ],
      ],
      labelBBox: {
        x: 673,
        y: 436,
        width: 37,
        height: 18,
      },
      parent: null,
      relations: [
        '35ntxn',
      ],
      color: 'gray',
      line: 'dashed',
      head: 'normal',
    },
    {
      id: '1heb2mv',
      source: 'preprocessing',
      target: 'scenarioMappings',
      label: 'feeds',
      points: [
        [
          387,
          412,
        ],
        [
          387,
          456,
        ],
        [
          387,
          500,
        ],
        [
          387,
          544,
        ],
      ],
      labelBBox: {
        x: 347,
        y: 469,
        width: 38,
        height: 18,
      },
      parent: null,
      relations: [
        '1ijrqb5',
      ],
      color: 'gray',
      line: 'dashed',
      head: 'normal',
    },
    {
      id: '89w0pi',
      source: 'preprocessing',
      target: 'gisTables',
      label: 'processed collection data',
      points: [
        [
          466,
          412,
        ],
        [
          466,
          756,
        ],
        [
          466,
          1099,
        ],
        [
          466,
          1443,
        ],
        [
          466,
          1451,
        ],
        [
          472,
          1457,
        ],
        [
          480,
          1457,
        ],
        [
          491,
          1457,
        ],
        [
          501,
          1457,
        ],
        [
          512,
          1457,
        ],
      ],
      labelBBox: {
        x: 302,
        y: 926,
        width: 162,
        height: 18,
      },
      parent: null,
      relations: [
        '13gggfy',
      ],
      color: 'gray',
      line: 'dashed',
      head: 'normal',
    },
    {
      id: '19p0ooy',
      source: 'feature2Building',
      target: 'definitionTables',
      label: '[...]',
      points: [
        [
          860,
          623,
        ],
        [
          865,
          623,
        ],
        [
          869,
          623,
        ],
        [
          874,
          623,
        ],
        [
          881,
          623,
        ],
        [
          887,
          629,
        ],
        [
          887,
          637,
        ],
        [
          887,
          813,
        ],
        [
          887,
          989,
        ],
        [
          887,
          1165,
        ],
        [
          887,
          1173,
        ],
        [
          881,
          1179,
        ],
        [
          873,
          1179,
        ],
        [
          834,
          1179,
        ],
        [
          795,
          1179,
        ],
        [
          756,
          1179,
        ],
      ],
      labelBBox: {
        x: 860,
        y: 892,
        width: 25,
        height: 18,
      },
      parent: null,
      relations: [
        '14byc3k',
        '1wtn2eq',
      ],
      color: 'gray',
      line: 'dashed',
      head: 'normal',
    },
    {
      id: '1fuvy89',
      source: 'feature2Building',
      target: 'simulation',
      label: '[...]',
      points: [
        [
          860,
          607,
        ],
        [
          870,
          607,
        ],
        [
          879,
          607,
        ],
        [
          889,
          607,
        ],
        [
          897,
          607,
        ],
        [
          903,
          613,
        ],
        [
          903,
          621,
        ],
        [
          903,
          805,
        ],
        [
          903,
          988,
        ],
        [
          903,
          1172,
        ],
        [
          903,
          1176,
        ],
        [
          906,
          1179,
        ],
        [
          911,
          1179,
        ],
        [
          913,
          1179,
        ],
        [
          916,
          1179,
        ],
        [
          918,
          1179,
        ],
      ],
      labelBBox: {
        x: 876,
        y: 798,
        width: 25,
        height: 18,
      },
      parent: null,
      relations: [
        'ssl67r',
        '1soz0iq',
      ],
      color: 'gray',
      line: 'dashed',
      head: 'normal',
    },
    {
      id: '31jqj6',
      source: 'feature2Building',
      target: 'baselineSimulation',
      label: 'zone geometry + location',
      points: [
        [
          860,
          591,
        ],
        [
          919,
          591,
        ],
        [
          977,
          591,
        ],
        [
          1036,
          591,
        ],
        [
          1044,
          591,
        ],
        [
          1050,
          597,
        ],
        [
          1050,
          605,
        ],
        [
          1050,
          677,
        ],
        [
          1050,
          750,
        ],
        [
          1050,
          822,
        ],
      ],
      labelBBox: {
        x: 887,
        y: 698,
        width: 161,
        height: 18,
      },
      parent: null,
      relations: [
        'iwtrzm',
      ],
      color: 'gray',
      line: 'dashed',
      head: 'normal',
    },
    {
      id: 'e3d3wh',
      source: 'feature2Building',
      target: 'buildingUpgradeScenarios',
      label: 'Copy of Building',
      points: [
        [
          688,
          690,
        ],
        [
          688,
          740,
        ],
        [
          688,
          790,
        ],
        [
          688,
          840,
        ],
      ],
      labelBBox: {
        x: 580,
        y: 756,
        width: 106,
        height: 18,
      },
      parent: null,
      relations: [
        '1ab798h',
      ],
      color: 'gray',
      line: 'dashed',
      head: 'normal',
    },
    {
      id: '1i7e5l',
      source: 'buildingUpgradeScenarios',
      target: 'definitionTables',
      label: null,
      points: [
        [
          648,
          951,
        ],
        [
          648,
          1001,
        ],
        [
          648,
          1050,
        ],
        [
          648,
          1100,
        ],
      ],
      labelBBox: null,
      parent: null,
      relations: [
        'octsof',
      ],
      color: 'gray',
      line: 'dashed',
      head: 'normal',
    },
    {
      id: '1lbqm7x',
      source: 'simulation',
      target: 'resultTables',
      label: '[...]',
      points: [
        [
          1065,
          1246,
        ],
        [
          1065,
          1312,
        ],
        [
          1065,
          1377,
        ],
        [
          1065,
          1443,
        ],
        [
          1065,
          1451,
        ],
        [
          1071,
          1457,
        ],
        [
          1079,
          1457,
        ],
        [
          1126,
          1457,
        ],
        [
          1172,
          1457,
        ],
        [
          1219,
          1457,
        ],
      ],
      labelBBox: {
        x: 1038,
        y: 1343,
        width: 25,
        height: 18,
      },
      parent: null,
      relations: [
        'tkoni6',
        '18f4o9o',
        '1yfx4il',
        'xk134u',
      ],
      color: 'gray',
      line: 'dashed',
      head: 'normal',
    },
    {
      id: '11lkaax',
      source: 'simulation',
      target: 'gisTables',
      label: 'selective GIS projection',
      points: [
        [
          1049,
          1246,
        ],
        [
          1049,
          1312,
        ],
        [
          1049,
          1377,
        ],
        [
          1049,
          1443,
        ],
        [
          1049,
          1451,
        ],
        [
          1043,
          1457,
        ],
        [
          1035,
          1457,
        ],
        [
          962,
          1457,
        ],
        [
          888,
          1457,
        ],
        [
          815,
          1457,
        ],
      ],
      labelBBox: {
        x: 857,
        y: 1435,
        width: 151,
        height: 18,
      },
      parent: null,
      relations: [
        '111xg8r',
      ],
      color: 'gray',
      line: 'dashed',
      head: 'normal',
    },
    {
      id: '3ia47l',
      source: 'baselineSimulation',
      target: 'simulation',
      label: null,
      points: [
        [
          1053,
          968,
        ],
        [
          1053,
          1012,
        ],
        [
          1053,
          1056,
        ],
        [
          1053,
          1100,
        ],
      ],
      labelBBox: null,
      parent: null,
      relations: [
        'y2rk5x',
      ],
      color: 'gray',
      line: 'dashed',
      head: 'normal',
    },
    {
      id: 'zc9jtu',
      source: 'buildingUpgradeScenarios',
      target: 'simulation',
      label: 'copy of instance',
      points: [
        [
          812,
          901,
        ],
        [
          824,
          901,
        ],
        [
          837,
          901,
        ],
        [
          849,
          901,
        ],
        [
          857,
          901,
        ],
        [
          863,
          907,
        ],
        [
          863,
          915,
        ],
        [
          863,
          1009,
        ],
        [
          863,
          1103,
        ],
        [
          863,
          1197,
        ],
        [
          863,
          1205,
        ],
        [
          869,
          1211,
        ],
        [
          877,
          1211,
        ],
        [
          891,
          1211,
        ],
        [
          904,
          1211,
        ],
        [
          918,
          1211,
        ],
      ],
      labelBBox: {
        x: 756,
        y: 1047,
        width: 105,
        height: 18,
      },
      parent: null,
      relations: [
        'ut14bp',
      ],
      color: 'gray',
      line: 'dashed',
      head: 'normal',
    },
    {
      id: '10jf3uo',
      source: 'scenarioMappings',
      target: 'buildingUpgradeScenarios',
      label: 'applied selections and scenario measures',
      points: [
        [
          310,
          690,
        ],
        [
          310,
          756,
        ],
        [
          310,
          821,
        ],
        [
          310,
          887,
        ],
        [
          310,
          895,
        ],
        [
          316,
          901,
        ],
        [
          324,
          901,
        ],
        [
          396,
          901,
        ],
        [
          468,
          901,
        ],
        [
          540,
          901,
        ],
      ],
      labelBBox: {
        x: 43,
        y: 787,
        width: 265,
        height: 18,
      },
      parent: null,
      relations: [
        '3fiwu9',
      ],
      color: 'gray',
      line: 'dashed',
      head: 'normal',
    },
    {
      id: '8z1xbf',
      source: 'resultTables',
      target: 'scenarioMixer',
      label: 'BuildingId, Annual Results',
      points: [
        [
          1370,
          1524,
        ],
        [
          1370,
          1589,
        ],
        [
          1370,
          1655,
        ],
        [
          1370,
          1720,
        ],
        [
          1370,
          1728,
        ],
        [
          1376,
          1734,
        ],
        [
          1384,
          1734,
        ],
        [
          1480,
          1734,
        ],
        [
          1575,
          1734,
        ],
        [
          1671,
          1734,
        ],
      ],
      labelBBox: {
        x: 1437,
        y: 1712,
        width: 167,
        height: 18,
      },
      parent: null,
      relations: [
        '1lxc8sx',
      ],
      color: 'gray',
      line: 'dashed',
      head: 'normal',
    },
    {
      id: '1cddte',
      source: 'mixerInput',
      target: 'scenarioMixer',
      label: 'Modeling Parameters',
      points: [
        [
          1846,
          135,
        ],
        [
          1846,
          642,
        ],
        [
          1846,
          1148,
        ],
        [
          1846,
          1655,
        ],
      ],
      labelBBox: {
        x: 1707,
        y: 886,
        width: 137,
        height: 18,
      },
      parent: null,
      relations: [
        'xher0z',
      ],
      color: 'gray',
      line: 'dashed',
      head: 'normal',
    },
    {
      id: '9iqnqb',
      source: 'webUI',
      target: 'scenarioMixer',
      label: 'API Call with Mixer Parameters',
      points: [
        [
          1827,
          1944,
        ],
        [
          1827,
          1900,
        ],
        [
          1827,
          1856,
        ],
        [
          1827,
          1812,
        ],
      ],
      labelBBox: {
        x: 1627,
        y: 1869,
        width: 198,
        height: 18,
      },
      parent: null,
      relations: [
        'kx5pal',
      ],
      color: 'gray',
      line: 'dashed',
      head: 'normal',
    },
    {
      id: '190t4kj',
      source: 'scenarioMixer',
      target: 'webUI',
      label: 'API Response Triggering Style Update',
      points: [
        [
          1844,
          1801,
        ],
        [
          1844,
          1845,
        ],
        [
          1844,
          1889,
        ],
        [
          1844,
          1933,
        ],
      ],
      labelBBox: {
        x: 1598,
        y: 1838,
        width: 244,
        height: 18,
      },
      parent: null,
      relations: [
        'pkfi72',
      ],
      color: 'gray',
      line: 'dashed',
      head: 'normal',
    },
    {
      id: '108xi45',
      source: 'gisTables',
      target: 'resultsGeojson',
      label: '[...]',
      points: [
        [
          664,
          1524,
        ],
        [
          664,
          1574,
        ],
        [
          664,
          1623,
        ],
        [
          664,
          1673,
        ],
      ],
      labelBBox: {
        x: 637,
        y: 1590,
        width: 25,
        height: 18,
      },
      parent: null,
      relations: [
        '1b6ke9k',
        '1g6b4s3',
      ],
      color: 'gray',
      line: 'dashed',
      head: 'normal',
    },
  ],
}
