{
  _type: 'element',
  tags: null,
  links: null,
  viewOf: 'inputs',
  _stage: 'layouted',
  sourcePath: 'views/simulation-data-flow.c4',
  description: null,
  title: 'Inputs',
  id: 'inputsDetails',
  autoLayout: {
    direction: 'LR',
    nodeSep: 55,
    rankSep: 80,
  },
  hash: 'nqLPPFpmMRa7D9K4gfHZd8keCHCxSXNK9Xa1b1JNavg',
  bounds: {
    x: 0,
    y: 0,
    width: 678,
    height: 372,
  },
  nodes: [
    {
      id: 'inputs',
      parent: null,
      level: 0,
      children: [
        'inputs.inputGeojson',
        'inputs.weather',
      ],
      inEdges: [],
      outEdges: [
        '1a9uwmm',
        '17fps8a',
      ],
      title: 'Inputs',
      modelRef: 'inputs',
      shape: 'person',
      color: 'amber',
      icon: 'gcp:user-preferences',
      style: {
        opacity: 15,
        size: 'sm',
      },
      description: {
        txt: 'External file and weather inputs',
      },
      tags: [],
      technology: 'User Preferences',
      kind: 'system',
      depth: 1,
      x: 8,
      y: 8,
      width: 260,
      height: 356,
      labelBBox: {
        x: 6,
        y: 0,
        width: 44,
        height: 15,
      },
    },
    {
      id: 'inputs.inputGeojson',
      parent: 'inputs',
      level: 1,
      children: [],
      inEdges: [],
      outEdges: [
        '1a9uwmm',
      ],
      title: 'Input GeoJSON',
      modelRef: 'inputs.inputGeojson',
      shape: 'document',
      color: 'amber',
      style: {
        opacity: 15,
        size: 'xs',
      },
      description: {
        txt: 'Disk file containing the source geospatial features',
      },
      tags: [],
      kind: 'input',
      x: 48,
      y: 69,
      width: 180,
      height: 100,
      labelBBox: {
        x: 39,
        y: 40,
        width: 103,
        height: 18,
      },
    },
    {
      id: 'inputs.weather',
      parent: 'inputs',
      level: 1,
      children: [],
      inEdges: [],
      outEdges: [
        '17fps8a',
      ],
      title: 'Weather Input',
      modelRef: 'inputs.weather',
      shape: 'document',
      color: 'amber',
      style: {
        opacity: 15,
        size: 'xs',
      },
      description: {
        txt: 'Weather data used during Zone5R1C simulation',
      },
      tags: [],
      kind: 'input',
      x: 48,
      y: 224,
      width: 180,
      height: 100,
      labelBBox: {
        x: 44,
        y: 40,
        width: 92,
        height: 18,
      },
    },
    {
      id: 'preprocessing',
      parent: null,
      level: 0,
      children: [],
      inEdges: [
        '1a9uwmm',
      ],
      outEdges: [],
      title: 'Preprocessing',
      modelRef: 'preprocessing',
      shape: 'rectangle',
      color: 'processing',
      icon: 'gcp:dataflow',
      style: {
        opacity: 15,
        size: 'sm',
      },
      description: {
        txt: 'Schema matching, geometric preprocessing, and archetype assignment',
      },
      tags: [],
      technology: 'Dataflow',
      kind: 'stage',
      x: 413,
      y: 33,
      width: 258,
      height: 135,
      labelBBox: {
        x: 34,
        y: 24,
        width: 208,
        height: 85,
      },
    },
    {
      id: 'simulation',
      parent: null,
      level: 0,
      children: [],
      inEdges: [
        '17fps8a',
      ],
      outEdges: [],
      title: 'Simulation',
      modelRef: 'simulation',
      shape: 'rectangle',
      color: 'processing',
      icon: 'gcp:compute-engine',
      style: {
        opacity: 15,
        size: 'sm',
      },
      description: {
        txt: 'Boundary-condition preparation, Zone5R1C execution, and result aggregation',
      },
      tags: [],
      technology: 'Compute Engine',
      kind: 'stage',
      navigateTo: 'simulationDetails',
      x: 406,
      y: 223,
      width: 272,
      height: 135,
      labelBBox: {
        x: 34,
        y: 24,
        width: 222,
        height: 85,
      },
    },
  ],
  edges: [
    {
      id: '1a9uwmm',
      source: 'inputs.inputGeojson',
      target: 'preprocessing',
      label: 'feature data',
      points: [
        [
          228,
          119,
        ],
        [
          286,
          119,
        ],
        [
          344,
          119,
        ],
        [
          402,
          119,
        ],
      ],
      labelBBox: {
        x: 276,
        y: 97,
        width: 79,
        height: 18,
      },
      parent: null,
      relations: [
        '1lc8uiz',
      ],
      color: 'gray',
      line: 'dashed',
      head: 'normal',
    },
    {
      id: '17fps8a',
      source: 'inputs.weather',
      target: 'simulation',
      label: 'weather input',
      points: [
        [
          228,
          274,
        ],
        [
          284,
          274,
        ],
        [
          339,
          274,
        ],
        [
          395,
          274,
        ],
      ],
      labelBBox: {
        x: 268,
        y: 252,
        width: 88,
        height: 18,
      },
      parent: null,
      relations: [
        '6jpqgv',
        'anicq1',
        'argb2k',
      ],
      color: 'gray',
      line: 'dashed',
      head: 'normal',
    },
  ],
}
