{
  _type: 'element',
  tags: null,
  links: null,
  _stage: 'layouted',
  sourcePath: 'views/simulation-data-flow.c4',
  description: {
    txt: 'From persisted annual results and modeling parameters through modeled mixture selection to a WebUI style update',
  },
  title: 'Post-hoc Scenario Mixer View',
  id: 'postHocScenarioMixerView',
  autoLayout: {
    direction: 'LR',
    nodeSep: 55,
    rankSep: 80,
  },
  hash: '-3ZAx50bHrjiLa87BPj5Mv2gXXt13n-wayUDn_EtLjs',
  bounds: {
    x: 0,
    y: 0,
    width: 2388,
    height: 408,
  },
  nodes: [
    {
      id: 'resultTables',
      parent: null,
      level: 0,
      children: [],
      inEdges: [],
      outEdges: [
        'zns3t1',
      ],
      title: 'Result Tables',
      modelRef: 'resultTables',
      shape: 'storage',
      color: 'gray',
      icon: 'gcp:big-query',
      style: {
        opacity: 15,
        size: 'sm',
      },
      description: {
        txt: 'Persistent simulation-result tables',
      },
      tags: [],
      technology: 'Big Query',
      kind: 'system',
      navigateTo: 'resultTablesDetails',
      isCustomized: true,
      x: 7,
      y: 42,
      width: 279,
      height: 135,
      labelBBox: {
        x: 34,
        y: 39,
        width: 230,
        height: 56,
      },
    },
    {
      id: 'mixerInput',
      parent: null,
      level: 0,
      children: [],
      inEdges: [],
      outEdges: [
        '1cnodg8',
      ],
      title: 'Input',
      modelRef: 'mixerInput',
      shape: 'person',
      color: 'amber',
      icon: 'gcp:user-preferences',
      style: {
        opacity: 15,
        size: 'sm',
      },
      description: {
        txt: 'Modeling parameters supplied to the post-hoc scenario mixer',
      },
      tags: [],
      technology: 'User Preferences',
      kind: 'system',
      x: 0,
      y: 232,
      width: 294,
      height: 135,
      labelBBox: {
        x: 34,
        y: 31,
        width: 244,
        height: 71,
      },
    },
    {
      id: 'webUI',
      parent: null,
      level: 0,
      children: [],
      inEdges: [
        'vtrvfd',
      ],
      outEdges: [
        '1a1tocp',
      ],
      title: 'WebUI',
      modelRef: 'webUI',
      shape: 'browser',
      color: 'processing',
      icon: 'gcp:app-engine',
      style: {
        opacity: 15,
        size: 'sm',
      },
      description: {
        txt: 'Interactive interface for mixer requests and scenario-result styling',
      },
      tags: [],
      technology: 'App Engine',
      kind: 'ui',
      x: 2134,
      y: 180,
      width: 254,
      height: 135,
      labelBBox: {
        x: 33,
        y: 24,
        width: 205,
        height: 85,
      },
    },
    {
      id: 'scenarioMixer',
      parent: null,
      level: 0,
      children: [
        'scenarioMixer.siteEnergyResult',
        'scenarioMixer.choiceModel',
        'scenarioMixer.modeledMixtureSelection',
        'scenarioMixer.scenarioResults',
      ],
      inEdges: [
        'zns3t1',
        '1cnodg8',
        '1a1tocp',
      ],
      outEdges: [
        'vtrvfd',
      ],
      title: 'Scenario Mixer',
      modelRef: 'scenarioMixer',
      shape: 'rectangle',
      color: 'gray',
      icon: 'gcp:advanced-agent-modeling',
      style: {
        opacity: 15,
        size: 'sm',
      },
      description: {
        txt: 'Applies choice-model parameters to annual results and returns a styled scenario mixture',
      },
      tags: [],
      technology: 'Advanced Agent Modeling',
      kind: 'system',
      depth: 1,
      x: 512,
      y: 8,
      width: 1327,
      height: 392,
      labelBBox: {
        x: 6,
        y: 0,
        width: 100,
        height: 15,
      },
    },
    {
      id: 'scenarioMixer.siteEnergyResult',
      parent: 'scenarioMixer',
      level: 1,
      children: [],
      inEdges: [
        'zns3t1',
      ],
      outEdges: [
        '1iyrt5a',
      ],
      title: 'SiteEnergyResult',
      modelRef: 'scenarioMixer.siteEnergyResult',
      shape: 'rectangle',
      color: 'green',
      icon: 'gcp:big-query',
      style: {
        opacity: 15,
        size: 'xs',
        multiple: true,
      },
      description: {
        txt: 'Annual per-building site energy results loaded from persistence',
      },
      tags: [],
      technology: 'Big Query',
      kind: 'result',
      isCustomized: true,
      x: 598,
      y: 69,
      width: 196,
      height: 100,
      labelBBox: {
        x: 28,
        y: 40,
        width: 152,
        height: 18,
      },
    },
    {
      id: 'scenarioMixer.choiceModel',
      parent: 'scenarioMixer',
      level: 1,
      children: [],
      inEdges: [
        '1cnodg8',
        '1a1tocp',
      ],
      outEdges: [
        '1vgz43u',
      ],
      title: 'Choice Model',
      modelRef: 'scenarioMixer.choiceModel',
      shape: 'rectangle',
      color: 'processing',
      icon: 'gcp:vertex-ai',
      style: {
        opacity: 15,
        size: 'sm',
      },
      description: {
        txt: 'Converts modeling parameters and API requests into mixer parameters',
      },
      tags: [],
      technology: 'Vertex Ai',
      kind: 'stage',
      x: 552,
      y: 224,
      width: 288,
      height: 135,
      labelBBox: {
        x: 34,
        y: 31,
        width: 238,
        height: 71,
      },
    },
    {
      id: 'scenarioMixer.modeledMixtureSelection',
      parent: 'scenarioMixer',
      level: 1,
      children: [],
      inEdges: [
        '1iyrt5a',
        '1vgz43u',
      ],
      outEdges: [
        '1dca8t6',
      ],
      title: 'Modeled Mixture Selection',
      modelRef: 'scenarioMixer.modeledMixtureSelection',
      shape: 'rectangle',
      color: 'processing',
      icon: 'gcp:recommendations-ai',
      style: {
        opacity: 15,
        size: 'sm',
      },
      description: {
        txt: 'Applies mixer parameters to the modeled scenario mixture',
      },
      tags: [],
      technology: 'Recommendations Ai',
      kind: 'stage',
      x: 1037,
      y: 73,
      width: 288,
      height: 135,
      labelBBox: {
        x: 33,
        y: 31,
        width: 239,
        height: 71,
      },
    },
    {
      id: 'scenarioMixer.scenarioResults',
      parent: 'scenarioMixer',
      level: 1,
      children: [],
      inEdges: [
        '1dca8t6',
      ],
      outEdges: [
        'vtrvfd',
      ],
      title: 'Scenario Results',
      modelRef: 'scenarioMixer.scenarioResults',
      shape: 'rectangle',
      color: 'green',
      icon: 'gcp:looker',
      style: {
        opacity: 15,
        size: 'xs',
      },
      description: {
        txt: 'Real-time scenario aggregation returned to the WebUI',
      },
      tags: [],
      technology: 'Looker',
      kind: 'result',
      x: 1605,
      y: 91,
      width: 193,
      height: 100,
      labelBBox: {
        x: 28,
        y: 40,
        width: 150,
        height: 18,
      },
    },
  ],
  edges: [
    {
      id: 'zns3t1',
      source: 'resultTables',
      target: 'scenarioMixer.siteEnergyResult',
      label: 'BuildingId, Annual Results',
      points: [
        [
          286,
          119,
        ],
        [
          386,
          119,
        ],
        [
          487,
          119,
        ],
        [
          587,
          119,
        ],
      ],
      labelBBox: {
        x: 353,
        y: 97,
        width: 167,
        height: 18,
      },
      parent: null,
      relations: [
        '1lxc8sx',
      ],
      color: 'gray',
      line: 'dashed',
      head: 'normal',
    },
    {
      id: '1cnodg8',
      source: 'mixerInput',
      target: 'scenarioMixer.choiceModel',
      label: 'Modeling Parameters',
      points: [
        [
          294,
          296,
        ],
        [
          376,
          296,
        ],
        [
          459,
          296,
        ],
        [
          541,
          296,
        ],
      ],
      labelBBox: {
        x: 349,
        y: 274,
        width: 137,
        height: 18,
      },
      parent: null,
      relations: [
        'xher0z',
      ],
      color: 'gray',
      line: 'dashed',
      head: 'normal',
    },
    {
      id: '1a1tocp',
      source: 'webUI',
      target: 'scenarioMixer.choiceModel',
      label: 'API Call with Mixer Parameters',
      points: [
        [
          2134,
          270,
        ],
        [
          1706,
          270,
        ],
        [
          1279,
          270,
        ],
        [
          851,
          270,
        ],
      ],
      labelBBox: {
        x: 1394,
        y: 248,
        width: 198,
        height: 18,
      },
      parent: null,
      relations: [
        'kx5pal',
      ],
      color: 'gray',
      line: 'dashed',
      head: 'normal',
    },
    {
      id: '1iyrt5a',
      source: 'scenarioMixer.siteEnergyResult',
      target: 'scenarioMixer.modeledMixtureSelection',
      label: null,
      points: [
        [
          794,
          121,
        ],
        [
          871,
          121,
        ],
        [
          949,
          121,
        ],
        [
          1026,
          121,
        ],
      ],
      labelBBox: null,
      parent: 'scenarioMixer',
      relations: [
        'l1sld7',
      ],
      color: 'gray',
      line: 'dashed',
      head: 'normal',
    },
    {
      id: '1vgz43u',
      source: 'scenarioMixer.choiceModel',
      target: 'scenarioMixer.modeledMixtureSelection',
      label: 'Mixer Parameters',
      points: [
        [
          840,
          292,
        ],
        [
          949,
          292,
        ],
        [
          1058,
          292,
        ],
        [
          1167,
          292,
        ],
        [
          1175,
          292,
        ],
        [
          1181,
          286,
        ],
        [
          1181,
          278,
        ],
        [
          1181,
          258,
        ],
        [
          1181,
          239,
        ],
        [
          1181,
          219,
        ],
      ],
      labelBBox: {
        x: 954,
        y: 270,
        width: 114,
        height: 18,
      },
      parent: 'scenarioMixer',
      relations: [
        '7rpstc',
      ],
      color: 'gray',
      line: 'dashed',
      head: 'normal',
    },
    {
      id: '1dca8t6',
      source: 'scenarioMixer.modeledMixtureSelection',
      target: 'scenarioMixer.scenarioResults',
      label: 'Real Time Aggregation',
      points: [
        [
          1325,
          141,
        ],
        [
          1415,
          141,
        ],
        [
          1504,
          141,
        ],
        [
          1594,
          141,
        ],
      ],
      labelBBox: {
        x: 1386,
        y: 119,
        width: 147,
        height: 18,
      },
      parent: 'scenarioMixer',
      relations: [
        '54xvq4',
      ],
      color: 'gray',
      line: 'dashed',
      head: 'normal',
    },
    {
      id: 'vtrvfd',
      source: 'scenarioMixer.scenarioResults',
      target: 'webUI',
      label: 'API Response Triggering Style Update',
      points: [
        [
          1702,
          191,
        ],
        [
          1702,
          205,
        ],
        [
          1702,
          220,
        ],
        [
          1702,
          234,
        ],
        [
          1702,
          242,
        ],
        [
          1708,
          248,
        ],
        [
          1716,
          248,
        ],
        [
          1852,
          248,
        ],
        [
          1987,
          248,
        ],
        [
          2123,
          248,
        ],
      ],
      labelBBox: {
        x: 1791,
        y: 226,
        width: 244,
        height: 18,
      },
      parent: null,
      relations: [
        'pkfi72',
      ],
      color: 'gray',
      line: 'dashed',
      head: 'normal',
    },
  ],
}
