{
  _type: 'element',
  tags: null,
  links: null,
  viewOf: 'simulation.precomputeBoundary',
  _stage: 'layouted',
  sourcePath: 'views/simulation-data-flow.c4',
  description: null,
  title: 'Precompute Boundary Conditions',
  id: 'precomputeBoundaryDetails',
  autoLayout: {
    direction: 'LR',
    nodeSep: 55,
    rankSep: 80,
  },
  hash: 'ojabLZT4flKeIbrULBaoy7pC3dLYg089yvA0R85-JGw',
  bounds: {
    x: 0,
    y: 0,
    width: 2182,
    height: 452,
  },
  nodes: [
    {
      id: 'feature2Building',
      parent: null,
      level: 0,
      children: [
        'feature2Building.zones',
      ],
      inEdges: [],
      outEdges: [
        '12ha75h',
      ],
      title: 'Feature2Building (F2B)',
      modelRef: 'feature2Building',
      shape: 'rectangle',
      color: 'processing',
      icon: 'gcp:cloud-functions',
      style: {
        border: 'solid',
        opacity: 12,
        size: 'sm',
      },
      description: {
        txt: 'Builds domain objects and archetype assignments from a preprocessed Feature',
      },
      tags: [],
      technology: 'Cloud Functions',
      kind: 'stage',
      depth: 1,
      navigateTo: 'feature2BuildingDetails',
      x: 8,
      y: 8,
      width: 244,
      height: 185,
      labelBBox: {
        x: 6,
        y: 0,
        width: 146,
        height: 15,
      },
    },
    {
      id: 'inputs',
      parent: null,
      level: 0,
      children: [
        'inputs.weather',
      ],
      inEdges: [],
      outEdges: [
        'crgp4l',
        '1nymy82',
        '10euzyn',
      ],
      title: 'Inputs',
      modelRef: 'inputs',
      shape: 'person',
      color: 'amber',
      icon: 'gcp:user-preferences',
      style: {
        opacity: 15,
        size: 'sm',
      },
      description: {
        txt: 'External file and weather inputs',
      },
      tags: [],
      technology: 'User Preferences',
      kind: 'system',
      depth: 1,
      navigateTo: 'inputsDetails',
      x: 8,
      y: 259,
      width: 244,
      height: 185,
      labelBBox: {
        x: 6,
        y: 0,
        width: 44,
        height: 15,
      },
    },
    {
      id: 'feature2Building.zones',
      parent: 'feature2Building',
      level: 1,
      children: [],
      inEdges: [],
      outEdges: [
        '12ha75h',
      ],
      title: 'Zones',
      modelRef: 'feature2Building.zones',
      shape: 'rectangle',
      color: 'domain',
      style: {
        opacity: 15,
        size: 'xs',
        multiple: true,
      },
      description: {
        txt: 'Multiple simulation zones owned by a Building, each with construction, systems, and energy-load components',
      },
      tags: [],
      kind: 'domainObject',
      navigateTo: 'zonesDetails',
      x: 40,
      y: 61,
      width: 180,
      height: 100,
      labelBBox: {
        x: 69,
        y: 40,
        width: 43,
        height: 18,
      },
    },
    {
      id: 'inputs.weather',
      parent: 'inputs',
      level: 1,
      children: [],
      inEdges: [],
      outEdges: [
        'crgp4l',
        '1nymy82',
        '10euzyn',
      ],
      title: 'Weather Input',
      modelRef: 'inputs.weather',
      shape: 'document',
      color: 'amber',
      style: {
        opacity: 15,
        size: 'xs',
      },
      description: {
        txt: 'Weather data used during Zone5R1C simulation',
      },
      tags: [],
      kind: 'input',
      x: 40,
      y: 312,
      width: 180,
      height: 100,
      labelBBox: {
        x: 44,
        y: 40,
        width: 92,
        height: 18,
      },
    },
    {
      id: 'simulation.precomputeBoundary',
      parent: null,
      level: 0,
      children: [
        'simulation.precomputeBoundary.localWeather',
        'simulation.precomputeBoundary.faceRadiation',
        'simulation.precomputeBoundary.boundaryConditions',
      ],
      inEdges: [
        '12ha75h',
        'crgp4l',
        '1nymy82',
      ],
      outEdges: [
        '14lt0hp',
      ],
      title: 'Precompute Boundary Conditions',
      modelRef: 'simulation.precomputeBoundary',
      shape: 'rectangle',
      color: 'processing',
      icon: 'gcp:dataflow',
      style: {
        opacity: 15,
        size: 'sm',
      },
      description: {
        txt: 'Derives local weather, face radiation, and boundary conditions required by Zone5R1C',
      },
      tags: [],
      technology: 'Dataflow',
      kind: 'stage',
      depth: 1,
      x: 431,
      y: 8,
      width: 1264,
      height: 237,
      labelBBox: {
        x: 6,
        y: 0,
        width: 220,
        height: 15,
      },
    },
    {
      id: 'simulation.precomputeBoundary.localWeather',
      parent: 'simulation.precomputeBoundary',
      level: 1,
      children: [],
      inEdges: [
        '12ha75h',
        'crgp4l',
      ],
      outEdges: [
        '1hchfkt',
      ],
      title: 'Local Weather',
      modelRef: 'simulation.precomputeBoundary.localWeather',
      shape: 'rectangle',
      color: 'processing',
      style: {
        opacity: 15,
        size: 'sm',
      },
      description: {
        txt: 'Resolves zone-local weather conditions from site weather and zone context',
      },
      tags: [],
      kind: 'stage',
      x: 471,
      y: 69,
      width: 266,
      height: 135,
      labelBBox: {
        x: 12,
        y: 40,
        width: 242,
        height: 54,
      },
    },
    {
      id: 'simulation.precomputeBoundary.faceRadiation',
      parent: 'simulation.precomputeBoundary',
      level: 1,
      children: [],
      inEdges: [
        '1nymy82',
        '1hchfkt',
      ],
      outEdges: [
        '10dpya8',
      ],
      title: 'Face Radiation',
      modelRef: 'simulation.precomputeBoundary.faceRadiation',
      shape: 'rectangle',
      color: 'processing',
      style: {
        opacity: 15,
        size: 'sm',
      },
      description: {
        txt: 'Computes radiation conditions for zone faces',
      },
      tags: [],
      kind: 'stage',
      x: 906,
      y: 69,
      width: 268,
      height: 135,
      labelBBox: {
        x: 11,
        y: 47,
        width: 244,
        height: 39,
      },
    },
    {
      id: 'simulation.precomputeBoundary.boundaryConditions',
      parent: 'simulation.precomputeBoundary',
      level: 1,
      children: [],
      inEdges: [
        '10dpya8',
      ],
      outEdges: [
        '14lt0hp',
      ],
      title: 'Boundary Conditions',
      modelRef: 'simulation.precomputeBoundary.boundaryConditions',
      shape: 'rectangle',
      color: 'processing',
      style: {
        opacity: 15,
        size: 'sm',
      },
      description: {
        txt: 'Assembles the boundary conditions consumed by Zone5R1C',
      },
      tags: [],
      kind: 'stage',
      x: 1363,
      y: 69,
      width: 292,
      height: 135,
      labelBBox: {
        x: 12,
        y: 40,
        width: 268,
        height: 54,
      },
    },
    {
      id: 'simulation.zone5R1C',
      parent: null,
      level: 0,
      children: [],
      inEdges: [
        '14lt0hp',
        '10euzyn',
      ],
      outEdges: [],
      title: 'Zone5R1C Simulation',
      modelRef: 'simulation.zone5R1C',
      shape: 'rectangle',
      color: 'processing',
      icon: 'gcp:compute-engine',
      style: {
        opacity: 15,
        size: 'sm',
      },
      description: {
        txt: 'Simulates prepared Zone5R1C objects with weather input',
      },
      tags: [],
      technology: 'Compute Engine',
      kind: 'stage',
      x: 1875,
      y: 308,
      width: 306,
      height: 135,
      labelBBox: {
        x: 34,
        y: 31,
        width: 256,
        height: 71,
      },
    },
  ],
  edges: [
    {
      id: '12ha75h',
      source: 'feature2Building.zones',
      target: 'simulation.precomputeBoundary.localWeather',
      label: 'zone geometry + location',
      points: [
        [
          220,
          115,
        ],
        [
          300,
          115,
        ],
        [
          380,
          115,
        ],
        [
          460,
          115,
        ],
      ],
      labelBBox: {
        x: 260,
        y: 93,
        width: 161,
        height: 18,
      },
      parent: null,
      relations: [
        'ssl67r',
      ],
      color: 'gray',
      line: 'dashed',
      head: 'normal',
    },
    {
      id: 'crgp4l',
      source: 'inputs.weather',
      target: 'simulation.precomputeBoundary.localWeather',
      label: 'weather input',
      points: [
        [
          220,
          362,
        ],
        [
          343,
          362,
        ],
        [
          467,
          362,
        ],
        [
          590,
          362,
        ],
        [
          598,
          362,
        ],
        [
          604,
          356,
        ],
        [
          604,
          348,
        ],
        [
          604,
          304,
        ],
        [
          604,
          259,
        ],
        [
          604,
          215,
        ],
      ],
      labelBBox: {
        x: 368,
        y: 340,
        width: 88,
        height: 18,
      },
      parent: null,
      relations: [
        '6jpqgv',
      ],
      color: 'gray',
      line: 'dashed',
      head: 'normal',
    },
    {
      id: '1nymy82',
      source: 'inputs.weather',
      target: 'simulation.precomputeBoundary.faceRadiation',
      label: 'weather input',
      points: [
        [
          220,
          378,
        ],
        [
          489,
          378,
        ],
        [
          757,
          378,
        ],
        [
          1026,
          378,
        ],
        [
          1034,
          378,
        ],
        [
          1040,
          372,
        ],
        [
          1040,
          364,
        ],
        [
          1040,
          314,
        ],
        [
          1040,
          265,
        ],
        [
          1040,
          215,
        ],
      ],
      labelBBox: {
        x: 586,
        y: 356,
        width: 88,
        height: 18,
      },
      parent: null,
      relations: [
        'anicq1',
      ],
      color: 'gray',
      line: 'dashed',
      head: 'normal',
    },
    {
      id: '1hchfkt',
      source: 'simulation.precomputeBoundary.localWeather',
      target: 'simulation.precomputeBoundary.faceRadiation',
      label: 'local weather',
      points: [
        [
          737,
          137,
        ],
        [
          790,
          137,
        ],
        [
          842,
          137,
        ],
        [
          895,
          137,
        ],
      ],
      labelBBox: {
        x: 773,
        y: 115,
        width: 86,
        height: 18,
      },
      parent: 'simulation.precomputeBoundary',
      relations: [
        '1m41lmy',
      ],
      color: 'gray',
      line: 'dashed',
      head: 'normal',
    },
    {
      id: '10dpya8',
      source: 'simulation.precomputeBoundary.faceRadiation',
      target: 'simulation.precomputeBoundary.boundaryConditions',
      label: 'surface radiation',
      points: [
        [
          1174,
          137,
        ],
        [
          1233,
          137,
        ],
        [
          1293,
          137,
        ],
        [
          1352,
          137,
        ],
      ],
      labelBBox: {
        x: 1209,
        y: 115,
        width: 108,
        height: 18,
      },
      parent: 'simulation.precomputeBoundary',
      relations: [
        '1krokf4',
      ],
      color: 'gray',
      line: 'dashed',
      head: 'normal',
    },
    {
      id: '14lt0hp',
      source: 'simulation.precomputeBoundary.boundaryConditions',
      target: 'simulation.zone5R1C',
      label: 'boundary conditions',
      points: [
        [
          1509,
          204,
        ],
        [
          1509,
          257,
        ],
        [
          1509,
          309,
        ],
        [
          1509,
          362,
        ],
        [
          1509,
          370,
        ],
        [
          1515,
          376,
        ],
        [
          1523,
          376,
        ],
        [
          1637,
          376,
        ],
        [
          1750,
          376,
        ],
        [
          1864,
          376,
        ],
      ],
      labelBBox: {
        x: 1622,
        y: 354,
        width: 129,
        height: 18,
      },
      parent: null,
      relations: [
        '2cg7a0',
      ],
      color: 'gray',
      line: 'dashed',
      head: 'normal',
    },
    {
      id: '10euzyn',
      source: 'inputs.weather',
      target: 'simulation.zone5R1C',
      label: 'weather input',
      points: [
        [
          220,
          362,
        ],
        [
          768,
          362,
        ],
        [
          1316,
          362,
        ],
        [
          1864,
          362,
        ],
      ],
      labelBBox: {
        x: 998,
        y: 340,
        width: 88,
        height: 18,
      },
      parent: null,
      relations: [
        'argb2k',
      ],
      color: 'gray',
      line: 'dashed',
      head: 'normal',
    },
  ],
}
