{
  _type: 'element',
  tags: null,
  links: null,
  viewOf: 'resultTables',
  _stage: 'layouted',
  sourcePath: 'views/simulation-data-flow.c4',
  description: null,
  title: 'Result Tables',
  id: 'resultTablesDetails',
  autoLayout: {
    direction: 'LR',
    nodeSep: 55,
    rankSep: 80,
  },
  hash: 'pQD6_5vfuSB0YVUPtA7_nIVpYTkQPIp_iJwn6mU2esE',
  bounds: {
    x: 0,
    y: 0,
    width: 805,
    height: 527,
  },
  nodes: [
    {
      id: 'precomputeBoundary',
      parent: null,
      level: 0,
      children: [],
      inEdges: [],
      outEdges: [
        '1ibzldv',
      ],
      title: 'Precompute Boundary Conditions',
      modelRef: 'precomputeBoundary',
      shape: 'rectangle',
      color: 'processing',
      icon: 'gcp:dataflow',
      style: {
        opacity: 15,
        size: 'sm',
      },
      description: {
        txt: 'Derives local weather, face radiation, and boundary conditions required by Zone5R1C',
      },
      tags: [],
      technology: 'Dataflow',
      kind: 'stage',
      navigateTo: 'precomputeBoundaryDetails',
      x: 0,
      y: 37,
      width: 339,
      height: 135,
      labelBBox: {
        x: 34,
        y: 24,
        width: 289,
        height: 85,
      },
    },
    {
      id: 'resultsAggregation',
      parent: null,
      level: 0,
      children: [],
      inEdges: [],
      outEdges: [
        'grjten',
        'c1uc8n',
        'qaor7s',
      ],
      title: 'Results Aggregation',
      modelRef: 'resultsAggregation',
      shape: 'rectangle',
      color: 'processing',
      icon: 'gcp:big-query',
      style: {
        opacity: 15,
        size: 'sm',
      },
      description: {
        txt: 'Zone, Building, and Site result aggregation',
      },
      tags: [],
      technology: 'Big Query',
      kind: 'stage',
      navigateTo: 'resultsAggregationDetails',
      x: 40,
      y: 227,
      width: 260,
      height: 135,
      labelBBox: {
        x: 34,
        y: 31,
        width: 210,
        height: 71,
      },
    },
    {
      id: 'resultTables',
      parent: null,
      level: 0,
      children: [
        'resultTables.zoneResultTable',
        'resultTables.buildingResultTable',
        'resultTables.siteEnergyResultTable',
      ],
      inEdges: [
        '1ibzldv',
        'grjten',
        'c1uc8n',
        'qaor7s',
      ],
      outEdges: [],
      title: 'Result Tables',
      modelRef: 'resultTables',
      shape: 'storage',
      color: 'gray',
      style: {
        opacity: 15,
        size: 'sm',
      },
      description: {
        txt: 'Persistent simulation-result tables',
      },
      tags: [],
      kind: 'system',
      depth: 1,
      x: 537,
      y: 8,
      width: 260,
      height: 511,
      labelBBox: {
        x: 6,
        y: 0,
        width: 95,
        height: 15,
      },
    },
    {
      id: 'resultTables.zoneResultTable',
      parent: 'resultTables',
      level: 1,
      children: [],
      inEdges: [
        '1ibzldv',
        'grjten',
      ],
      outEdges: [],
      title: 'Zone Result Table',
      modelRef: 'resultTables.zoneResultTable',
      shape: 'storage',
      color: 'datastore',
      style: {
        opacity: 15,
        size: 'xs',
      },
      description: {
        txt: 'Persists ZoneResult records and boundary results',
      },
      tags: [],
      kind: 'table',
      x: 577,
      y: 69,
      width: 180,
      height: 100,
      labelBBox: {
        x: 31,
        y: 40,
        width: 118,
        height: 18,
      },
    },
    {
      id: 'resultTables.buildingResultTable',
      parent: 'resultTables',
      level: 1,
      children: [],
      inEdges: [
        'c1uc8n',
      ],
      outEdges: [],
      title: 'Building Result Table',
      modelRef: 'resultTables.buildingResultTable',
      shape: 'storage',
      color: 'datastore',
      style: {
        opacity: 15,
        size: 'xs',
      },
      description: {
        txt: 'Persists BuildingResult records',
      },
      tags: [],
      kind: 'table',
      x: 577,
      y: 224,
      width: 180,
      height: 100,
      labelBBox: {
        x: 22,
        y: 40,
        width: 136,
        height: 18,
      },
    },
    {
      id: 'resultTables.siteEnergyResultTable',
      parent: 'resultTables',
      level: 1,
      children: [],
      inEdges: [
        'qaor7s',
      ],
      outEdges: [],
      title: 'Site Energy Result Table',
      modelRef: 'resultTables.siteEnergyResultTable',
      shape: 'storage',
      color: 'datastore',
      style: {
        opacity: 15,
        size: 'xs',
      },
      description: {
        txt: 'Persists SiteEnergyResult records',
      },
      tags: [],
      kind: 'table',
      x: 577,
      y: 379,
      width: 180,
      height: 100,
      labelBBox: {
        x: 11,
        y: 40,
        width: 159,
        height: 18,
      },
    },
  ],
  edges: [
    {
      id: '1ibzldv',
      source: 'precomputeBoundary',
      target: 'resultTables.zoneResultTable',
      label: 'writes boundary results',
      points: [
        [
          339,
          119,
        ],
        [
          415,
          119,
        ],
        [
          490,
          119,
        ],
        [
          566,
          119,
        ],
      ],
      labelBBox: {
        x: 379,
        y: 97,
        width: 148,
        height: 18,
      },
      parent: null,
      relations: [
        '3zwnpf',
      ],
      color: 'gray',
      line: 'dashed',
      head: 'normal',
    },
    {
      id: 'grjten',
      source: 'resultsAggregation',
      target: 'resultTables.zoneResultTable',
      label: 'persists',
      points: [
        [
          300,
          295,
        ],
        [
          348,
          295,
        ],
        [
          396,
          295,
        ],
        [
          444,
          295,
        ],
        [
          452,
          295,
        ],
        [
          458,
          289,
        ],
        [
          458,
          281,
        ],
        [
          458,
          237,
        ],
        [
          458,
          193,
        ],
        [
          458,
          149,
        ],
        [
          458,
          141,
        ],
        [
          464,
          135,
        ],
        [
          472,
          135,
        ],
        [
          503,
          135,
        ],
        [
          535,
          135,
        ],
        [
          566,
          135,
        ],
      ],
      labelBBox: {
        x: 404,
        y: 206,
        width: 52,
        height: 18,
      },
      parent: null,
      relations: [
        'j9yp3',
      ],
      color: 'gray',
      line: 'dashed',
      head: 'normal',
    },
    {
      id: 'c1uc8n',
      source: 'resultsAggregation',
      target: 'resultTables.buildingResultTable',
      label: 'persists',
      points: [
        [
          300,
          276,
        ],
        [
          389,
          276,
        ],
        [
          477,
          276,
        ],
        [
          566,
          276,
        ],
      ],
      labelBBox: {
        x: 407,
        y: 254,
        width: 52,
        height: 18,
      },
      parent: null,
      relations: [
        'i4fr5s',
      ],
      color: 'gray',
      line: 'dashed',
      head: 'normal',
    },
    {
      id: 'qaor7s',
      source: 'resultsAggregation',
      target: 'resultTables.siteEnergyResultTable',
      label: 'persists',
      points: [
        [
          170,
          362,
        ],
        [
          170,
          380,
        ],
        [
          170,
          397,
        ],
        [
          170,
          415,
        ],
        [
          170,
          423,
        ],
        [
          176,
          429,
        ],
        [
          184,
          429,
        ],
        [
          311,
          429,
        ],
        [
          439,
          429,
        ],
        [
          566,
          429,
        ],
      ],
      labelBBox: {
        x: 342,
        y: 407,
        width: 52,
        height: 18,
      },
      parent: null,
      relations: [
        'vyvdy9',
      ],
      color: 'gray',
      line: 'dashed',
      head: 'normal',
    },
  ],
}
