{
  _type: 'element',
  tags: null,
  links: null,
  viewOf: 'resultsAggregation',
  _stage: 'layouted',
  sourcePath: 'views/simulation-data-flow.c4',
  description: null,
  title: 'Results Aggregation',
  id: 'resultsAggregationDetails',
  autoLayout: {
    direction: 'LR',
    nodeSep: 55,
    rankSep: 80,
  },
  hash: '7IxL8GzGPketYZn3zYRM7h8HZFzRaSBo0xlh45WU7Mo',
  bounds: {
    x: 0,
    y: 0,
    width: 1821,
    height: 325,
  },
  nodes: [
    {
      id: 'zone5R1C',
      parent: null,
      level: 0,
      children: [],
      inEdges: [],
      outEdges: [
        '12ett66',
      ],
      title: 'Zone5R1C Simulation',
      modelRef: 'zone5R1C',
      shape: 'rectangle',
      color: 'processing',
      icon: 'gcp:compute-engine',
      style: {
        opacity: 15,
        size: 'sm',
      },
      description: {
        txt: 'Simulates prepared Zone5R1C objects with weather input',
      },
      tags: [],
      technology: 'Compute Engine',
      kind: 'stage',
      x: 0,
      y: 57,
      width: 306,
      height: 135,
      labelBBox: {
        x: 34,
        y: 31,
        width: 257,
        height: 71,
      },
    },
    {
      id: 'resultsAggregation',
      parent: null,
      level: 0,
      children: [
        'resultsAggregation.zoneResult',
        'resultsAggregation.buildingResult',
        'resultsAggregation.siteEnergyResult',
      ],
      inEdges: [
        '12ett66',
      ],
      outEdges: [
        '166u529',
        'tw7fd5',
        'fc1qt2',
        'h8tyki',
      ],
      title: 'Results Aggregation',
      modelRef: 'resultsAggregation',
      shape: 'rectangle',
      color: 'processing',
      icon: 'gcp:big-query',
      style: {
        opacity: 15,
        size: 'sm',
      },
      description: {
        txt: 'Zone, Building, and Site result aggregation',
      },
      tags: [],
      technology: 'Big Query',
      kind: 'stage',
      depth: 1,
      x: 394,
      y: 14,
      width: 985,
      height: 206,
      labelBBox: {
        x: 6,
        y: -1,
        width: 142,
        height: 15,
      },
    },
    {
      id: 'resultsAggregation.zoneResult',
      parent: 'resultsAggregation',
      level: 1,
      children: [],
      inEdges: [
        '12ett66',
      ],
      outEdges: [
        '1gxla1u',
        '166u529',
      ],
      title: 'ZoneResult',
      modelRef: 'resultsAggregation.zoneResult',
      shape: 'rectangle',
      color: 'green',
      style: {
        opacity: 15,
        size: 'xs',
      },
      description: {
        txt: 'Zone-level simulation result',
      },
      tags: [],
      kind: 'result',
      x: 434,
      y: 75,
      width: 180,
      height: 100,
      labelBBox: {
        x: 53,
        y: 39,
        width: 76,
        height: 18,
      },
    },
    {
      id: 'resultsAggregation.buildingResult',
      parent: 'resultsAggregation',
      level: 1,
      children: [],
      inEdges: [
        '1gxla1u',
      ],
      outEdges: [
        '9t55g5',
        'tw7fd5',
      ],
      title: 'BuildingResult',
      modelRef: 'resultsAggregation.buildingResult',
      shape: 'rectangle',
      color: 'green',
      style: {
        opacity: 15,
        size: 'xs',
      },
      description: {
        txt: 'Building-level aggregate result',
      },
      tags: [],
      kind: 'result',
      x: 797,
      y: 75,
      width: 180,
      height: 100,
      labelBBox: {
        x: 43,
        y: 39,
        width: 94,
        height: 18,
      },
    },
    {
      id: 'resultsAggregation.siteEnergyResult',
      parent: 'resultsAggregation',
      level: 1,
      children: [],
      inEdges: [
        '9t55g5',
      ],
      outEdges: [
        'fc1qt2',
        'h8tyki',
      ],
      title: 'SiteEnergyResult',
      modelRef: 'resultsAggregation.siteEnergyResult',
      shape: 'rectangle',
      color: 'green',
      style: {
        opacity: 15,
        size: 'xs',
      },
      description: {
        txt: 'Site-level aggregate energy result',
      },
      tags: [],
      kind: 'result',
      x: 1159,
      y: 75,
      width: 180,
      height: 100,
      labelBBox: {
        x: 34,
        y: 39,
        width: 112,
        height: 18,
      },
    },
    {
      id: 'resultTables',
      parent: null,
      level: 0,
      children: [],
      inEdges: [
        '166u529',
        'tw7fd5',
        'fc1qt2',
      ],
      outEdges: [],
      title: 'Result Tables',
      modelRef: 'resultTables',
      shape: 'storage',
      color: 'gray',
      style: {
        opacity: 15,
        size: 'sm',
      },
      description: {
        txt: 'Persistent simulation-result tables',
      },
      tags: [],
      kind: 'system',
      navigateTo: 'resultTablesDetails',
      x: 1581,
      y: 190,
      width: 240,
      height: 135,
      labelBBox: {
        x: 28,
        y: 47,
        width: 183,
        height: 39,
      },
    },
    {
      id: 'gisTables',
      parent: null,
      level: 0,
      children: [],
      inEdges: [
        'h8tyki',
      ],
      outEdges: [],
      title: 'GIS Tables',
      modelRef: 'gisTables',
      shape: 'storage',
      color: 'gray',
      style: {
        opacity: 15,
        size: 'sm',
      },
      description: {
        txt: 'GIS properties and selected result projections',
      },
      tags: [],
      kind: 'system',
      navigateTo: 'gisTablesDetails',
      x: 1581,
      y: 0,
      width: 240,
      height: 135,
      labelBBox: {
        x: 27,
        y: 40,
        width: 185,
        height: 53,
      },
    },
  ],
  edges: [
    {
      id: '12ett66',
      source: 'zone5R1C',
      target: 'resultsAggregation.zoneResult',
      label: 'emits',
      points: [
        [
          306,
          125,
        ],
        [
          345,
          125,
        ],
        [
          384,
          125,
        ],
        [
          423,
          125,
        ],
      ],
      labelBBox: {
        x: 346,
        y: 103,
        width: 37,
        height: 18,
      },
      parent: null,
      relations: [
        '76neav',
      ],
      color: 'gray',
      line: 'dashed',
      head: 'normal',
    },
    {
      id: '1gxla1u',
      source: 'resultsAggregation.zoneResult',
      target: 'resultsAggregation.buildingResult',
      label: 'aggregates into',
      points: [
        [
          614,
          125,
        ],
        [
          671,
          125,
        ],
        [
          729,
          125,
        ],
        [
          786,
          125,
        ],
      ],
      labelBBox: {
        x: 650,
        y: 103,
        width: 101,
        height: 18,
      },
      parent: 'resultsAggregation',
      relations: [
        '11witoa',
      ],
      color: 'gray',
      line: 'dashed',
      head: 'normal',
    },
    {
      id: '9t55g5',
      source: 'resultsAggregation.buildingResult',
      target: 'resultsAggregation.siteEnergyResult',
      label: 'aggregates into',
      points: [
        [
          977,
          125,
        ],
        [
          1034,
          125,
        ],
        [
          1091,
          125,
        ],
        [
          1148,
          125,
        ],
      ],
      labelBBox: {
        x: 1012,
        y: 103,
        width: 101,
        height: 18,
      },
      parent: 'resultsAggregation',
      relations: [
        '1le5cui',
      ],
      color: 'gray',
      line: 'dashed',
      head: 'normal',
    },
    {
      id: '166u529',
      source: 'resultsAggregation.zoneResult',
      target: 'resultTables',
      label: 'persists',
      points: [
        [
          524,
          175,
        ],
        [
          524,
          198,
        ],
        [
          524,
          221,
        ],
        [
          524,
          244,
        ],
        [
          524,
          252,
        ],
        [
          530,
          258,
        ],
        [
          538,
          258,
        ],
        [
          882,
          258,
        ],
        [
          1226,
          258,
        ],
        [
          1570,
          258,
        ],
      ],
      labelBBox: {
        x: 1021,
        y: 236,
        width: 52,
        height: 18,
      },
      parent: null,
      relations: [
        'l9qh0',
      ],
      color: 'gray',
      line: 'dashed',
      head: 'normal',
    },
    {
      id: 'tw7fd5',
      source: 'resultsAggregation.buildingResult',
      target: 'resultTables',
      label: 'persists',
      points: [
        [
          887,
          175,
        ],
        [
          887,
          193,
        ],
        [
          887,
          210,
        ],
        [
          887,
          228,
        ],
        [
          887,
          236,
        ],
        [
          893,
          242,
        ],
        [
          901,
          242,
        ],
        [
          1124,
          242,
        ],
        [
          1347,
          242,
        ],
        [
          1570,
          242,
        ],
      ],
      labelBBox: {
        x: 1203,
        y: 220,
        width: 52,
        height: 18,
      },
      parent: null,
      relations: [
        '6eze3p',
      ],
      color: 'gray',
      line: 'dashed',
      head: 'normal',
    },
    {
      id: 'fc1qt2',
      source: 'resultsAggregation.siteEnergyResult',
      target: 'resultTables',
      label: 'persists',
      points: [
        [
          1339,
          157,
        ],
        [
          1456,
          157,
        ],
        [
          1573,
          157,
        ],
        [
          1690,
          157,
        ],
        [
          1696,
          157,
        ],
        [
          1701,
          162,
        ],
        [
          1701,
          168,
        ],
        [
          1701,
          172,
        ],
        [
          1701,
          175,
        ],
        [
          1701,
          179,
        ],
      ],
      labelBBox: {
        x: 1494,
        y: 135,
        width: 52,
        height: 18,
      },
      parent: null,
      relations: [
        'gv7jra',
      ],
      color: 'gray',
      line: 'dashed',
      head: 'normal',
    },
    {
      id: 'h8tyki',
      source: 'resultsAggregation.siteEnergyResult',
      target: 'gisTables',
      label: 'selective GIS projection',
      points: [
        [
          1339,
          105,
        ],
        [
          1416,
          105,
        ],
        [
          1493,
          105,
        ],
        [
          1570,
          105,
        ],
      ],
      labelBBox: {
        x: 1379,
        y: 83,
        width: 151,
        height: 18,
      },
      parent: null,
      relations: [
        '1a4vm07',
      ],
      color: 'gray',
      line: 'dashed',
      head: 'normal',
    },
  ],
}
