{
  _type: 'element',
  tags: null,
  links: null,
  viewOf: 'resultTables',
  _stage: 'layouted',
  sourcePath: 'views/simulation-data-flow.c4',
  description: null,
  title: 'Result Tables',
  id: 'resultTablesDetails',
  autoLayout: {
    direction: 'LR',
    nodeSep: 55,
    rankSep: 80,
  },
  hash: 'LW18r-15vV_jsEWf7RWTVduaLi3cktlmSJa3gfXNTXg',
  bounds: {
    x: 0,
    y: 0,
    width: 1144,
    height: 527,
  },
  nodes: [
    {
      id: 'simulation',
      parent: null,
      level: 0,
      children: [],
      inEdges: [],
      outEdges: [
        '1t2hnx6',
        'ksyjqq',
        '1uty8nh',
      ],
      title: 'Simulation',
      modelRef: 'simulation',
      shape: 'rectangle',
      color: 'processing',
      icon: 'gcp:compute-engine',
      style: {
        opacity: 15,
        size: 'sm',
      },
      description: {
        txt: 'Boundary-condition preparation, Zone5R1C execution, and result aggregation',
      },
      tags: [],
      technology: 'Compute Engine',
      kind: 'stage',
      navigateTo: 'simulationDetails',
      x: 0,
      y: 206,
      width: 272,
      height: 135,
      labelBBox: {
        x: 34,
        y: 24,
        width: 222,
        height: 85,
      },
    },
    {
      id: 'resultTables',
      parent: null,
      level: 0,
      children: [
        'resultTables.zoneResultTable',
        'resultTables.buildingResultTable',
        'resultTables.siteEnergyResultTable',
      ],
      inEdges: [
        '1t2hnx6',
        'ksyjqq',
        '1uty8nh',
      ],
      outEdges: [
        '1lrsn6j',
      ],
      title: 'Result Tables',
      modelRef: 'resultTables',
      shape: 'storage',
      color: 'gray',
      icon: 'gcp:big-query',
      style: {
        opacity: 15,
        size: 'sm',
      },
      description: {
        txt: 'Persistent simulation-result tables',
      },
      tags: [],
      technology: 'Big Query',
      kind: 'system',
      depth: 1,
      x: 374,
      y: 8,
      width: 260,
      height: 511,
      labelBBox: {
        x: 6,
        y: 0,
        width: 95,
        height: 15,
      },
    },
    {
      id: 'resultTables.zoneResultTable',
      parent: 'resultTables',
      level: 1,
      children: [],
      inEdges: [
        '1t2hnx6',
      ],
      outEdges: [],
      title: 'Zone Result Table',
      modelRef: 'resultTables.zoneResultTable',
      shape: 'storage',
      color: 'datastore',
      style: {
        opacity: 15,
        size: 'xs',
      },
      description: {
        txt: 'Persists ZoneResult records and boundary results',
      },
      tags: [],
      kind: 'table',
      x: 414,
      y: 69,
      width: 180,
      height: 100,
      labelBBox: {
        x: 31,
        y: 40,
        width: 118,
        height: 18,
      },
    },
    {
      id: 'resultTables.buildingResultTable',
      parent: 'resultTables',
      level: 1,
      children: [],
      inEdges: [
        'ksyjqq',
      ],
      outEdges: [],
      title: 'Building Result Table',
      modelRef: 'resultTables.buildingResultTable',
      shape: 'storage',
      color: 'datastore',
      style: {
        opacity: 15,
        size: 'xs',
      },
      description: {
        txt: 'Persists BuildingResult records',
      },
      tags: [],
      kind: 'table',
      x: 414,
      y: 224,
      width: 180,
      height: 100,
      labelBBox: {
        x: 22,
        y: 40,
        width: 136,
        height: 18,
      },
    },
    {
      id: 'resultTables.siteEnergyResultTable',
      parent: 'resultTables',
      level: 1,
      children: [],
      inEdges: [
        '1uty8nh',
      ],
      outEdges: [
        '1lrsn6j',
      ],
      title: 'Site Energy Result Table',
      modelRef: 'resultTables.siteEnergyResultTable',
      shape: 'storage',
      color: 'datastore',
      style: {
        opacity: 15,
        size: 'xs',
      },
      description: {
        txt: 'Persists SiteEnergyResult records',
      },
      tags: [],
      kind: 'table',
      x: 414,
      y: 379,
      width: 180,
      height: 100,
      labelBBox: {
        x: 11,
        y: 40,
        width: 159,
        height: 18,
      },
    },
    {
      id: 'scenarioMixer',
      parent: null,
      level: 0,
      children: [],
      inEdges: [
        '1lrsn6j',
      ],
      outEdges: [],
      title: 'Scenario Mixer',
      modelRef: 'scenarioMixer',
      shape: 'rectangle',
      color: 'gray',
      icon: 'gcp:advanced-agent-modeling',
      style: {
        opacity: 15,
        size: 'sm',
      },
      description: {
        txt: 'Applies choice-model parameters to annual results and returns a styled scenario mixture',
      },
      tags: [],
      technology: 'Advanced Agent Modeling',
      kind: 'system',
      x: 852,
      y: 361,
      width: 291,
      height: 135,
      labelBBox: {
        x: 34,
        y: 24,
        width: 241,
        height: 85,
      },
    },
  ],
  edges: [
    {
      id: '1t2hnx6',
      source: 'simulation',
      target: 'resultTables.zoneResultTable',
      label: '[...]',
      points: [
        [
          136,
          206,
        ],
        [
          136,
          182,
        ],
        [
          136,
          157,
        ],
        [
          136,
          133,
        ],
        [
          136,
          125,
        ],
        [
          142,
          119,
        ],
        [
          150,
          119,
        ],
        [
          234,
          119,
        ],
        [
          319,
          119,
        ],
        [
          403,
          119,
        ],
      ],
      labelBBox: {
        x: 257,
        y: 97,
        width: 25,
        height: 18,
      },
      parent: null,
      relations: [
        'tkoni6',
        '18f4o9o',
      ],
      color: 'gray',
      line: 'dashed',
      head: 'normal',
    },
    {
      id: 'ksyjqq',
      source: 'simulation',
      target: 'resultTables.buildingResultTable',
      label: 'persists',
      points: [
        [
          272,
          274,
        ],
        [
          316,
          274,
        ],
        [
          359,
          274,
        ],
        [
          403,
          274,
        ],
      ],
      labelBBox: {
        x: 312,
        y: 252,
        width: 52,
        height: 18,
      },
      parent: null,
      relations: [
        '1yfx4il',
      ],
      color: 'gray',
      line: 'dashed',
      head: 'normal',
    },
    {
      id: '1uty8nh',
      source: 'simulation',
      target: 'resultTables.siteEnergyResultTable',
      label: 'persists',
      points: [
        [
          136,
          341,
        ],
        [
          136,
          366,
        ],
        [
          136,
          390,
        ],
        [
          136,
          415,
        ],
        [
          136,
          423,
        ],
        [
          142,
          429,
        ],
        [
          150,
          429,
        ],
        [
          234,
          429,
        ],
        [
          319,
          429,
        ],
        [
          403,
          429,
        ],
      ],
      labelBBox: {
        x: 244,
        y: 407,
        width: 52,
        height: 18,
      },
      parent: null,
      relations: [
        'xk134u',
      ],
      color: 'gray',
      line: 'dashed',
      head: 'normal',
    },
    {
      id: '1lrsn6j',
      source: 'resultTables.siteEnergyResultTable',
      target: 'scenarioMixer',
      label: 'BuildingId, Annual Results',
      points: [
        [
          594,
          429,
        ],
        [
          676,
          429,
        ],
        [
          759,
          429,
        ],
        [
          841,
          429,
        ],
      ],
      labelBBox: {
        x: 634,
        y: 407,
        width: 167,
        height: 18,
      },
      parent: null,
      relations: [
        '1lxc8sx',
      ],
      color: 'gray',
      line: 'dashed',
      head: 'normal',
    },
  ],
}
