{
  _type: 'element',
  tags: null,
  links: null,
  viewOf: 'simulation.resultsAggregation',
  _stage: 'layouted',
  sourcePath: 'views/simulation-data-flow.c4',
  description: null,
  title: 'Results Aggregation',
  id: 'resultsAggregationDetails',
  autoLayout: {
    direction: 'LR',
    nodeSep: 55,
    rankSep: 80,
  },
  hash: 'beZ-tyAotvP0S9jjGJimM6clN-i-7qQ9uXKsPzMbBi4',
  bounds: {
    x: 0,
    y: 0,
    width: 2026,
    height: 487,
  },
  nodes: [
    {
      id: 'feature2Building',
      parent: null,
      level: 0,
      children: [],
      inEdges: [],
      outEdges: [
        '1301u9r',
      ],
      title: 'Feature2Building (F2B)',
      modelRef: 'feature2Building',
      shape: 'rectangle',
      color: 'processing',
      icon: 'gcp:cloud-functions',
      style: {
        border: 'solid',
        opacity: 12,
        size: 'sm',
      },
      description: {
        txt: 'Builds domain objects and archetype assignments from a preprocessed Feature',
      },
      tags: [],
      technology: 'Cloud Functions',
      kind: 'stage',
      navigateTo: 'feature2BuildingDetails',
      x: 797,
      y: 0,
      width: 296,
      height: 135,
      labelBBox: {
        x: 34,
        y: 24,
        width: 246,
        height: 85,
      },
    },
    {
      id: 'simulation.zone5R1C',
      parent: null,
      level: 0,
      children: [],
      inEdges: [],
      outEdges: [
        '15b0g26',
      ],
      title: 'Zone5R1C Simulation',
      modelRef: 'simulation.zone5R1C',
      shape: 'rectangle',
      color: 'processing',
      icon: 'gcp:compute-engine',
      style: {
        opacity: 15,
        size: 'sm',
      },
      description: {
        txt: 'Simulates prepared Zone5R1C objects with weather input',
      },
      tags: [],
      technology: 'Compute Engine',
      kind: 'stage',
      x: 0,
      y: 219,
      width: 306,
      height: 135,
      labelBBox: {
        x: 34,
        y: 31,
        width: 257,
        height: 71,
      },
    },
    {
      id: 'simulation.resultsAggregation',
      parent: null,
      level: 0,
      children: [
        'simulation.resultsAggregation.zoneResult',
        'simulation.resultsAggregation.buildingResult',
        'simulation.resultsAggregation.siteEnergyResult',
      ],
      inEdges: [
        '1301u9r',
        '15b0g26',
      ],
      outEdges: [
        'cavae4',
        'jmm3xw',
        '16x8tqj',
        '1amfpsv',
      ],
      title: 'Results Aggregation',
      modelRef: 'simulation.resultsAggregation',
      shape: 'rectangle',
      color: 'processing',
      icon: 'gcp:big-query',
      style: {
        opacity: 15,
        size: 'sm',
      },
      description: {
        txt: 'Zone, Building, and Site result aggregation',
      },
      tags: [],
      technology: 'Big Query',
      kind: 'stage',
      depth: 1,
      x: 394,
      y: 176,
      width: 1149,
      height: 206,
      labelBBox: {
        x: 6,
        y: -1,
        width: 142,
        height: 15,
      },
    },
    {
      id: 'simulation.resultsAggregation.zoneResult',
      parent: 'simulation.resultsAggregation',
      level: 1,
      children: [],
      inEdges: [
        '15b0g26',
      ],
      outEdges: [
        '13wweua',
        'cavae4',
      ],
      title: 'ZoneResult',
      modelRef: 'simulation.resultsAggregation.zoneResult',
      shape: 'rectangle',
      color: 'green',
      style: {
        opacity: 15,
        size: 'xs',
      },
      description: {
        txt: 'Zone-level simulation result',
      },
      tags: [],
      kind: 'result',
      x: 434,
      y: 237,
      width: 180,
      height: 100,
      labelBBox: {
        x: 53,
        y: 39,
        width: 76,
        height: 18,
      },
    },
    {
      id: 'simulation.resultsAggregation.buildingResult',
      parent: 'simulation.resultsAggregation',
      level: 1,
      children: [],
      inEdges: [
        '13wweua',
      ],
      outEdges: [
        'izkcet',
        'jmm3xw',
      ],
      title: 'BuildingResult',
      modelRef: 'simulation.resultsAggregation.buildingResult',
      shape: 'rectangle',
      color: 'green',
      style: {
        opacity: 15,
        size: 'xs',
      },
      description: {
        txt: 'Building-level aggregate result',
      },
      tags: [],
      kind: 'result',
      x: 855,
      y: 237,
      width: 180,
      height: 100,
      labelBBox: {
        x: 43,
        y: 39,
        width: 94,
        height: 18,
      },
    },
    {
      id: 'simulation.resultsAggregation.siteEnergyResult',
      parent: 'simulation.resultsAggregation',
      level: 1,
      children: [],
      inEdges: [
        '1301u9r',
        'izkcet',
      ],
      outEdges: [
        '16x8tqj',
        '1amfpsv',
      ],
      title: 'SiteEnergyResult',
      modelRef: 'simulation.resultsAggregation.siteEnergyResult',
      shape: 'rectangle',
      color: 'green',
      style: {
        opacity: 15,
        size: 'xs',
      },
      description: {
        txt: 'Site-level aggregate energy result',
      },
      tags: [],
      kind: 'result',
      x: 1323,
      y: 237,
      width: 180,
      height: 100,
      labelBBox: {
        x: 34,
        y: 39,
        width: 112,
        height: 18,
      },
    },
    {
      id: 'resultTables',
      parent: null,
      level: 0,
      children: [],
      inEdges: [
        'cavae4',
        'jmm3xw',
        '16x8tqj',
      ],
      outEdges: [],
      title: 'Result Tables',
      modelRef: 'resultTables',
      shape: 'storage',
      color: 'gray',
      icon: 'gcp:big-query',
      style: {
        opacity: 15,
        size: 'sm',
      },
      description: {
        txt: 'Persistent simulation-result tables',
      },
      tags: [],
      technology: 'Big Query',
      kind: 'system',
      navigateTo: 'resultTablesDetails',
      x: 1745,
      y: 352,
      width: 279,
      height: 135,
      labelBBox: {
        x: 34,
        y: 38,
        width: 230,
        height: 57,
      },
    },
    {
      id: 'gisTables',
      parent: null,
      level: 0,
      children: [],
      inEdges: [
        '1amfpsv',
      ],
      outEdges: [],
      title: 'GIS Tables',
      modelRef: 'gisTables',
      shape: 'storage',
      color: 'gray',
      icon: 'gcp:google-maps-platform',
      style: {
        opacity: 15,
        size: 'sm',
      },
      description: {
        txt: 'GIS properties and selected result projections',
      },
      tags: [],
      technology: 'Google Maps Platform',
      kind: 'system',
      navigateTo: 'gisTablesDetails',
      x: 1744,
      y: 162,
      width: 281,
      height: 135,
      labelBBox: {
        x: 34,
        y: 31,
        width: 232,
        height: 71,
      },
    },
  ],
  edges: [
    {
      id: '1301u9r',
      source: 'feature2Building',
      target: 'simulation.resultsAggregation.siteEnergyResult',
      label: 'supplies External loads',
      points: [
        [
          1093,
          68,
        ],
        [
          1195,
          68,
        ],
        [
          1297,
          68,
        ],
        [
          1399,
          68,
        ],
        [
          1407,
          68,
        ],
        [
          1413,
          74,
        ],
        [
          1413,
          82,
        ],
        [
          1413,
          130,
        ],
        [
          1413,
          178,
        ],
        [
          1413,
          226,
        ],
      ],
      labelBBox: {
        x: 1179,
        y: 46,
        width: 148,
        height: 18,
      },
      parent: null,
      relations: [
        '1soz0iq',
      ],
      color: 'gray',
      line: 'dashed',
      head: 'normal',
    },
    {
      id: '15b0g26',
      source: 'simulation.zone5R1C',
      target: 'simulation.resultsAggregation.zoneResult',
      label: 'emits',
      points: [
        [
          306,
          287,
        ],
        [
          345,
          287,
        ],
        [
          384,
          287,
        ],
        [
          423,
          287,
        ],
      ],
      labelBBox: {
        x: 346,
        y: 265,
        width: 37,
        height: 18,
      },
      parent: null,
      relations: [
        'ow5nzg',
      ],
      color: 'gray',
      line: 'dashed',
      head: 'normal',
    },
    {
      id: '13wweua',
      source: 'simulation.resultsAggregation.zoneResult',
      target: 'simulation.resultsAggregation.buildingResult',
      label: 'aggregates into',
      points: [
        [
          614,
          287,
        ],
        [
          691,
          287,
        ],
        [
          767,
          287,
        ],
        [
          844,
          287,
        ],
      ],
      labelBBox: {
        x: 679,
        y: 265,
        width: 101,
        height: 18,
      },
      parent: 'simulation.resultsAggregation',
      relations: [
        'r161jr',
      ],
      color: 'gray',
      line: 'dashed',
      head: 'normal',
    },
    {
      id: 'izkcet',
      source: 'simulation.resultsAggregation.buildingResult',
      target: 'simulation.resultsAggregation.siteEnergyResult',
      label: 'aggregates into',
      points: [
        [
          1035,
          287,
        ],
        [
          1127,
          287,
        ],
        [
          1220,
          287,
        ],
        [
          1312,
          287,
        ],
      ],
      labelBBox: {
        x: 1123,
        y: 265,
        width: 101,
        height: 18,
      },
      parent: 'simulation.resultsAggregation',
      relations: [
        '1ogqw6f',
      ],
      color: 'gray',
      line: 'dashed',
      head: 'normal',
    },
    {
      id: 'cavae4',
      source: 'simulation.resultsAggregation.zoneResult',
      target: 'resultTables',
      label: 'persists',
      points: [
        [
          524,
          337,
        ],
        [
          524,
          360,
        ],
        [
          524,
          383,
        ],
        [
          524,
          406,
        ],
        [
          524,
          414,
        ],
        [
          530,
          420,
        ],
        [
          538,
          420,
        ],
        [
          937,
          420,
        ],
        [
          1335,
          420,
        ],
        [
          1734,
          420,
        ],
      ],
      labelBBox: {
        x: 1103,
        y: 398,
        width: 52,
        height: 18,
      },
      parent: null,
      relations: [
        '18f4o9o',
      ],
      color: 'gray',
      line: 'dashed',
      head: 'normal',
    },
    {
      id: 'jmm3xw',
      source: 'simulation.resultsAggregation.buildingResult',
      target: 'resultTables',
      label: 'persists',
      points: [
        [
          945,
          337,
        ],
        [
          945,
          355,
        ],
        [
          945,
          372,
        ],
        [
          945,
          390,
        ],
        [
          945,
          398,
        ],
        [
          951,
          404,
        ],
        [
          959,
          404,
        ],
        [
          1217,
          404,
        ],
        [
          1476,
          404,
        ],
        [
          1734,
          404,
        ],
      ],
      labelBBox: {
        x: 1314,
        y: 382,
        width: 52,
        height: 18,
      },
      parent: null,
      relations: [
        '1yfx4il',
      ],
      color: 'gray',
      line: 'dashed',
      head: 'normal',
    },
    {
      id: '16x8tqj',
      source: 'simulation.resultsAggregation.siteEnergyResult',
      target: 'resultTables',
      label: 'persists',
      points: [
        [
          1503,
          319,
        ],
        [
          1627,
          319,
        ],
        [
          1750,
          319,
        ],
        [
          1874,
          319,
        ],
        [
          1880,
          319,
        ],
        [
          1885,
          324,
        ],
        [
          1885,
          330,
        ],
        [
          1885,
          334,
        ],
        [
          1885,
          337,
        ],
        [
          1885,
          341,
        ],
      ],
      labelBBox: {
        x: 1668,
        y: 297,
        width: 52,
        height: 18,
      },
      parent: null,
      relations: [
        'xk134u',
      ],
      color: 'gray',
      line: 'dashed',
      head: 'normal',
    },
    {
      id: '1amfpsv',
      source: 'simulation.resultsAggregation.siteEnergyResult',
      target: 'gisTables',
      label: 'selective GIS projection',
      points: [
        [
          1503,
          267,
        ],
        [
          1580,
          267,
        ],
        [
          1656,
          267,
        ],
        [
          1733,
          267,
        ],
      ],
      labelBBox: {
        x: 1543,
        y: 245,
        width: 151,
        height: 18,
      },
      parent: null,
      relations: [
        '111xg8r',
      ],
      color: 'gray',
      line: 'dashed',
      head: 'normal',
    },
  ],
}
