{
  _type: 'element',
  tags: null,
  links: null,
  _stage: 'layouted',
  sourcePath: 'views/simulation-data-flow.c4',
  description: {
    txt: 'From processed features and scenario mappings through building upgrades, copied simulation instances, persistence, and GIS export',
  },
  title: 'Scenario Simulation View',
  id: 'scenarioSimulationView',
  autoLayout: {
    direction: 'LR',
    nodeSep: 55,
    rankSep: 80,
  },
  ranks: [
    {
      type: 'same',
      nodes: [
        'definitionTables',
        'resultTables',
        'gisTables',
      ],
    },
    {
      type: 'same',
      nodes: [
        'baselineSimulation',
        'simulation',
      ],
    },
  ],
  hash: 'qe4qIs4u0KHxLM_R3iZTe4VAVpFL-FUwPslHWfE7NNY',
  bounds: {
    x: 0,
    y: 0,
    width: 2701,
    height: 836,
  },
  nodes: [
    {
      id: 'inputs',
      parent: null,
      level: 0,
      children: [],
      inEdges: [],
      outEdges: [
        'tre3xf',
        '1pzc58',
      ],
      title: 'Inputs',
      modelRef: 'inputs',
      shape: 'person',
      color: 'amber',
      icon: 'gcp:user-preferences',
      style: {
        opacity: 15,
        size: 'sm',
      },
      description: {
        txt: 'External file and weather inputs',
      },
      tags: [],
      technology: 'User Preferences',
      kind: 'system',
      navigateTo: 'inputsDetails',
      isCustomized: true,
      x: 0,
      y: 115,
      width: 267,
      height: 135,
      labelBBox: {
        x: 34,
        y: 38,
        width: 218,
        height: 57,
      },
    },
    {
      id: '@gr1',
      parent: null,
      kind: '@group',
      title: 'UBEM',
      color: 'indigo',
      shape: 'rectangle',
      children: [
        'preprocessing',
        'feature2Building',
        'scenarioMappings',
        'baselineSimulation',
        'buildingUpgradeScenarios',
        'simulation',
      ],
      inEdges: [
        'tre3xf',
        '1pzc58',
      ],
      outEdges: [
        '19p0ooy',
        '1i7e5l',
        '1lbqm7x',
        '89w0pi',
        '11lkaax',
      ],
      level: 0,
      depth: 1,
      tags: [],
      style: {
        border: 'solid',
        opacity: 6,
      },
      x: 396,
      y: 183,
      width: 1823,
      height: 482,
      labelBBox: {
        x: 6,
        y: 0,
        width: 36,
        height: 15,
      },
    },
    {
      id: 'preprocessing',
      parent: '@gr1',
      level: 1,
      children: [],
      inEdges: [
        'tre3xf',
      ],
      outEdges: [
        '1f12mie',
        '1heb2mv',
        '89w0pi',
      ],
      title: 'Preprocessing',
      modelRef: 'preprocessing',
      shape: 'rectangle',
      color: 'processing',
      icon: 'gcp:dataflow',
      style: {
        opacity: 15,
        size: 'sm',
      },
      description: {
        txt: 'Schema matching, geometric preprocessing, and archetype assignment',
      },
      tags: [],
      technology: 'Dataflow',
      kind: 'stage',
      x: 436,
      y: 276,
      width: 258,
      height: 135,
      labelBBox: {
        x: 34,
        y: 24,
        width: 209,
        height: 85,
      },
    },
    {
      id: 'feature2Building',
      parent: '@gr1',
      level: 1,
      children: [],
      inEdges: [
        '1f12mie',
      ],
      outEdges: [
        'e3d3wh',
        '31jqj6',
        '19p0ooy',
      ],
      title: 'Feature2Building (F2B)',
      modelRef: 'feature2Building',
      shape: 'rectangle',
      color: 'processing',
      icon: 'gcp:cloud-functions',
      style: {
        border: 'solid',
        opacity: 12,
        size: 'sm',
      },
      description: {
        txt: 'Builds domain objects and archetype assignments from a preprocessed Feature',
      },
      tags: [],
      technology: 'Cloud Functions',
      kind: 'stage',
      navigateTo: 'feature2BuildingDetails',
      isCustomized: true,
      x: 815,
      y: 466,
      width: 296,
      height: 135,
      labelBBox: {
        x: 34,
        y: 24,
        width: 246,
        height: 85,
      },
    },
    {
      id: 'scenarioMappings',
      parent: '@gr1',
      level: 1,
      children: [],
      inEdges: [
        '1heb2mv',
      ],
      outEdges: [
        '10jf3uo',
      ],
      title: 'Scenario Mappings',
      modelRef: 'scenarioMappings',
      shape: 'rectangle',
      color: 'processing',
      icon: 'gcp:workflows',
      style: {
        opacity: 15,
        size: 'sm',
        multiple: true,
      },
      description: {
        txt: 'Apply measure packages based on selection criteria for each scenario',
      },
      tags: [],
      technology: 'Workflows',
      kind: 'stage',
      x: 819,
      y: 276,
      width: 287,
      height: 135,
      labelBBox: {
        x: 34,
        y: 24,
        width: 238,
        height: 85,
      },
    },
    {
      id: 'baselineSimulation',
      parent: '@gr1',
      level: 1,
      children: [],
      inEdges: [
        '31jqj6',
      ],
      outEdges: [
        '3ia47l',
      ],
      title: 'Baseline',
      modelRef: 'baselineSimulation',
      shape: 'rectangle',
      color: 'processing',
      icon: 'gcp:compute-engine',
      style: {
        opacity: 15,
        size: 'sm',
      },
      description: {
        txt: 'Reference simulation without scenario upgrades',
      },
      tags: [],
      technology: 'Compute Engine',
      kind: 'stage',
      x: 1916,
      y: 244,
      width: 254,
      height: 135,
      labelBBox: {
        x: 34,
        y: 31,
        width: 204,
        height: 71,
      },
    },
    {
      id: 'buildingUpgradeScenarios',
      parent: '@gr1',
      level: 1,
      children: [],
      inEdges: [
        'e3d3wh',
        '10jf3uo',
      ],
      outEdges: [
        'zc9jtu',
        '1i7e5l',
      ],
      title: 'Building Upgrade Scenarios',
      modelRef: 'buildingUpgradeScenarios',
      shape: 'rectangle',
      color: 'domain',
      icon: 'gcp:catalog',
      style: {
        opacity: 15,
        size: 'xs',
        multiple: true,
      },
      description: {
        txt: 'Building copies with scenario selections and measures applied',
      },
      tags: [],
      technology: 'Catalog',
      kind: 'domainObject',
      x: 1458,
      y: 294,
      width: 261,
      height: 100,
      labelBBox: {
        x: 28,
        y: 39,
        width: 217,
        height: 18,
      },
    },
    {
      id: 'simulation',
      parent: '@gr1',
      level: 1,
      children: [],
      inEdges: [
        'zc9jtu',
        '3ia47l',
        '1pzc58',
      ],
      outEdges: [
        '1lbqm7x',
        '11lkaax',
      ],
      title: 'Simulation',
      modelRef: 'simulation',
      shape: 'rectangle',
      color: 'processing',
      icon: 'gcp:compute-engine',
      style: {
        opacity: 15,
        size: 'sm',
        multiple: true,
      },
      description: {
        txt: 'Boundary-condition preparation, Zone5R1C execution, and result aggregation',
      },
      tags: [],
      technology: 'Compute Engine',
      kind: 'stage',
      navigateTo: 'simulationDetails',
      isCustomized: true,
      x: 1907,
      y: 489,
      width: 272,
      height: 135,
      labelBBox: {
        x: 34,
        y: 24,
        width: 222,
        height: 85,
      },
    },
    {
      id: 'definitionTables',
      parent: null,
      level: 0,
      children: [],
      inEdges: [
        '19p0ooy',
        '1i7e5l',
      ],
      outEdges: [],
      title: 'Definition Tables',
      modelRef: 'definitionTables',
      shape: 'storage',
      color: 'gray',
      icon: 'gcp:bigtable',
      style: {
        opacity: 15,
        size: 'sm',
      },
      description: {
        txt: 'Building and Zone definitions',
      },
      tags: [],
      technology: 'Bigtable',
      kind: 'system',
      navigateTo: 'definitionTablesDetails',
      isCustomized: true,
      x: 2434,
      y: 701,
      width: 254,
      height: 135,
      labelBBox: {
        x: 34,
        y: 38,
        width: 204,
        height: 57,
      },
    },
    {
      id: 'resultTables',
      parent: null,
      level: 0,
      children: [],
      inEdges: [
        '1lbqm7x',
      ],
      outEdges: [],
      title: 'Result Tables',
      modelRef: 'resultTables',
      shape: 'storage',
      color: 'gray',
      icon: 'gcp:big-query',
      style: {
        opacity: 15,
        size: 'sm',
      },
      description: {
        txt: 'Persistent simulation-result tables',
      },
      tags: [],
      technology: 'Big Query',
      kind: 'system',
      navigateTo: 'resultTablesDetails',
      isCustomized: true,
      x: 2421,
      y: 461,
      width: 279,
      height: 135,
      labelBBox: {
        x: 34,
        y: 38,
        width: 229,
        height: 57,
      },
    },
    {
      id: 'gisTables',
      parent: null,
      level: 0,
      children: [],
      inEdges: [
        '89w0pi',
        '11lkaax',
      ],
      outEdges: [
        '108xi45',
      ],
      title: 'GIS Tables',
      modelRef: 'gisTables',
      shape: 'storage',
      color: 'gray',
      icon: 'gcp:google-maps-platform',
      style: {
        opacity: 15,
        size: 'sm',
      },
      description: {
        txt: 'GIS properties and selected result projections',
      },
      tags: [],
      technology: 'Google Maps Platform',
      kind: 'system',
      navigateTo: 'gisTablesDetails',
      isCustomized: true,
      x: 2420,
      y: 93,
      width: 281,
      height: 135,
      labelBBox: {
        x: 34,
        y: 31,
        width: 231,
        height: 71,
      },
    },
    {
      id: 'resultsGeojson',
      parent: null,
      level: 0,
      children: [],
      inEdges: [
        '108xi45',
      ],
      outEdges: [],
      title: 'Results GeoJSON',
      modelRef: 'resultsGeojson',
      shape: 'document',
      color: 'green',
      icon: 'gcp:cloud-storage',
      style: {
        opacity: 15,
        size: 'xs',
      },
      description: {
        txt: 'GeoJSON exported from GIS properties and GIS results',
      },
      tags: [],
      technology: 'Cloud Storage',
      kind: 'output',
      x: 2460,
      y: 306,
      width: 202,
      height: 100,
      labelBBox: {
        x: 28,
        y: 39,
        width: 158,
        height: 18,
      },
    },
  ],
  edges: [
    {
      id: '1f12mie',
      source: 'preprocessing',
      target: 'feature2Building',
      label: 'emits',
      points: [
        [
          565,
          411,
        ],
        [
          565,
          447,
        ],
        [
          565,
          484,
        ],
        [
          565,
          520,
        ],
        [
          565,
          528,
        ],
        [
          571,
          534,
        ],
        [
          579,
          534,
        ],
        [
          654,
          534,
        ],
        [
          729,
          534,
        ],
        [
          804,
          534,
        ],
      ],
      labelBBox: {
        x: 666,
        y: 512,
        width: 37,
        height: 18,
      },
      parent: '@gr1',
      relations: [
        '35ntxn',
      ],
      color: 'gray',
      line: 'dashed',
      head: 'normal',
    },
    {
      id: '1heb2mv',
      source: 'preprocessing',
      target: 'scenarioMappings',
      label: 'feeds',
      points: [
        [
          694,
          344,
        ],
        [
          732,
          344,
        ],
        [
          770,
          344,
        ],
        [
          808,
          344,
        ],
      ],
      labelBBox: {
        x: 732,
        y: 322,
        width: 38,
        height: 18,
      },
      parent: '@gr1',
      relations: [
        '1ijrqb5',
      ],
      color: 'gray',
      line: 'dashed',
      head: 'normal',
    },
    {
      id: 'e3d3wh',
      source: 'feature2Building',
      target: 'buildingUpgradeScenarios',
      label: 'Copy of Building',
      points: [
        [
          1111,
          534,
        ],
        [
          1266,
          534,
        ],
        [
          1420,
          534,
        ],
        [
          1575,
          534,
        ],
        [
          1583,
          534,
        ],
        [
          1589,
          528,
        ],
        [
          1589,
          520,
        ],
        [
          1589,
          482,
        ],
        [
          1589,
          443,
        ],
        [
          1589,
          405,
        ],
      ],
      labelBBox: {
        x: 1297,
        y: 512,
        width: 106,
        height: 18,
      },
      parent: '@gr1',
      relations: [
        '1ab798h',
      ],
      color: 'gray',
      line: 'dashed',
      head: 'normal',
    },
    {
      id: '10jf3uo',
      source: 'scenarioMappings',
      target: 'buildingUpgradeScenarios',
      label: 'applied selections and scenario measures',
      points: [
        [
          1106,
          344,
        ],
        [
          1220,
          344,
        ],
        [
          1333,
          344,
        ],
        [
          1447,
          344,
        ],
      ],
      labelBBox: {
        x: 1144,
        y: 322,
        width: 265,
        height: 18,
      },
      parent: '@gr1',
      relations: [
        '3fiwu9',
      ],
      color: 'gray',
      line: 'dashed',
      head: 'normal',
    },
    {
      id: 'zc9jtu',
      source: 'buildingUpgradeScenarios',
      target: 'simulation',
      label: 'copy of instance',
      points: [
        [
          1621,
          394,
        ],
        [
          1621,
          444,
        ],
        [
          1621,
          493,
        ],
        [
          1621,
          543,
        ],
        [
          1621,
          551,
        ],
        [
          1627,
          557,
        ],
        [
          1635,
          557,
        ],
        [
          1722,
          557,
        ],
        [
          1809,
          557,
        ],
        [
          1896,
          557,
        ],
      ],
      labelBBox: {
        x: 1706,
        y: 535,
        width: 105,
        height: 18,
      },
      parent: '@gr1',
      relations: [
        'ut14bp',
      ],
      color: 'gray',
      line: 'dashed',
      head: 'normal',
    },
    {
      id: '31jqj6',
      source: 'feature2Building',
      target: 'baselineSimulation',
      label: 'zone geometry + location',
      points: [
        [
          1111,
          518,
        ],
        [
          1163,
          518,
        ],
        [
          1216,
          518,
        ],
        [
          1268,
          518,
        ],
        [
          1276,
          518,
        ],
        [
          1282,
          512,
        ],
        [
          1282,
          504,
        ],
        [
          1282,
          434,
        ],
        [
          1282,
          364,
        ],
        [
          1282,
          294,
        ],
        [
          1282,
          286,
        ],
        [
          1288,
          280,
        ],
        [
          1296,
          280,
        ],
        [
          1499,
          280,
        ],
        [
          1702,
          280,
        ],
        [
          1905,
          280,
        ],
      ],
      labelBBox: {
        x: 1513,
        y: 258,
        width: 161,
        height: 18,
      },
      parent: '@gr1',
      relations: [
        'iwtrzm',
      ],
      color: 'gray',
      line: 'dashed',
      head: 'normal',
    },
    {
      id: '3ia47l',
      source: 'baselineSimulation',
      target: 'simulation',
      label: null,
      points: [
        [
          2043,
          379,
        ],
        [
          2043,
          412,
        ],
        [
          2043,
          445,
        ],
        [
          2043,
          478,
        ],
      ],
      labelBBox: null,
      parent: '@gr1',
      relations: [
        'y2rk5x',
      ],
      color: 'gray',
      line: 'dashed',
      head: 'normal',
    },
    {
      id: 'tre3xf',
      source: 'inputs',
      target: 'preprocessing',
      label: 'feature data',
      points: [
        [
          134,
          250,
        ],
        [
          134,
          277,
        ],
        [
          134,
          303,
        ],
        [
          134,
          330,
        ],
        [
          134,
          338,
        ],
        [
          140,
          344,
        ],
        [
          148,
          344,
        ],
        [
          240,
          344,
        ],
        [
          333,
          344,
        ],
        [
          425,
          344,
        ],
      ],
      labelBBox: {
        x: 240,
        y: 322,
        width: 79,
        height: 18,
      },
      parent: null,
      relations: [
        '1lc8uiz',
      ],
      color: 'gray',
      line: 'dashed',
      head: 'normal',
    },
    {
      id: '1pzc58',
      source: 'inputs',
      target: 'simulation',
      label: 'weather input',
      points: [
        [
          267,
          199,
        ],
        [
          928,
          199,
        ],
        [
          1588,
          199,
        ],
        [
          2249,
          199,
        ],
        [
          2257,
          199,
        ],
        [
          2263,
          205,
        ],
        [
          2263,
          213,
        ],
        [
          2263,
          323,
        ],
        [
          2263,
          433,
        ],
        [
          2263,
          543,
        ],
        [
          2263,
          551,
        ],
        [
          2257,
          557,
        ],
        [
          2249,
          557,
        ],
        [
          2229,
          557,
        ],
        [
          2210,
          557,
        ],
        [
          2190,
          557,
        ],
      ],
      labelBBox: {
        x: 1221,
        y: 177,
        width: 88,
        height: 18,
      },
      parent: null,
      relations: [
        '6jpqgv',
        'anicq1',
        'argb2k',
      ],
      color: 'gray',
      line: 'dashed',
      head: 'normal',
    },
    {
      id: '19p0ooy',
      source: 'feature2Building',
      target: 'definitionTables',
      label: '[...]',
      points: [
        [
          963,
          601,
        ],
        [
          963,
          652,
        ],
        [
          963,
          704,
        ],
        [
          963,
          755,
        ],
        [
          963,
          763,
        ],
        [
          969,
          769,
        ],
        [
          977,
          769,
        ],
        [
          1459,
          769,
        ],
        [
          1941,
          769,
        ],
        [
          2423,
          769,
        ],
      ],
      labelBBox: {
        x: 1681,
        y: 747,
        width: 25,
        height: 18,
      },
      parent: null,
      relations: [
        '14byc3k',
        '1wtn2eq',
      ],
      color: 'gray',
      line: 'dashed',
      head: 'normal',
    },
    {
      id: '1i7e5l',
      source: 'buildingUpgradeScenarios',
      target: 'definitionTables',
      label: null,
      points: [
        [
          1573,
          394,
        ],
        [
          1573,
          509,
        ],
        [
          1573,
          624,
        ],
        [
          1573,
          739,
        ],
        [
          1573,
          747,
        ],
        [
          1579,
          753,
        ],
        [
          1587,
          753,
        ],
        [
          1866,
          753,
        ],
        [
          2144,
          753,
        ],
        [
          2423,
          753,
        ],
      ],
      labelBBox: null,
      parent: null,
      relations: [
        'octsof',
      ],
      color: 'gray',
      line: 'dashed',
      head: 'normal',
    },
    {
      id: '1lbqm7x',
      source: 'simulation',
      target: 'resultTables',
      label: '[...]',
      points: [
        [
          2179,
          543,
        ],
        [
          2256,
          543,
        ],
        [
          2333,
          543,
        ],
        [
          2410,
          543,
        ],
      ],
      labelBBox: {
        x: 2282,
        y: 521,
        width: 25,
        height: 18,
      },
      parent: null,
      relations: [
        'tkoni6',
        '18f4o9o',
        '1yfx4il',
        'xk134u',
      ],
      color: 'gray',
      line: 'dashed',
      head: 'normal',
    },
    {
      id: '89w0pi',
      source: 'preprocessing',
      target: 'gisTables',
      label: 'processed collection data',
      points: [
        [
          565,
          276,
        ],
        [
          565,
          242,
        ],
        [
          565,
          209,
        ],
        [
          565,
          175,
        ],
        [
          565,
          167,
        ],
        [
          571,
          161,
        ],
        [
          579,
          161,
        ],
        [
          1189,
          161,
        ],
        [
          1799,
          161,
        ],
        [
          2409,
          161,
        ],
      ],
      labelBBox: {
        x: 1406,
        y: 139,
        width: 162,
        height: 18,
      },
      parent: null,
      relations: [
        '13gggfy',
      ],
      color: 'gray',
      line: 'dashed',
      head: 'normal',
    },
    {
      id: '11lkaax',
      source: 'simulation',
      target: 'gisTables',
      label: 'selective GIS projection',
      points: [
        [
          2179,
          525,
        ],
        [
          2213,
          525,
        ],
        [
          2248,
          525,
        ],
        [
          2282,
          525,
        ],
        [
          2290,
          525,
        ],
        [
          2296,
          519,
        ],
        [
          2296,
          511,
        ],
        [
          2296,
          410,
        ],
        [
          2296,
          308,
        ],
        [
          2296,
          207,
        ],
        [
          2296,
          199,
        ],
        [
          2302,
          193,
        ],
        [
          2310,
          193,
        ],
        [
          2343,
          193,
        ],
        [
          2376,
          193,
        ],
        [
          2409,
          193,
        ],
      ],
      labelBBox: {
        x: 2143,
        y: 400,
        width: 151,
        height: 18,
      },
      parent: null,
      relations: [
        '111xg8r',
      ],
      color: 'gray',
      line: 'dashed',
      head: 'normal',
    },
    {
      id: '108xi45',
      source: 'gisTables',
      target: 'resultsGeojson',
      label: '[...]',
      points: [
        [
          2561,
          228,
        ],
        [
          2561,
          250,
        ],
        [
          2561,
          273,
        ],
        [
          2561,
          295,
        ],
      ],
      labelBBox: {
        x: 2534,
        y: 253,
        width: 25,
        height: 18,
      },
      parent: null,
      relations: [
        '1b6ke9k',
        '1g6b4s3',
      ],
      color: 'gray',
      line: 'dashed',
      head: 'normal',
    },
  ],
}
