{
  _type: 'element',
  tags: null,
  links: null,
  _stage: 'layouted',
  sourcePath: 'views/simulation-data-flow.c4',
  description: {
    txt: 'From GeoJSON ingestion through simulation, aggregation, persistence, and GIS export',
  },
  title: 'Simulation Stages and Data Flow',
  id: 'simulationDataFlow',
  autoLayout: {
    direction: 'LR',
    nodeSep: 55,
    rankSep: 80,
  },
  ranks: [
    {
      type: 'same',
      nodes: [
        'definitionTables',
        'resultTables',
        'gisTables',
      ],
    },
  ],
  hash: 'etm13GSdWDGn-o53E20iWL42v-05K4onhe3r4Y_hMTE',
  bounds: {
    x: 0,
    y: 0,
    width: 3086,
    height: 736,
  },
  nodes: [
    {
      id: 'inputs',
      parent: null,
      level: 0,
      children: [],
      inEdges: [],
      outEdges: [
        'tre3xf',
        '1xbu6pw',
      ],
      title: 'Inputs',
      modelRef: 'inputs',
      shape: 'person',
      color: 'amber',
      style: {
        opacity: 15,
        size: 'sm',
      },
      description: {
        txt: 'External file and weather inputs',
      },
      tags: [],
      kind: 'system',
      navigateTo: 'inputsDetails',
      isCustomized: true,
      x: 0,
      y: 507,
      width: 240,
      height: 135,
      labelBBox: {
        x: 34,
        y: 47,
        width: 171,
        height: 39,
      },
    },
    {
      id: '@gr1',
      parent: null,
      kind: '@group',
      title: 'Simulation Processing',
      color: 'indigo',
      shape: 'rectangle',
      children: [
        'preprocessing',
        'feature2Building',
        'precomputeBoundary',
        'zone5R1C',
        'resultsAggregation',
      ],
      inEdges: [
        'tre3xf',
        '1xbu6pw',
      ],
      outEdges: [
        '19p0ooy',
        'wuc2n8',
        '11a0xko',
        '89w0pi',
        '1a44f7w',
      ],
      level: 0,
      depth: 1,
      tags: [],
      style: {
        border: 'solid',
        opacity: 10,
      },
      x: 369,
      y: 228,
      width: 2275,
      height: 237,
      labelBBox: {
        x: 6,
        y: -1,
        width: 149,
        height: 15,
      },
    },
    {
      id: 'preprocessing',
      parent: '@gr1',
      level: 1,
      children: [],
      inEdges: [
        'tre3xf',
      ],
      outEdges: [
        '1f12mie',
        '89w0pi',
      ],
      title: 'Preprocessing',
      modelRef: 'preprocessing',
      shape: 'rectangle',
      color: 'processing',
      icon: 'gcp:dataflow',
      style: {
        opacity: 15,
        size: 'sm',
      },
      description: {
        txt: 'Schema matching, geometric preprocessing, and archetype assignment',
      },
      tags: [],
      technology: 'Dataflow',
      kind: 'stage',
      x: 409,
      y: 289,
      width: 258,
      height: 135,
      labelBBox: {
        x: 34,
        y: 24,
        width: 208,
        height: 85,
      },
    },
    {
      id: 'feature2Building',
      parent: '@gr1',
      level: 1,
      children: [],
      inEdges: [
        '1f12mie',
      ],
      outEdges: [
        '1mttvcg',
        '19p0ooy',
      ],
      title: 'Feature2Building (F2B)',
      modelRef: 'feature2Building',
      shape: 'rectangle',
      color: 'processing',
      icon: 'gcp:cloud-functions',
      style: {
        border: 'solid',
        opacity: 12,
        size: 'sm',
      },
      description: {
        txt: 'Builds domain objects and archetype assignments from a preprocessed Feature',
      },
      tags: [],
      technology: 'Cloud Functions',
      kind: 'stage',
      navigateTo: 'feature2BuildingDetails',
      isCustomized: true,
      x: 787,
      y: 289,
      width: 296,
      height: 135,
      labelBBox: {
        x: 34,
        y: 24,
        width: 246,
        height: 85,
      },
    },
    {
      id: 'precomputeBoundary',
      parent: '@gr1',
      level: 1,
      children: [],
      inEdges: [
        '1mttvcg',
      ],
      outEdges: [
        '24evrf',
        'wuc2n8',
      ],
      title: 'Precompute Boundary Conditions',
      modelRef: 'precomputeBoundary',
      shape: 'rectangle',
      color: 'processing',
      icon: 'gcp:dataflow',
      style: {
        opacity: 15,
        size: 'sm',
      },
      description: {
        txt: 'Precomputes boundary conditions required by Zone5R1C',
      },
      tags: [],
      technology: 'Dataflow',
      kind: 'stage',
      x: 1224,
      y: 289,
      width: 339,
      height: 135,
      labelBBox: {
        x: 34,
        y: 31,
        width: 289,
        height: 71,
      },
    },
    {
      id: 'definitionTables',
      parent: null,
      level: 0,
      children: [],
      inEdges: [
        '19p0ooy',
      ],
      outEdges: [],
      title: 'Definition Tables',
      modelRef: 'definitionTables',
      shape: 'storage',
      color: 'gray',
      style: {
        opacity: 15,
        size: 'sm',
      },
      description: {
        txt: 'Building and Zone definitions',
      },
      tags: [],
      kind: 'system',
      navigateTo: 'definitionTablesDetails',
      isCustomized: true,
      x: 2846,
      y: 0,
      width: 240,
      height: 135,
      labelBBox: {
        x: 40,
        y: 47,
        width: 158,
        height: 39,
      },
    },
    {
      id: 'zone5R1C',
      parent: '@gr1',
      level: 1,
      children: [],
      inEdges: [
        '24evrf',
        '1xbu6pw',
      ],
      outEdges: [
        '1kjtth3',
      ],
      title: 'Zone5R1C Simulation',
      modelRef: 'zone5R1C',
      shape: 'rectangle',
      color: 'processing',
      icon: 'gcp:compute-engine',
      style: {
        opacity: 15,
        size: 'sm',
      },
      description: {
        txt: 'Simulates prepared Zone5R1C objects with weather input',
      },
      tags: [],
      technology: 'Compute Engine',
      kind: 'stage',
      x: 1808,
      y: 289,
      width: 306,
      height: 135,
      labelBBox: {
        x: 33,
        y: 31,
        width: 257,
        height: 71,
      },
    },
    {
      id: 'resultsAggregation',
      parent: '@gr1',
      level: 1,
      children: [],
      inEdges: [
        '1kjtth3',
      ],
      outEdges: [
        '11a0xko',
        '1a44f7w',
      ],
      title: 'Results Aggregation',
      modelRef: 'resultsAggregation',
      shape: 'rectangle',
      color: 'processing',
      icon: 'gcp:big-query',
      style: {
        opacity: 15,
        size: 'sm',
      },
      description: {
        txt: 'Zone, Building, and Site result aggregation',
      },
      tags: [],
      technology: 'Big Query',
      kind: 'stage',
      navigateTo: 'resultsAggregationDetails',
      isCustomized: true,
      x: 2344,
      y: 289,
      width: 260,
      height: 135,
      labelBBox: {
        x: 34,
        y: 31,
        width: 210,
        height: 71,
      },
    },
    {
      id: 'resultTables',
      parent: null,
      level: 0,
      children: [],
      inEdges: [
        'wuc2n8',
        '11a0xko',
      ],
      outEdges: [],
      title: 'Result Tables',
      modelRef: 'resultTables',
      shape: 'storage',
      color: 'gray',
      style: {
        opacity: 15,
        size: 'sm',
      },
      description: {
        txt: 'Persistent simulation-result tables',
      },
      tags: [],
      kind: 'system',
      navigateTo: 'resultTablesDetails',
      isCustomized: true,
      x: 2846,
      y: 203,
      width: 240,
      height: 135,
      labelBBox: {
        x: 28,
        y: 47,
        width: 183,
        height: 39,
      },
    },
    {
      id: 'gisTables',
      parent: null,
      level: 0,
      children: [],
      inEdges: [
        '89w0pi',
        '1a44f7w',
      ],
      outEdges: [
        '108xi45',
      ],
      title: 'GIS Tables',
      modelRef: 'gisTables',
      shape: 'storage',
      color: 'gray',
      style: {
        opacity: 15,
        size: 'sm',
      },
      description: {
        txt: 'GIS properties and selected result projections',
      },
      tags: [],
      kind: 'system',
      navigateTo: 'gisTablesDetails',
      isCustomized: true,
      x: 2846,
      y: 423,
      width: 240,
      height: 135,
      labelBBox: {
        x: 27,
        y: 40,
        width: 185,
        height: 53,
      },
    },
    {
      id: 'resultsGeojson',
      parent: null,
      level: 0,
      children: [],
      inEdges: [
        '108xi45',
      ],
      outEdges: [],
      title: 'Results GeoJSON',
      modelRef: 'resultsGeojson',
      shape: 'document',
      color: 'green',
      icon: 'gcp:cloud-storage',
      style: {
        opacity: 15,
        size: 'xs',
      },
      description: {
        txt: 'GeoJSON exported from GIS properties and GIS results',
      },
      tags: [],
      technology: 'Cloud Storage',
      kind: 'output',
      x: 2865,
      y: 636,
      width: 202,
      height: 100,
      labelBBox: {
        x: 27,
        y: 39,
        width: 159,
        height: 18,
      },
    },
  ],
  edges: [
    {
      id: '1f12mie',
      source: 'preprocessing',
      target: 'feature2Building',
      label: 'emits',
      points: [
        [
          667,
          357,
        ],
        [
          703,
          357,
        ],
        [
          740,
          357,
        ],
        [
          776,
          357,
        ],
      ],
      labelBBox: {
        x: 703,
        y: 335,
        width: 37,
        height: 18,
      },
      parent: '@gr1',
      relations: [
        '1k6p1an',
      ],
      color: 'gray',
      line: 'dashed',
      head: 'normal',
    },
    {
      id: '1mttvcg',
      source: 'feature2Building',
      target: 'precomputeBoundary',
      label: 'prepares',
      points: [
        [
          1083,
          357,
        ],
        [
          1126,
          357,
        ],
        [
          1170,
          357,
        ],
        [
          1213,
          357,
        ],
      ],
      labelBBox: {
        x: 1119,
        y: 335,
        width: 59,
        height: 18,
      },
      parent: '@gr1',
      relations: [
        '17k456f',
      ],
      color: 'gray',
      line: 'dashed',
      head: 'normal',
    },
    {
      id: '24evrf',
      source: 'precomputeBoundary',
      target: 'zone5R1C',
      label: 'boundary conditions',
      points: [
        [
          1563,
          357,
        ],
        [
          1641,
          357,
        ],
        [
          1719,
          357,
        ],
        [
          1797,
          357,
        ],
      ],
      labelBBox: {
        x: 1616,
        y: 335,
        width: 129,
        height: 18,
      },
      parent: '@gr1',
      relations: [
        'gv0a98',
      ],
      color: 'gray',
      line: 'dashed',
      head: 'normal',
    },
    {
      id: '1kjtth3',
      source: 'zone5R1C',
      target: 'resultsAggregation',
      label: 'emits',
      points: [
        [
          2114,
          357,
        ],
        [
          2187,
          357,
        ],
        [
          2260,
          357,
        ],
        [
          2333,
          357,
        ],
      ],
      labelBBox: {
        x: 2205,
        y: 335,
        width: 37,
        height: 18,
      },
      parent: '@gr1',
      relations: [
        '76neav',
      ],
      color: 'gray',
      line: 'dashed',
      head: 'normal',
    },
    {
      id: 'tre3xf',
      source: 'inputs',
      target: 'preprocessing',
      label: 'feature data',
      points: [
        [
          120,
          507,
        ],
        [
          120,
          462,
        ],
        [
          120,
          416,
        ],
        [
          120,
          371,
        ],
        [
          120,
          363,
        ],
        [
          126,
          357,
        ],
        [
          134,
          357,
        ],
        [
          222,
          357,
        ],
        [
          310,
          357,
        ],
        [
          398,
          357,
        ],
      ],
      labelBBox: {
        x: 220,
        y: 335,
        width: 79,
        height: 18,
      },
      parent: null,
      relations: [
        'jbtf9r',
      ],
      color: 'gray',
      line: 'dashed',
      head: 'normal',
    },
    {
      id: '1xbu6pw',
      source: 'inputs',
      target: 'zone5R1C',
      label: 'weather input',
      points: [
        [
          240,
          575,
        ],
        [
          809,
          575,
        ],
        [
          1378,
          575,
        ],
        [
          1947,
          575,
        ],
        [
          1955,
          575,
        ],
        [
          1961,
          569,
        ],
        [
          1961,
          561,
        ],
        [
          1961,
          519,
        ],
        [
          1961,
          477,
        ],
        [
          1961,
          435,
        ],
      ],
      labelBBox: {
        x: 1057,
        y: 553,
        width: 88,
        height: 18,
      },
      parent: null,
      relations: [
        'sx67o',
      ],
      color: 'gray',
      line: 'dashed',
      head: 'normal',
    },
    {
      id: '19p0ooy',
      source: 'feature2Building',
      target: 'definitionTables',
      label: '[...]',
      points: [
        [
          935,
          289,
        ],
        [
          935,
          220,
        ],
        [
          935,
          151,
        ],
        [
          935,
          82,
        ],
        [
          935,
          74,
        ],
        [
          941,
          68,
        ],
        [
          949,
          68,
        ],
        [
          1578,
          68,
        ],
        [
          2206,
          68,
        ],
        [
          2835,
          68,
        ],
      ],
      labelBBox: {
        x: 1873,
        y: 46,
        width: 25,
        height: 18,
      },
      parent: null,
      relations: [
        'ahfobv',
        '1imblxb',
      ],
      color: 'gray',
      line: 'dashed',
      head: 'normal',
    },
    {
      id: 'wuc2n8',
      source: 'precomputeBoundary',
      target: 'resultTables',
      label: 'writes boundary results',
      points: [
        [
          1394,
          289,
        ],
        [
          1394,
          282,
        ],
        [
          1394,
          276,
        ],
        [
          1394,
          269,
        ],
        [
          1394,
          261,
        ],
        [
          1400,
          255,
        ],
        [
          1408,
          255,
        ],
        [
          1884,
          255,
        ],
        [
          2359,
          255,
        ],
        [
          2835,
          255,
        ],
      ],
      labelBBox: {
        x: 2041,
        y: 233,
        width: 148,
        height: 18,
      },
      parent: null,
      relations: [
        'gbki0b',
      ],
      color: 'gray',
      line: 'dashed',
      head: 'normal',
    },
    {
      id: '11a0xko',
      source: 'resultsAggregation',
      target: 'resultTables',
      label: 'persists',
      points: [
        [
          2604,
          314,
        ],
        [
          2681,
          314,
        ],
        [
          2758,
          314,
        ],
        [
          2835,
          314,
        ],
      ],
      labelBBox: {
        x: 2694,
        y: 292,
        width: 52,
        height: 18,
      },
      parent: null,
      relations: [
        'l9qh0',
        '6eze3p',
        'gv7jra',
      ],
      color: 'gray',
      line: 'dashed',
      head: 'normal',
    },
    {
      id: '89w0pi',
      source: 'preprocessing',
      target: 'gisTables',
      label: 'processed collection data',
      points: [
        [
          538,
          424,
        ],
        [
          538,
          442,
        ],
        [
          538,
          459,
        ],
        [
          538,
          477,
        ],
        [
          538,
          485,
        ],
        [
          544,
          491,
        ],
        [
          552,
          491,
        ],
        [
          1313,
          491,
        ],
        [
          2074,
          491,
        ],
        [
          2835,
          491,
        ],
      ],
      labelBBox: {
        x: 1606,
        y: 469,
        width: 162,
        height: 18,
      },
      parent: null,
      relations: [
        '1idjkxm',
      ],
      color: 'gray',
      line: 'dashed',
      head: 'normal',
    },
    {
      id: '1a44f7w',
      source: 'resultsAggregation',
      target: 'gisTables',
      label: 'selective GIS projection',
      points: [
        [
          2604,
          357,
        ],
        [
          2720,
          357,
        ],
        [
          2836,
          357,
        ],
        [
          2952,
          357,
        ],
        [
          2960,
          357,
        ],
        [
          2966,
          363,
        ],
        [
          2966,
          371,
        ],
        [
          2966,
          385,
        ],
        [
          2966,
          398,
        ],
        [
          2966,
          412,
        ],
      ],
      labelBBox: {
        x: 2655,
        y: 335,
        width: 151,
        height: 18,
      },
      parent: null,
      relations: [
        '1a4vm07',
      ],
      color: 'gray',
      line: 'dashed',
      head: 'normal',
    },
    {
      id: '108xi45',
      source: 'gisTables',
      target: 'resultsGeojson',
      label: '[...]',
      points: [
        [
          2966,
          558,
        ],
        [
          2966,
          580,
        ],
        [
          2966,
          603,
        ],
        [
          2966,
          625,
        ],
      ],
      labelBBox: {
        x: 2939,
        y: 583,
        width: 25,
        height: 18,
      },
      parent: null,
      relations: [
        'qzx0jj',
        '1tpjq2e',
      ],
      color: 'gray',
      line: 'dashed',
      head: 'normal',
    },
  ],
}
