{
  _type: 'element',
  tags: null,
  links: null,
  _stage: 'layouted',
  sourcePath: 'views/simulation-data-flow.c4',
  description: {
    txt: 'From GeoJSON ingestion through simulation, aggregation, persistence, and GIS export',
  },
  title: 'Simulation Stages and Data Flow',
  id: 'simulationDataFlow',
  autoLayout: {
    direction: 'LR',
    nodeSep: 55,
    rankSep: 80,
  },
  ranks: [
    {
      type: 'same',
      nodes: [
        'definitionTables',
        'resultTables',
        'gisTables',
      ],
    },
  ],
  hash: 'pW-nDAcG53QKgsBXcffFr7fg8rzzQPexDxJ2J3oPWew',
  bounds: {
    x: 0,
    y: 0,
    width: 3238,
    height: 736,
  },
  nodes: [
    {
      id: 'inputs',
      parent: null,
      level: 0,
      children: [],
      inEdges: [],
      outEdges: [
        'tre3xf',
        'e42mit',
        '1xbu6pw',
      ],
      title: 'Inputs',
      modelRef: 'inputs',
      shape: 'person',
      color: 'amber',
      style: {
        opacity: 15,
        size: 'sm',
      },
      description: {
        txt: 'External file and weather inputs',
      },
      tags: [],
      kind: 'system',
      navigateTo: 'inputsDetails',
      isCustomized: true,
      x: 0,
      y: 551,
      width: 240,
      height: 135,
      labelBBox: {
        x: 34,
        y: 47,
        width: 171,
        height: 39,
      },
    },
    {
      id: '@gr1',
      parent: null,
      kind: '@group',
      title: 'Simulation Processing',
      color: 'indigo',
      shape: 'rectangle',
      children: [
        'preprocessing',
        'feature2Building',
        'precomputeBoundary',
        'zone5R1C',
        'resultsAggregation',
      ],
      inEdges: [
        'tre3xf',
        'e42mit',
        '1xbu6pw',
      ],
      outEdges: [
        '19p0ooy',
        'wuc2n8',
        '11a0xko',
        '89w0pi',
        '1a44f7w',
      ],
      level: 0,
      depth: 1,
      tags: [],
      style: {
        border: 'solid',
        opacity: 10,
      },
      x: 369,
      y: 228,
      width: 2428,
      height: 237,
      labelBBox: {
        x: 6,
        y: -1,
        width: 149,
        height: 15,
      },
    },
    {
      id: 'preprocessing',
      parent: '@gr1',
      level: 1,
      children: [],
      inEdges: [
        'tre3xf',
      ],
      outEdges: [
        '1f12mie',
        '89w0pi',
      ],
      title: 'Preprocessing',
      modelRef: 'preprocessing',
      shape: 'rectangle',
      color: 'processing',
      icon: 'gcp:dataflow',
      style: {
        opacity: 15,
        size: 'sm',
      },
      description: {
        txt: 'Schema matching, geometric preprocessing, and archetype assignment',
      },
      tags: [],
      technology: 'Dataflow',
      kind: 'stage',
      x: 409,
      y: 289,
      width: 258,
      height: 135,
      labelBBox: {
        x: 34,
        y: 24,
        width: 208,
        height: 85,
      },
    },
    {
      id: 'feature2Building',
      parent: '@gr1',
      level: 1,
      children: [],
      inEdges: [
        '1f12mie',
      ],
      outEdges: [
        '1mttvcg',
        '19p0ooy',
      ],
      title: 'Feature2Building (F2B)',
      modelRef: 'feature2Building',
      shape: 'rectangle',
      color: 'processing',
      icon: 'gcp:cloud-functions',
      style: {
        border: 'solid',
        opacity: 12,
        size: 'sm',
      },
      description: {
        txt: 'Builds domain objects and archetype assignments from a preprocessed Feature',
      },
      tags: [],
      technology: 'Cloud Functions',
      kind: 'stage',
      navigateTo: 'feature2BuildingDetails',
      isCustomized: true,
      x: 837,
      y: 289,
      width: 296,
      height: 135,
      labelBBox: {
        x: 34,
        y: 24,
        width: 246,
        height: 85,
      },
    },
    {
      id: 'precomputeBoundary',
      parent: '@gr1',
      level: 1,
      children: [],
      inEdges: [
        '1mttvcg',
        'e42mit',
      ],
      outEdges: [
        '24evrf',
        'wuc2n8',
      ],
      title: 'Precompute Boundary Conditions',
      modelRef: 'precomputeBoundary',
      shape: 'rectangle',
      color: 'processing',
      icon: 'gcp:dataflow',
      style: {
        opacity: 15,
        size: 'sm',
      },
      description: {
        txt: 'Derives local weather, face radiation, and boundary conditions required by Zone5R1C',
      },
      tags: [],
      technology: 'Dataflow',
      kind: 'stage',
      navigateTo: 'precomputeBoundaryDetails',
      isCustomized: true,
      x: 1376,
      y: 289,
      width: 339,
      height: 135,
      labelBBox: {
        x: 34,
        y: 24,
        width: 289,
        height: 85,
      },
    },
    {
      id: 'definitionTables',
      parent: null,
      level: 0,
      children: [],
      inEdges: [
        '19p0ooy',
      ],
      outEdges: [],
      title: 'Definition Tables',
      modelRef: 'definitionTables',
      shape: 'storage',
      color: 'gray',
      style: {
        opacity: 15,
        size: 'sm',
      },
      description: {
        txt: 'Building and Zone definitions',
      },
      tags: [],
      kind: 'system',
      navigateTo: 'definitionTablesDetails',
      isCustomized: true,
      x: 2998,
      y: 0,
      width: 240,
      height: 135,
      labelBBox: {
        x: 41,
        y: 47,
        width: 158,
        height: 39,
      },
    },
    {
      id: 'zone5R1C',
      parent: '@gr1',
      level: 1,
      children: [],
      inEdges: [
        '24evrf',
        '1xbu6pw',
      ],
      outEdges: [
        '1kjtth3',
      ],
      title: 'Zone5R1C Simulation',
      modelRef: 'zone5R1C',
      shape: 'rectangle',
      color: 'processing',
      icon: 'gcp:compute-engine',
      style: {
        opacity: 15,
        size: 'sm',
      },
      description: {
        txt: 'Simulates prepared Zone5R1C objects with weather input',
      },
      tags: [],
      technology: 'Compute Engine',
      kind: 'stage',
      x: 1960,
      y: 289,
      width: 306,
      height: 135,
      labelBBox: {
        x: 34,
        y: 31,
        width: 256,
        height: 71,
      },
    },
    {
      id: 'resultsAggregation',
      parent: '@gr1',
      level: 1,
      children: [],
      inEdges: [
        '1kjtth3',
      ],
      outEdges: [
        '11a0xko',
        '1a44f7w',
      ],
      title: 'Results Aggregation',
      modelRef: 'resultsAggregation',
      shape: 'rectangle',
      color: 'processing',
      icon: 'gcp:big-query',
      style: {
        opacity: 15,
        size: 'sm',
      },
      description: {
        txt: 'Zone, Building, and Site result aggregation',
      },
      tags: [],
      technology: 'Big Query',
      kind: 'stage',
      navigateTo: 'resultsAggregationDetails',
      isCustomized: true,
      x: 2496,
      y: 289,
      width: 260,
      height: 135,
      labelBBox: {
        x: 34,
        y: 31,
        width: 211,
        height: 71,
      },
    },
    {
      id: 'resultTables',
      parent: null,
      level: 0,
      children: [],
      inEdges: [
        'wuc2n8',
        '11a0xko',
      ],
      outEdges: [],
      title: 'Result Tables',
      modelRef: 'resultTables',
      shape: 'storage',
      color: 'gray',
      style: {
        opacity: 15,
        size: 'sm',
      },
      description: {
        txt: 'Persistent simulation-result tables',
      },
      tags: [],
      kind: 'system',
      navigateTo: 'resultTablesDetails',
      isCustomized: true,
      x: 2998,
      y: 203,
      width: 240,
      height: 135,
      labelBBox: {
        x: 28,
        y: 47,
        width: 183,
        height: 39,
      },
    },
    {
      id: 'gisTables',
      parent: null,
      level: 0,
      children: [],
      inEdges: [
        '89w0pi',
        '1a44f7w',
      ],
      outEdges: [
        '108xi45',
      ],
      title: 'GIS Tables',
      modelRef: 'gisTables',
      shape: 'storage',
      color: 'gray',
      style: {
        opacity: 15,
        size: 'sm',
      },
      description: {
        txt: 'GIS properties and selected result projections',
      },
      tags: [],
      kind: 'system',
      navigateTo: 'gisTablesDetails',
      isCustomized: true,
      x: 2998,
      y: 423,
      width: 240,
      height: 135,
      labelBBox: {
        x: 27,
        y: 40,
        width: 185,
        height: 53,
      },
    },
    {
      id: 'resultsGeojson',
      parent: null,
      level: 0,
      children: [],
      inEdges: [
        '108xi45',
      ],
      outEdges: [],
      title: 'Results GeoJSON',
      modelRef: 'resultsGeojson',
      shape: 'document',
      color: 'green',
      icon: 'gcp:cloud-storage',
      style: {
        opacity: 15,
        size: 'xs',
      },
      description: {
        txt: 'GeoJSON exported from GIS properties and GIS results',
      },
      tags: [],
      technology: 'Cloud Storage',
      kind: 'output',
      x: 3017,
      y: 636,
      width: 202,
      height: 100,
      labelBBox: {
        x: 28,
        y: 39,
        width: 158,
        height: 18,
      },
    },
  ],
  edges: [
    {
      id: '1f12mie',
      source: 'preprocessing',
      target: 'feature2Building',
      label: 'emits',
      points: [
        [
          667,
          357,
        ],
        [
          720,
          357,
        ],
        [
          773,
          357,
        ],
        [
          826,
          357,
        ],
      ],
      labelBBox: {
        x: 728,
        y: 335,
        width: 37,
        height: 18,
      },
      parent: '@gr1',
      relations: [
        '1k6p1an',
      ],
      color: 'gray',
      line: 'dashed',
      head: 'normal',
    },
    {
      id: '1mttvcg',
      source: 'feature2Building',
      target: 'precomputeBoundary',
      label: 'zone geometry + location',
      points: [
        [
          1133,
          357,
        ],
        [
          1210,
          357,
        ],
        [
          1288,
          357,
        ],
        [
          1365,
          357,
        ],
      ],
      labelBBox: {
        x: 1169,
        y: 335,
        width: 161,
        height: 18,
      },
      parent: '@gr1',
      relations: [
        'of4gto',
      ],
      color: 'gray',
      line: 'dashed',
      head: 'normal',
    },
    {
      id: '24evrf',
      source: 'precomputeBoundary',
      target: 'zone5R1C',
      label: 'boundary conditions',
      points: [
        [
          1715,
          357,
        ],
        [
          1793,
          357,
        ],
        [
          1871,
          357,
        ],
        [
          1949,
          357,
        ],
      ],
      labelBBox: {
        x: 1768,
        y: 335,
        width: 129,
        height: 18,
      },
      parent: '@gr1',
      relations: [
        'ssw3bu',
      ],
      color: 'gray',
      line: 'dashed',
      head: 'normal',
    },
    {
      id: '1kjtth3',
      source: 'zone5R1C',
      target: 'resultsAggregation',
      label: 'emits',
      points: [
        [
          2266,
          357,
        ],
        [
          2339,
          357,
        ],
        [
          2412,
          357,
        ],
        [
          2485,
          357,
        ],
      ],
      labelBBox: {
        x: 2357,
        y: 335,
        width: 37,
        height: 18,
      },
      parent: '@gr1',
      relations: [
        '1yq2hbg',
      ],
      color: 'gray',
      line: 'dashed',
      head: 'normal',
    },
    {
      id: 'tre3xf',
      source: 'inputs',
      target: 'preprocessing',
      label: 'feature data',
      points: [
        [
          120,
          551,
        ],
        [
          120,
          491,
        ],
        [
          120,
          431,
        ],
        [
          120,
          371,
        ],
        [
          120,
          363,
        ],
        [
          126,
          357,
        ],
        [
          134,
          357,
        ],
        [
          222,
          357,
        ],
        [
          310,
          357,
        ],
        [
          398,
          357,
        ],
      ],
      labelBBox: {
        x: 220,
        y: 335,
        width: 79,
        height: 18,
      },
      parent: null,
      relations: [
        'jbtf9r',
      ],
      color: 'gray',
      line: 'dashed',
      head: 'normal',
    },
    {
      id: 'e42mit',
      source: 'inputs',
      target: 'precomputeBoundary',
      label: 'weather input',
      points: [
        [
          240,
          619,
        ],
        [
          671,
          619,
        ],
        [
          1101,
          619,
        ],
        [
          1532,
          619,
        ],
        [
          1540,
          619,
        ],
        [
          1546,
          613,
        ],
        [
          1546,
          605,
        ],
        [
          1546,
          548,
        ],
        [
          1546,
          492,
        ],
        [
          1546,
          435,
        ],
      ],
      labelBBox: {
        x: 849,
        y: 597,
        width: 88,
        height: 18,
      },
      parent: null,
      relations: [
        '6yeylq',
        '1bk85x2',
      ],
      color: 'gray',
      line: 'dashed',
      head: 'normal',
    },
    {
      id: '1xbu6pw',
      source: 'inputs',
      target: 'zone5R1C',
      label: 'weather input',
      points: [
        [
          240,
          651,
        ],
        [
          860,
          651,
        ],
        [
          1479,
          651,
        ],
        [
          2099,
          651,
        ],
        [
          2107,
          651,
        ],
        [
          2113,
          645,
        ],
        [
          2113,
          637,
        ],
        [
          2113,
          570,
        ],
        [
          2113,
          502,
        ],
        [
          2113,
          435,
        ],
      ],
      labelBBox: {
        x: 1133,
        y: 629,
        width: 88,
        height: 18,
      },
      parent: null,
      relations: [
        'n000ca',
      ],
      color: 'gray',
      line: 'dashed',
      head: 'normal',
    },
    {
      id: '19p0ooy',
      source: 'feature2Building',
      target: 'definitionTables',
      label: '[...]',
      points: [
        [
          985,
          289,
        ],
        [
          985,
          220,
        ],
        [
          985,
          151,
        ],
        [
          985,
          82,
        ],
        [
          985,
          74,
        ],
        [
          991,
          68,
        ],
        [
          999,
          68,
        ],
        [
          1662,
          68,
        ],
        [
          2324,
          68,
        ],
        [
          2987,
          68,
        ],
      ],
      labelBBox: {
        x: 1974,
        y: 46,
        width: 25,
        height: 18,
      },
      parent: null,
      relations: [
        'ahfobv',
        '1imblxb',
      ],
      color: 'gray',
      line: 'dashed',
      head: 'normal',
    },
    {
      id: 'wuc2n8',
      source: 'precomputeBoundary',
      target: 'resultTables',
      label: 'writes boundary results',
      points: [
        [
          1546,
          289,
        ],
        [
          1546,
          282,
        ],
        [
          1546,
          276,
        ],
        [
          1546,
          269,
        ],
        [
          1546,
          261,
        ],
        [
          1552,
          255,
        ],
        [
          1560,
          255,
        ],
        [
          2036,
          255,
        ],
        [
          2511,
          255,
        ],
        [
          2987,
          255,
        ],
      ],
      labelBBox: {
        x: 2193,
        y: 233,
        width: 148,
        height: 18,
      },
      parent: null,
      relations: [
        '3zwnpf',
      ],
      color: 'gray',
      line: 'dashed',
      head: 'normal',
    },
    {
      id: '11a0xko',
      source: 'resultsAggregation',
      target: 'resultTables',
      label: 'persists',
      points: [
        [
          2756,
          314,
        ],
        [
          2833,
          314,
        ],
        [
          2910,
          314,
        ],
        [
          2987,
          314,
        ],
      ],
      labelBBox: {
        x: 2846,
        y: 292,
        width: 52,
        height: 18,
      },
      parent: null,
      relations: [
        'j9yp3',
        'i4fr5s',
        'vyvdy9',
      ],
      color: 'gray',
      line: 'dashed',
      head: 'normal',
    },
    {
      id: '89w0pi',
      source: 'preprocessing',
      target: 'gisTables',
      label: 'processed collection data',
      points: [
        [
          538,
          424,
        ],
        [
          538,
          442,
        ],
        [
          538,
          459,
        ],
        [
          538,
          477,
        ],
        [
          538,
          485,
        ],
        [
          544,
          491,
        ],
        [
          552,
          491,
        ],
        [
          1364,
          491,
        ],
        [
          2175,
          491,
        ],
        [
          2987,
          491,
        ],
      ],
      labelBBox: {
        x: 1682,
        y: 469,
        width: 162,
        height: 18,
      },
      parent: null,
      relations: [
        '1idjkxm',
      ],
      color: 'gray',
      line: 'dashed',
      head: 'normal',
    },
    {
      id: '1a44f7w',
      source: 'resultsAggregation',
      target: 'gisTables',
      label: 'selective GIS projection',
      points: [
        [
          2756,
          357,
        ],
        [
          2872,
          357,
        ],
        [
          2988,
          357,
        ],
        [
          3104,
          357,
        ],
        [
          3112,
          357,
        ],
        [
          3118,
          363,
        ],
        [
          3118,
          371,
        ],
        [
          3118,
          385,
        ],
        [
          3118,
          398,
        ],
        [
          3118,
          412,
        ],
      ],
      labelBBox: {
        x: 2807,
        y: 335,
        width: 151,
        height: 18,
      },
      parent: null,
      relations: [
        '1bw5yte',
      ],
      color: 'gray',
      line: 'dashed',
      head: 'normal',
    },
    {
      id: '108xi45',
      source: 'gisTables',
      target: 'resultsGeojson',
      label: '[...]',
      points: [
        [
          3118,
          558,
        ],
        [
          3118,
          580,
        ],
        [
          3118,
          603,
        ],
        [
          3118,
          625,
        ],
      ],
      labelBBox: {
        x: 3091,
        y: 583,
        width: 25,
        height: 18,
      },
      parent: null,
      relations: [
        'r240l8',
        '1wc5t4r',
      ],
      color: 'gray',
      line: 'dashed',
      head: 'normal',
    },
  ],
}
