{
  _type: 'element',
  tags: null,
  links: null,
  viewOf: 'simulation',
  _stage: 'layouted',
  sourcePath: 'views/simulation-data-flow.c4',
  description: null,
  title: 'Simulation',
  id: 'simulationDetails',
  autoLayout: {
    direction: 'LR',
    nodeSep: 55,
    rankSep: 80,
  },
  hash: 'ockY18gLnPv0W9_gcuDPwiLUJlAtRPK5BfU559Ow65M',
  bounds: {
    x: 0,
    y: 0,
    width: 2436,
    height: 554,
  },
  nodes: [
    {
      id: 'inputs',
      parent: null,
      level: 0,
      children: [],
      inEdges: [],
      outEdges: [
        '8pmq8o',
        'u3p0pl',
      ],
      title: 'Inputs',
      modelRef: 'inputs',
      shape: 'person',
      color: 'amber',
      icon: 'gcp:user-preferences',
      style: {
        opacity: 15,
        size: 'sm',
      },
      description: {
        txt: 'External file and weather inputs',
      },
      tags: [],
      technology: 'User Preferences',
      kind: 'system',
      navigateTo: 'inputsDetails',
      x: 14,
      y: 219,
      width: 267,
      height: 135,
      labelBBox: {
        x: 34,
        y: 38,
        width: 218,
        height: 57,
      },
    },
    {
      id: 'feature2Building',
      parent: null,
      level: 0,
      children: [],
      inEdges: [],
      outEdges: [
        '14l3z65',
        'r6dpn5',
      ],
      title: 'Feature2Building (F2B)',
      modelRef: 'feature2Building',
      shape: 'rectangle',
      color: 'processing',
      icon: 'gcp:cloud-functions',
      style: {
        border: 'solid',
        opacity: 12,
        size: 'sm',
      },
      description: {
        txt: 'Builds domain objects and archetype assignments from a preprocessed Feature',
      },
      tags: [],
      technology: 'Cloud Functions',
      kind: 'stage',
      navigateTo: 'feature2BuildingDetails',
      x: 0,
      y: 419,
      width: 296,
      height: 135,
      labelBBox: {
        x: 34,
        y: 24,
        width: 246,
        height: 85,
      },
    },
    {
      id: 'simulation',
      parent: null,
      level: 0,
      children: [
        'simulation.precomputeBoundary',
        'simulation.zone5R1C',
        'simulation.resultsAggregation',
      ],
      inEdges: [
        '8pmq8o',
        'u3p0pl',
        '14l3z65',
        'r6dpn5',
      ],
      outEdges: [
        'tg83d',
        '1rcpoyt',
        '316usx',
      ],
      title: 'Simulation',
      modelRef: 'simulation',
      shape: 'rectangle',
      color: 'processing',
      icon: 'gcp:compute-engine',
      style: {
        opacity: 15,
        size: 'sm',
      },
      description: {
        txt: 'Boundary-condition preparation, Zone5R1C execution, and result aggregation',
      },
      tags: [],
      technology: 'Compute Engine',
      kind: 'stage',
      depth: 1,
      x: 507,
      y: 90,
      width: 1447,
      height: 237,
      labelBBox: {
        x: 6,
        y: -1,
        width: 72,
        height: 15,
      },
    },
    {
      id: 'simulation.precomputeBoundary',
      parent: 'simulation',
      level: 1,
      children: [],
      inEdges: [
        '8pmq8o',
        '14l3z65',
      ],
      outEdges: [
        '1xs97uz',
        'tg83d',
      ],
      title: 'Precompute Boundary Conditions',
      modelRef: 'simulation.precomputeBoundary',
      shape: 'rectangle',
      color: 'processing',
      icon: 'gcp:dataflow',
      style: {
        opacity: 15,
        size: 'sm',
      },
      description: {
        txt: 'Derives local weather, face radiation, and boundary conditions required by Zone5R1C',
      },
      tags: [],
      technology: 'Dataflow',
      kind: 'stage',
      navigateTo: 'precomputeBoundaryDetails',
      isCustomized: true,
      x: 547,
      y: 151,
      width: 339,
      height: 135,
      labelBBox: {
        x: 34,
        y: 24,
        width: 289,
        height: 85,
      },
    },
    {
      id: 'simulation.zone5R1C',
      parent: 'simulation',
      level: 1,
      children: [],
      inEdges: [
        'u3p0pl',
        '1xs97uz',
      ],
      outEdges: [
        '4c1ufr',
      ],
      title: 'Zone5R1C Simulation',
      modelRef: 'simulation.zone5R1C',
      shape: 'rectangle',
      color: 'processing',
      icon: 'gcp:compute-engine',
      style: {
        opacity: 15,
        size: 'sm',
      },
      description: {
        txt: 'Simulates prepared Zone5R1C objects with weather input',
      },
      tags: [],
      technology: 'Compute Engine',
      kind: 'stage',
      x: 1117,
      y: 151,
      width: 306,
      height: 135,
      labelBBox: {
        x: 34,
        y: 31,
        width: 256,
        height: 71,
      },
    },
    {
      id: 'simulation.resultsAggregation',
      parent: 'simulation',
      level: 1,
      children: [],
      inEdges: [
        'r6dpn5',
        '4c1ufr',
      ],
      outEdges: [
        '1rcpoyt',
        '316usx',
      ],
      title: 'Results Aggregation',
      modelRef: 'simulation.resultsAggregation',
      shape: 'rectangle',
      color: 'processing',
      icon: 'gcp:big-query',
      style: {
        opacity: 15,
        size: 'sm',
      },
      description: {
        txt: 'Zone, Building, and Site result aggregation',
      },
      tags: [],
      technology: 'Big Query',
      kind: 'stage',
      navigateTo: 'resultsAggregationDetails',
      isCustomized: true,
      x: 1653,
      y: 151,
      width: 260,
      height: 135,
      labelBBox: {
        x: 34,
        y: 31,
        width: 210,
        height: 71,
      },
    },
    {
      id: 'resultTables',
      parent: null,
      level: 0,
      children: [],
      inEdges: [
        'tg83d',
        '1rcpoyt',
      ],
      outEdges: [],
      title: 'Result Tables',
      modelRef: 'resultTables',
      shape: 'storage',
      color: 'gray',
      icon: 'gcp:big-query',
      style: {
        opacity: 15,
        size: 'sm',
      },
      description: {
        txt: 'Persistent simulation-result tables',
      },
      tags: [],
      technology: 'Big Query',
      kind: 'system',
      navigateTo: 'resultTablesDetails',
      x: 2155,
      y: 0,
      width: 279,
      height: 135,
      labelBBox: {
        x: 35,
        y: 38,
        width: 229,
        height: 57,
      },
    },
    {
      id: 'gisTables',
      parent: null,
      level: 0,
      children: [],
      inEdges: [
        '316usx',
      ],
      outEdges: [],
      title: 'GIS Tables',
      modelRef: 'gisTables',
      shape: 'storage',
      color: 'gray',
      icon: 'gcp:google-maps-platform',
      style: {
        opacity: 15,
        size: 'sm',
      },
      description: {
        txt: 'GIS properties and selected result projections',
      },
      tags: [],
      technology: 'Google Maps Platform',
      kind: 'system',
      navigateTo: 'gisTablesDetails',
      x: 2154,
      y: 190,
      width: 281,
      height: 135,
      labelBBox: {
        x: 35,
        y: 31,
        width: 231,
        height: 71,
      },
    },
  ],
  edges: [
    {
      id: '8pmq8o',
      source: 'inputs',
      target: 'simulation.precomputeBoundary',
      label: 'weather input',
      points: [
        [
          281,
          253,
        ],
        [
          366,
          253,
        ],
        [
          451,
          253,
        ],
        [
          536,
          253,
        ],
      ],
      labelBBox: {
        x: 365,
        y: 231,
        width: 88,
        height: 18,
      },
      parent: null,
      relations: [
        '6jpqgv',
        'anicq1',
      ],
      color: 'gray',
      line: 'dashed',
      head: 'normal',
    },
    {
      id: 'u3p0pl',
      source: 'inputs',
      target: 'simulation.zone5R1C',
      label: 'weather input',
      points: [
        [
          281,
          319,
        ],
        [
          607,
          319,
        ],
        [
          933,
          319,
        ],
        [
          1259,
          319,
        ],
        [
          1265,
          319,
        ],
        [
          1270,
          314,
        ],
        [
          1270,
          308,
        ],
        [
          1270,
          304,
        ],
        [
          1270,
          301,
        ],
        [
          1270,
          297,
        ],
      ],
      labelBBox: {
        x: 732,
        y: 297,
        width: 88,
        height: 18,
      },
      parent: null,
      relations: [
        'argb2k',
      ],
      color: 'gray',
      line: 'dashed',
      head: 'normal',
    },
    {
      id: '14l3z65',
      source: 'feature2Building',
      target: 'simulation.precomputeBoundary',
      label: 'zone geometry + location',
      points: [
        [
          296,
          487,
        ],
        [
          432,
          487,
        ],
        [
          567,
          487,
        ],
        [
          703,
          487,
        ],
        [
          711,
          487,
        ],
        [
          717,
          481,
        ],
        [
          717,
          473,
        ],
        [
          717,
          414,
        ],
        [
          717,
          356,
        ],
        [
          717,
          297,
        ],
      ],
      labelBBox: {
        x: 426,
        y: 465,
        width: 161,
        height: 18,
      },
      parent: null,
      relations: [
        'ssl67r',
      ],
      color: 'gray',
      line: 'dashed',
      head: 'normal',
    },
    {
      id: 'r6dpn5',
      source: 'feature2Building',
      target: 'simulation.resultsAggregation',
      label: 'supplies External loads',
      points: [
        [
          296,
          519,
        ],
        [
          787,
          519,
        ],
        [
          1278,
          519,
        ],
        [
          1769,
          519,
        ],
        [
          1777,
          519,
        ],
        [
          1783,
          513,
        ],
        [
          1783,
          505,
        ],
        [
          1783,
          436,
        ],
        [
          1783,
          366,
        ],
        [
          1783,
          297,
        ],
      ],
      labelBBox: {
        x: 966,
        y: 497,
        width: 148,
        height: 18,
      },
      parent: null,
      relations: [
        '1soz0iq',
      ],
      color: 'gray',
      line: 'dashed',
      head: 'normal',
    },
    {
      id: '1xs97uz',
      source: 'simulation.precomputeBoundary',
      target: 'simulation.zone5R1C',
      label: 'boundary conditions',
      points: [
        [
          886,
          219,
        ],
        [
          959,
          219,
        ],
        [
          1033,
          219,
        ],
        [
          1106,
          219,
        ],
      ],
      labelBBox: {
        x: 932,
        y: 197,
        width: 129,
        height: 18,
      },
      parent: 'simulation',
      relations: [
        '2cg7a0',
      ],
      color: 'gray',
      line: 'dashed',
      head: 'normal',
    },
    {
      id: '4c1ufr',
      source: 'simulation.zone5R1C',
      target: 'simulation.resultsAggregation',
      label: 'emits',
      points: [
        [
          1423,
          219,
        ],
        [
          1496,
          219,
        ],
        [
          1569,
          219,
        ],
        [
          1642,
          219,
        ],
      ],
      labelBBox: {
        x: 1514,
        y: 197,
        width: 37,
        height: 18,
      },
      parent: 'simulation',
      relations: [
        'ow5nzg',
      ],
      color: 'gray',
      line: 'dashed',
      head: 'normal',
    },
    {
      id: 'tg83d',
      source: 'simulation.precomputeBoundary',
      target: 'resultTables',
      label: 'writes boundary results',
      points: [
        [
          717,
          151,
        ],
        [
          717,
          128,
        ],
        [
          717,
          105,
        ],
        [
          717,
          82,
        ],
        [
          717,
          74,
        ],
        [
          723,
          68,
        ],
        [
          731,
          68,
        ],
        [
          1202,
          68,
        ],
        [
          1673,
          68,
        ],
        [
          2144,
          68,
        ],
      ],
      labelBBox: {
        x: 1357,
        y: 46,
        width: 148,
        height: 18,
      },
      parent: null,
      relations: [
        'tkoni6',
      ],
      color: 'gray',
      line: 'dashed',
      head: 'normal',
    },
    {
      id: '1rcpoyt',
      source: 'simulation.resultsAggregation',
      target: 'resultTables',
      label: 'persists',
      points: [
        [
          1783,
          151,
        ],
        [
          1783,
          139,
        ],
        [
          1783,
          126,
        ],
        [
          1783,
          114,
        ],
        [
          1783,
          106,
        ],
        [
          1789,
          100,
        ],
        [
          1797,
          100,
        ],
        [
          1913,
          100,
        ],
        [
          2028,
          100,
        ],
        [
          2144,
          100,
        ],
      ],
      labelBBox: {
        x: 1938,
        y: 78,
        width: 52,
        height: 18,
      },
      parent: null,
      relations: [
        '18f4o9o',
        '1yfx4il',
        'xk134u',
      ],
      color: 'gray',
      line: 'dashed',
      head: 'normal',
    },
    {
      id: '316usx',
      source: 'simulation.resultsAggregation',
      target: 'gisTables',
      label: 'selective GIS projection',
      points: [
        [
          1913,
          238,
        ],
        [
          1990,
          238,
        ],
        [
          2066,
          238,
        ],
        [
          2143,
          238,
        ],
      ],
      labelBBox: {
        x: 1953,
        y: 216,
        width: 151,
        height: 18,
      },
      parent: null,
      relations: [
        '111xg8r',
      ],
      color: 'gray',
      line: 'dashed',
      head: 'normal',
    },
  ],
}
