{
  _type: 'element',
  tags: null,
  links: null,
  viewOf: 'feature2Building.zones',
  _stage: 'layouted',
  sourcePath: 'views/simulation-data-flow.c4',
  description: null,
  title: 'Zones',
  id: 'zonesDetails',
  autoLayout: {
    direction: 'LR',
    nodeSep: 55,
    rankSep: 80,
  },
  hash: 'k3udkUBg4Wb7AuOA7Zz7dwV9_tCs95Ugk5JVPsxcthU',
  bounds: {
    x: 0,
    y: 0,
    width: 944,
    height: 664,
  },
  nodes: [
    {
      id: 'feature2Building.constructionArchetype',
      parent: null,
      level: 0,
      children: [],
      inEdges: [],
      outEdges: [
        '34vgfm',
        'kz0fz4',
      ],
      title: 'Construction Archetype',
      modelRef: 'feature2Building.constructionArchetype',
      shape: 'rectangle',
      color: 'domain',
      style: {
        opacity: 15,
        size: 'xs',
      },
      description: {
        txt: 'Construction properties assigned to ZoneConstruction and Faces',
      },
      tags: [],
      kind: 'domainObject',
      x: 0,
      y: 0,
      width: 180,
      height: 100,
      labelBBox: {
        x: 15,
        y: 40,
        width: 150,
        height: 18,
      },
    },
    {
      id: 'feature2Building.systemsArchetype',
      parent: null,
      level: 0,
      children: [],
      inEdges: [],
      outEdges: [
        '11qrx4c',
      ],
      title: 'Systems Archetype',
      modelRef: 'feature2Building.systemsArchetype',
      shape: 'rectangle',
      color: 'domain',
      style: {
        opacity: 15,
        size: 'xs',
      },
      description: {
        txt: 'Conditioning-system properties assigned to per-Zone Systems',
      },
      tags: [],
      kind: 'domainObject',
      x: 0,
      y: 361,
      width: 180,
      height: 100,
      labelBBox: {
        x: 28,
        y: 40,
        width: 125,
        height: 18,
      },
    },
    {
      id: 'feature2Building.energyLoadsArchetype',
      parent: null,
      level: 0,
      children: [],
      inEdges: [],
      outEdges: [
        '2z02jw',
      ],
      title: 'Energy Loads Archetype',
      modelRef: 'feature2Building.energyLoadsArchetype',
      shape: 'rectangle',
      color: 'domain',
      style: {
        opacity: 15,
        size: 'xs',
      },
      description: {
        txt: 'Energy-load schedules assigned to per-Zone Energy Loads',
      },
      tags: [],
      kind: 'domainObject',
      x: 0,
      y: 516,
      width: 180,
      height: 100,
      labelBBox: {
        x: 11,
        y: 40,
        width: 157,
        height: 18,
      },
    },
    {
      id: 'feature2Building.zones',
      parent: null,
      level: 0,
      children: [
        'feature2Building.zones.zoneConstruction',
        'feature2Building.zones.systems',
        'feature2Building.zones.energyLoads',
      ],
      inEdges: [
        '34vgfm',
        '11qrx4c',
        '2z02jw',
      ],
      outEdges: [
        'wg229h',
      ],
      title: 'Zones',
      modelRef: 'feature2Building.zones',
      shape: 'rectangle',
      color: 'domain',
      style: {
        opacity: 15,
        size: 'xs',
        multiple: true,
      },
      description: {
        txt: 'Multiple simulation zones owned by a Building, each with construction, systems, and energy-load components',
      },
      tags: [],
      kind: 'domainObject',
      depth: 1,
      x: 455,
      y: 145,
      width: 260,
      height: 511,
      labelBBox: {
        x: 6,
        y: 0,
        width: 42,
        height: 15,
      },
    },
    {
      id: 'feature2Building.zones.zoneConstruction',
      parent: 'feature2Building.zones',
      level: 1,
      children: [],
      inEdges: [
        '34vgfm',
      ],
      outEdges: [],
      title: 'ZoneConstruction',
      modelRef: 'feature2Building.zones.zoneConstruction',
      shape: 'rectangle',
      color: 'domain',
      style: {
        opacity: 15,
        size: 'xs',
      },
      description: {
        txt: 'Thermal Mass and Infiltration Rate assigned to a Zone',
      },
      tags: [],
      kind: 'domainObject',
      x: 495,
      y: 206,
      width: 180,
      height: 100,
      labelBBox: {
        x: 32,
        y: 40,
        width: 115,
        height: 18,
      },
    },
    {
      id: 'feature2Building.zones.systems',
      parent: 'feature2Building.zones',
      level: 1,
      children: [],
      inEdges: [
        '11qrx4c',
      ],
      outEdges: [],
      title: 'Systems',
      modelRef: 'feature2Building.zones.systems',
      shape: 'rectangle',
      color: 'domain',
      style: {
        opacity: 15,
        size: 'xs',
      },
      description: {
        txt: 'Conditioning systems assigned to a Zone',
      },
      tags: [],
      kind: 'domainObject',
      x: 495,
      y: 361,
      width: 180,
      height: 100,
      labelBBox: {
        x: 61,
        y: 40,
        width: 58,
        height: 18,
      },
    },
    {
      id: 'feature2Building.zones.energyLoads',
      parent: 'feature2Building.zones',
      level: 1,
      children: [],
      inEdges: [
        '2z02jw',
      ],
      outEdges: [],
      title: 'Energy Loads',
      modelRef: 'feature2Building.zones.energyLoads',
      shape: 'rectangle',
      color: 'domain',
      style: {
        opacity: 15,
        size: 'xs',
      },
      description: {
        txt: 'Energy-load schedules assigned to a Zone',
      },
      tags: [],
      kind: 'domainObject',
      x: 495,
      y: 516,
      width: 180,
      height: 100,
      labelBBox: {
        x: 44,
        y: 40,
        width: 90,
        height: 18,
      },
    },
    {
      id: 'feature2Building.faces',
      parent: null,
      level: 0,
      children: [],
      inEdges: [
        'kz0fz4',
        'wg229h',
      ],
      outEdges: [],
      title: 'Faces',
      modelRef: 'feature2Building.faces',
      shape: 'rectangle',
      color: 'domain',
      style: {
        opacity: 15,
        size: 'xs',
        multiple: true,
      },
      description: {
        txt: 'Multiple geometric faces owned by Zones',
      },
      tags: [],
      kind: 'domainObject',
      navigateTo: 'facesDetails',
      isCustomized: true,
      x: 764,
      y: 0,
      width: 180,
      height: 100,
      labelBBox: {
        x: 69,
        y: 40,
        width: 42,
        height: 18,
      },
    },
  ],
  edges: [
    {
      id: '34vgfm',
      source: 'feature2Building.constructionArchetype',
      target: 'feature2Building.zones.zoneConstruction',
      label: 'supplies Thermal Mass + Infiltration \nRate',
      points: [
        [
          180,
          50,
        ],
        [
          310,
          50,
        ],
        [
          441,
          50,
        ],
        [
          571,
          50,
        ],
        [
          579,
          50,
        ],
        [
          585,
          56,
        ],
        [
          585,
          64,
        ],
        [
          585,
          108,
        ],
        [
          585,
          151,
        ],
        [
          585,
          195,
        ],
      ],
      labelBBox: {
        x: 270,
        y: 28,
        width: 225,
        height: 35,
      },
      parent: null,
      relations: [
        '1gm2kzj',
      ],
      color: 'gray',
      line: 'dashed',
      head: 'normal',
    },
    {
      id: '11qrx4c',
      source: 'feature2Building.systemsArchetype',
      target: 'feature2Building.zones.systems',
      label: 'supplies conditioning systems',
      points: [
        [
          180,
          411,
        ],
        [
          281,
          411,
        ],
        [
          383,
          411,
        ],
        [
          484,
          411,
        ],
      ],
      labelBBox: {
        x: 238,
        y: 389,
        width: 189,
        height: 18,
      },
      parent: null,
      relations: [
        'f0hrhj',
      ],
      color: 'gray',
      line: 'dashed',
      head: 'normal',
    },
    {
      id: '2z02jw',
      source: 'feature2Building.energyLoadsArchetype',
      target: 'feature2Building.zones.energyLoads',
      label: 'supplies schedules',
      points: [
        [
          180,
          566,
        ],
        [
          281,
          566,
        ],
        [
          383,
          566,
        ],
        [
          484,
          566,
        ],
      ],
      labelBBox: {
        x: 271,
        y: 544,
        width: 122,
        height: 18,
      },
      parent: null,
      relations: [
        'e9o5ms',
      ],
      color: 'gray',
      line: 'dashed',
      head: 'normal',
    },
    {
      id: 'kz0fz4',
      source: 'feature2Building.constructionArchetype',
      target: 'feature2Building.faces',
      label: 'supplies U Value + WWR',
      points: [
        [
          180,
          34,
        ],
        [
          371,
          34,
        ],
        [
          562,
          34,
        ],
        [
          753,
          34,
        ],
      ],
      labelBBox: {
        x: 529,
        y: 12,
        width: 162,
        height: 18,
      },
      parent: null,
      relations: [
        '1r218kh',
      ],
      color: 'gray',
      line: 'dashed',
      head: 'normal',
    },
    {
      id: 'wg229h',
      source: 'feature2Building.zones',
      target: 'feature2Building.faces',
      label: 'owns',
      points: [
        [
          601,
          145,
        ],
        [
          601,
          118,
        ],
        [
          601,
          91,
        ],
        [
          601,
          64,
        ],
        [
          601,
          56,
        ],
        [
          607,
          50,
        ],
        [
          615,
          50,
        ],
        [
          661,
          50,
        ],
        [
          707,
          50,
        ],
        [
          753,
          50,
        ],
      ],
      labelBBox: {
        x: 697,
        y: 28,
        width: 37,
        height: 18,
      },
      parent: null,
      relations: [
        '1j98crd',
      ],
      color: 'gray',
      line: 'dashed',
      head: 'normal',
    },
  ],
}
